Component: ARM Compiler 5.06 update 6 (build 750) Tool: armlink [4d35ed]

==============================================================================

Section Cross References

    startup_stm32f103xb.o(RESET) refers to startup_stm32f103xb.o(STACK) for __initial_sp
    startup_stm32f103xb.o(RESET) refers to startup_stm32f103xb.o(.text) for Reset_Handler
    startup_stm32f103xb.o(RESET) refers to stm32f1xx_it.o(i.NMI_Handler) for NMI_Handler
    startup_stm32f103xb.o(RESET) refers to stm32f1xx_it.o(i.HardFault_Handler) for HardFault_Handler
    startup_stm32f103xb.o(RESET) refers to stm32f1xx_it.o(i.MemManage_Handler) for MemManage_Handler
    startup_stm32f103xb.o(RESET) refers to stm32f1xx_it.o(i.BusFault_Handler) for BusFault_Handler
    startup_stm32f103xb.o(RESET) refers to stm32f1xx_it.o(i.UsageFault_Handler) for UsageFault_Handler
    startup_stm32f103xb.o(RESET) refers to stm32f1xx_it.o(i.SVC_Handler) for SVC_Handler
    startup_stm32f103xb.o(RESET) refers to stm32f1xx_it.o(i.DebugMon_Handler) for DebugMon_Handler
    startup_stm32f103xb.o(RESET) refers to stm32f1xx_it.o(i.PendSV_Handler) for PendSV_Handler
    startup_stm32f103xb.o(RESET) refers to stm32f1xx_it.o(i.SysTick_Handler) for SysTick_Handler
    startup_stm32f103xb.o(RESET) refers to stm32f1xx_it.o(i.EXTI4_IRQHandler) for EXTI4_IRQHandler
    startup_stm32f103xb.o(RESET) refers to stm32f1xx_it.o(i.ADC1_2_IRQHandler) for ADC1_2_IRQHandler
    startup_stm32f103xb.o(RESET) refers to stm32f1xx_it.o(i.TIM4_IRQHandler) for TIM4_IRQHandler
    startup_stm32f103xb.o(.text) refers to system_stm32f1xx.o(i.SystemInit) for SystemInit
    startup_stm32f103xb.o(.text) refers to entry.o(.ARM.Collect$$$$00000000) for __main
    ili9341_gfx.o(i.ILI9341_Draw_Char) refers to ili9341_stm32_driver.o(i.ILI9341_Draw_Rectangle) for ILI9341_Draw_Rectangle
    ili9341_gfx.o(i.ILI9341_Draw_Char) refers to ili9341_stm32_driver.o(i.ILI9341_Draw_Pixel) for ILI9341_Draw_Pixel
    ili9341_gfx.o(i.ILI9341_Draw_Char) refers to ili9341_gfx.o(.constdata) for .constdata
    ili9341_gfx.o(i.ILI9341_Draw_Filled_Circle) refers to ili9341_stm32_driver.o(i.ILI9341_Draw_Pixel) for ILI9341_Draw_Pixel
    ili9341_gfx.o(i.ILI9341_Draw_Filled_Rectangle_Coord) refers to ili9341_stm32_driver.o(i.ILI9341_Draw_Rectangle) for ILI9341_Draw_Rectangle
    ili9341_gfx.o(i.ILI9341_Draw_Hollow_Circle) refers to ili9341_stm32_driver.o(i.ILI9341_Draw_Pixel) for ILI9341_Draw_Pixel
    ili9341_gfx.o(i.ILI9341_Draw_Hollow_Rectangle_Coord) refers to fflti.o(.text) for __aeabi_i2f
    ili9341_gfx.o(i.ILI9341_Draw_Hollow_Rectangle_Coord) refers to ili9341_stm32_driver.o(i.ILI9341_Draw_Horizontal_Line) for ILI9341_Draw_Horizontal_Line
    ili9341_gfx.o(i.ILI9341_Draw_Hollow_Rectangle_Coord) refers to ili9341_stm32_driver.o(i.ILI9341_Draw_Vertical_Line) for ILI9341_Draw_Vertical_Line
    ili9341_gfx.o(i.ILI9341_Draw_Hollow_Rectangle_Coord) refers to ili9341_stm32_driver.o(i.ILI9341_Draw_Pixel) for ILI9341_Draw_Pixel
    ili9341_gfx.o(i.ILI9341_Draw_Image) refers to ili9341_stm32_driver.o(i.ILI9341_Set_Rotation) for ILI9341_Set_Rotation
    ili9341_gfx.o(i.ILI9341_Draw_Image) refers to ili9341_stm32_driver.o(i.ILI9341_Set_Address) for ILI9341_Set_Address
    ili9341_gfx.o(i.ILI9341_Draw_Image) refers to stm32f1xx_hal_gpio.o(i.HAL_GPIO_WritePin) for HAL_GPIO_WritePin
    ili9341_gfx.o(i.ILI9341_Draw_Image) refers to stm32f1xx_hal_spi.o(i.HAL_SPI_Transmit) for HAL_SPI_Transmit
    ili9341_gfx.o(i.ILI9341_Draw_Image) refers to main.o(.bss) for hspi1
    ili9341_gfx.o(i.ILI9341_Draw_Text) refers to ili9341_gfx.o(i.ILI9341_Draw_Char) for ILI9341_Draw_Char
    ili9341_stm32_driver.o(i.ILI9341_Draw_Colour) refers to stm32f1xx_hal_gpio.o(i.HAL_GPIO_WritePin) for HAL_GPIO_WritePin
    ili9341_stm32_driver.o(i.ILI9341_Draw_Colour) refers to stm32f1xx_hal_spi.o(i.HAL_SPI_Transmit) for HAL_SPI_Transmit
    ili9341_stm32_driver.o(i.ILI9341_Draw_Colour) refers to main.o(.bss) for hspi1
    ili9341_stm32_driver.o(i.ILI9341_Draw_Colour_Burst) refers to stm32f1xx_hal_gpio.o(i.HAL_GPIO_WritePin) for HAL_GPIO_WritePin
    ili9341_stm32_driver.o(i.ILI9341_Draw_Colour_Burst) refers to malloc.o(i.malloc) for malloc
    ili9341_stm32_driver.o(i.ILI9341_Draw_Colour_Burst) refers to stm32f1xx_hal_spi.o(i.HAL_SPI_Transmit) for HAL_SPI_Transmit
    ili9341_stm32_driver.o(i.ILI9341_Draw_Colour_Burst) refers to malloc.o(i.free) for free
    ili9341_stm32_driver.o(i.ILI9341_Draw_Colour_Burst) refers to main.o(.bss) for hspi1
    ili9341_stm32_driver.o(i.ILI9341_Draw_Horizontal_Line) refers to ili9341_stm32_driver.o(i.ILI9341_Set_Address) for ILI9341_Set_Address
    ili9341_stm32_driver.o(i.ILI9341_Draw_Horizontal_Line) refers to ili9341_stm32_driver.o(i.ILI9341_Draw_Colour_Burst) for ILI9341_Draw_Colour_Burst
    ili9341_stm32_driver.o(i.ILI9341_Draw_Horizontal_Line) refers to ili9341_stm32_driver.o(.data) for .data
[...]
    ../Drivers/STM32F1xx_HAL_Driver/Src/stm32f1xx_hal_dma.c 0x00000000   Number         0  stm32f1xx_hal_dma.o ABSOLUTE
    ../Drivers/STM32F1xx_HAL_Driver/Src/stm32f1xx_hal_exti.c 0x00000000   Number         0  stm32f1xx_hal_exti.o ABSOLUTE
    ../Drivers/STM32F1xx_HAL_Driver/Src/stm32f1xx_hal_flash.c 0x00000000   Number         0  stm32f1xx_hal_flash.o ABSOLUTE
    ../Drivers/STM32F1xx_HAL_Driver/Src/stm32f1xx_hal_flash_ex.c 0x00000000   Number         0  stm32f1xx_hal_flash_ex.o ABSOLUTE
    ../Drivers/STM32F1xx_HAL_Driver/Src/stm32f1xx_hal_gpio.c 0x00000000   Number         0  stm32f1xx_hal_gpio.o ABSOLUTE
    ../Drivers/STM32F1xx_HAL_Driver/Src/stm32f1xx_hal_gpio_ex.c 0x00000000   Number         0  stm32f1xx_hal_gpio_ex.o ABSOLUTE
    ../Drivers/STM32F1xx_HAL_Driver/Src/stm32f1xx_hal_i2c.c 0x00000000   Number         0  stm32f1xx_hal_i2c.o ABSOLUTE
    ../Drivers/STM32F1xx_HAL_Driver/Src/stm32f1xx_hal_pwr.c 0x00000000   Number         0  stm32f1xx_hal_pwr.o ABSOLUTE
    ../Drivers/STM32F1xx_HAL_Driver/Src/stm32f1xx_hal_rcc.c 0x00000000   Number         0  stm32f1xx_hal_rcc.o ABSOLUTE
    ../Drivers/STM32F1xx_HAL_Driver/Src/stm32f1xx_hal_rcc_ex.c 0x00000000   Number         0  stm32f1xx_hal_rcc_ex.o ABSOLUTE
    ../Drivers/STM32F1xx_HAL_Driver/Src/stm32f1xx_hal_spi.c 0x00000000   Number         0  stm32f1xx_hal_spi.o ABSOLUTE
    ../Drivers/STM32F1xx_HAL_Driver/Src/stm32f1xx_hal_tim.c 0x00000000   Number         0  stm32f1xx_hal_tim.o ABSOLUTE
    ../Drivers/STM32F1xx_HAL_Driver/Src/stm32f1xx_hal_tim_ex.c 0x00000000   Number         0  stm32f1xx_hal_tim_ex.o ABSOLUTE
    ../Drivers/STM32F1xx_HAL_Driver/Src/stm32f1xx_hal_uart.c 0x00000000   Number         0  stm32f1xx_hal_uart.o ABSOLUTE
    ../clib/microlib/division.c              0x00000000   Number         0  uidiv.o ABSOLUTE
    ../clib/microlib/division.c              0x00000000   Number         0  uldiv.o ABSOLUTE
    ../clib/microlib/errno.c                 0x00000000   Number         0  errno.o ABSOLUTE
    ../clib/microlib/init/entry.s            0x00000000   Number         0  entry10a.o ABSOLUTE
    ../clib/microlib/init/entry.s            0x00000000   Number         0  entry.o ABSOLUTE
    ../clib/microlib/init/entry.s            0x00000000   Number         0  entry9a.o ABSOLUTE
    ../clib/microlib/init/entry.s            0x00000000   Number         0  entry7b.o ABSOLUTE
    ../clib/microlib/init/entry.s            0x00000000   Number         0  entry5.o ABSOLUTE
    ../clib/microlib/init/entry.s            0x00000000   Number         0  entry8a.o ABSOLUTE
    ../clib/microlib/init/entry.s            0x00000000   Number         0  entry8b.o ABSOLUTE
    ../clib/microlib/init/entry.s            0x00000000   Number         0  entry2.o ABSOLUTE
    ../clib/microlib/init/entry.s            0x00000000   Number         0  entry9b.o ABSOLUTE
    ../clib/microlib/init/entry.s            0x00000000   Number         0  entry10b.o ABSOLUTE
    ../clib/microlib/init/entry.s            0x00000000   Number         0  entry11b.o ABSOLUTE
    ../clib/microlib/init/entry.s            0x00000000   Number         0  entry7a.o ABSOLUTE
    ../clib/microlib/init/entry.s            0x00000000   Number         0  entry11a.o ABSOLUTE
    ../clib/microlib/longlong.c              0x00000000   Number         0  llshl.o ABSOLUTE
    ../clib/microlib/longlong.c              0x00000000   Number         0  llsshr.o ABSOLUTE
    ../clib/microlib/longlong.c              0x00000000   Number         0  llushr.o ABSOLUTE
    ../clib/microlib/malloc/malloc.c         0x00000000   Number         0  malloc.o ABSOLUTE
    ../clib/microlib/malloc/malloc.c         0x00000000   Number         0  mallocr.o ABSOLUTE
    ../clib/microlib/malloc/malloc.c         0x00000000   Number         0  mallocra.o ABSOLUTE
    ../clib/microlib/malloc/malloc.c         0x00000000   Number         0  malloca.o ABSOLUTE
    ../clib/microlib/malloc/mvars.c          0x00000000   Number         0  mvars.o ABSOLUTE
    ../clib/microlib/printf/printf.c         0x00000000   Number         0  printf1.o ABSOLUTE
    ../clib/microlib/printf/printf.c         0x00000000   Number         0  printf0.o ABSOLUTE
    ../clib/microlib/printf/printf.c         0x00000000   Number         0  printfb.o ABSOLUTE
    ../clib/microlib/printf/printf.c         0x00000000   Number         0  printfa.o ABSOLUTE
    ../clib/microlib/printf/printf.c         0x00000000   Number         0  printf8.o ABSOLUTE
    ../clib/microlib/printf/printf.c         0x00000000   Number         0  printf7.o ABSOLUTE
    ../clib/microlib/printf/printf.c         0x00000000   Number         0  printf6.o ABSOLUTE
    ../clib/microlib/printf/printf.c         0x00000000   Number         0  printf5.o ABSOLUTE
    ../clib/microlib/printf/printf.c         0x00000000   Number         0  printf4.o ABSOLUTE
    ../clib/microlib/printf/printf.c         0x00000000   Number         0  printf3.o ABSOLUTE
    ../clib/microlib/printf/printf.c         0x00000000   Number         0  printf2.o ABSOLUTE
    ../clib/microlib/printf/stubs.s          0x00000000   Number         0  stubs.o ABSOLUTE
    ../clib/microlib/stdio/streams.c         0x00000000   Number         0  stdout.o ABSOLUTE
    ../clib/microlib/string/memcpy.c         0x00000000   Number         0  memcpyb.o ABSOLUTE
    ../clib/microlib/string/memcpy.c         0x00000000   Number         0  memcpya.o ABSOLUTE
    ../clib/microlib/string/memset.c         0x00000000   Number         0  memseta.o ABSOLUTE
    ../clib/microlib/stubs.s                 0x00000000   Number         0  iusefp.o ABSOLUTE
    ../fplib/microlib/d2f.c                  0x00000000   Number         0  d2f.o ABSOLUTE
    ../fplib/microlib/f2d.c                  0x00000000   Number         0  f2d.o ABSOLUTE
    ../fplib/microlib/fpadd.c                0x00000000   Number         0  dadd.o ABSOLUTE
    ../fplib/microlib/fpdiv.c                0x00000000   Number         0  ddiv.o ABSOLUTE
    ../fplib/microlib/fpepilogue.c           0x00000000   Number         0  depilogue.o ABSOLUTE
    ../fplib/microlib/fpepilogue.c           0x00000000   Number         0  fepilogue.o ABSOLUTE
    ../fplib/microlib/fpfix.c                0x00000000   Number         0  dfixul.o ABSOLUTE
    ../fplib/microlib/fpflt.c                0x00000000   Number         0  fflti.o ABSOLUTE
    ../fplib/microlib/fpflt.c                0x00000000   Number         0  ffltui.o ABSOLUTE
    ../fplib/microlib/fpflt.c                0x00000000   Number         0  dfltui.o ABSOLUTE
    ../fplib/microlib/fpflt.c                0x00000000   Number         0  dflti.o ABSOLUTE
    ../fplib/microlib/fpmul.c                0x00000000   Number         0  fmul.o ABSOLUTE
    ../fplib/microlib/fpmul.c                0x00000000   Number         0  dmul.o ABSOLUTE
    ../fplib/microlib/fpscalb.c              0x00000000   Number         0  dscalb.o ABSOLUTE
    ../mathlib/dunder.c                      0x00000000   Number         0  dunder.o ABSOLUTE
    ../mathlib/log.c                         0x00000000   Number         0  log.o ABSOLUTE
    ../mathlib/log.c                         0x00000000   Number         0  log_x.o ABSOLUTE
    ../mathlib/poly.c                        0x00000000   Number         0  poly.o ABSOLUTE
    ../mathlib/qnan.c                        0x00000000   Number         0  qnan.o ABSOLUTE
    ..\Core\Src\Delay_Timer4_Tick.c          0x00000000   Number         0  delay_timer4_tick.o ABSOLUTE
    ..\Core\Src\ENCODER.c                    0x00000000   Number         0  encoder.o ABSOLUTE
    ..\Core\Src\ILI9341_GFX.c                0x00000000   Number         0  ili9341_gfx.o ABSOLUTE
    ..\Core\Src\ILI9341_STM32_Driver.c       0x00000000   Number         0  ili9341_stm32_driver.o ABSOLUTE
    ..\Core\Src\INA260.c                     0x00000000   Number         0  ina260.o ABSOLUTE
    ..\Core\Src\MCP4822.c                    0x00000000   Number         0  mcp4822.o ABSOLUTE
    ..\Core\Src\main.c                       0x00000000   Number         0  main.o ABSOLUTE
    ..\Core\Src\stm32f1xx_hal_msp.c          0x00000000   Number         0  stm32f1xx_hal_msp.o ABSOLUTE
    ..\Core\Src\stm32f1xx_it.c               0x00000000   Number         0  stm32f1xx_it.o ABSOLUTE
    ..\Core\Src\system_stm32f1xx.c           0x00000000   Number         0  system_stm32f1xx.o ABSOLUTE
    ..\Drivers\STM32F1xx_HAL_Driver\Src\stm32f1xx_hal.c 0x00000000   Number         0  stm32f1xx_hal.o ABSOLUTE
    ..\Drivers\STM32F1xx_HAL_Driver\Src\stm32f1xx_hal_adc.c 0x00000000   Number         0  stm32f1xx_hal_adc.o ABSOLUTE
    ..\Drivers\STM32F1xx_HAL_Driver\Src\stm32f1xx_hal_adc_ex.c 0x00000000   Number         0  stm32f1xx_hal_adc_ex.o ABSOLUTE
    ..\Drivers\STM32F1xx_HAL_Driver\Src\stm32f1xx_hal_cortex.c 0x00000000   Number         0  stm32f1xx_hal_cortex.o ABSOLUTE
    ..\Drivers\STM32F1xx_HAL_Driver\Src\stm32f1xx_hal_dma.c 0x00000000   Number         0  stm32f1xx_hal_dma.o ABSOLUTE
    ..\Drivers\STM32F1xx_HAL_Driver\Src\stm32f1xx_hal_exti.c 0x00000000   Number         0  stm32f1xx_hal_exti.o ABSOLUTE
    ..\Drivers\STM32F1xx_HAL_Driver\Src\stm32f1xx_hal_flash.c 0x00000000   Number         0  stm32f1xx_hal_flash.o ABSOLUTE
    ..\Drivers\STM32F1xx_HAL_Driver\Src\stm32f1xx_hal_flash_ex.c 0x00000000   Number         0  stm32f1xx_hal_flash_ex.o ABSOLUTE
    ..\Drivers\STM32F1xx_HAL_Driver\Src\stm32f1xx_hal_gpio.c 0x00000000   Number         0  stm32f1xx_hal_gpio.o ABSOLUTE
    ..\Drivers\STM32F1xx_HAL_Driver\Src\stm32f1xx_hal_gpio_ex.c 0x00000000   Number         0  stm32f1xx_hal_gpio_ex.o ABSOLUTE
    ..\Drivers\STM32F1xx_HAL_Driver\Src\stm32f1xx_hal_i2c.c 0x00000000   Number         0  stm32f1xx_hal_i2c.o ABSOLUTE
    ..\Drivers\STM32F1xx_HAL_Driver\Src\stm32f1xx_hal_pwr.c 0x00000000   Number         0  stm32f1xx_hal_pwr.o ABSOLUTE
    ..\Drivers\STM32F1xx_HAL_Driver\Src\stm32f1xx_hal_rcc.c 0x00000000   Number         0  stm32f1xx_hal_rcc.o ABSOLUTE
    ..\Drivers\STM32F1xx_HAL_Driver\Src\stm32f1xx_hal_rcc_ex.c 0x00000000   Number         0  stm32f1xx_hal_rcc_ex.o ABSOLUTE
    ..\Drivers\STM32F1xx_HAL_Driver\Src\stm32f1xx_hal_spi.c 0x00000000   Number         0  stm32f1xx_hal_spi.o ABSOLUTE
    ..\Drivers\STM32F1xx_HAL_Driver\Src\stm32f1xx_hal_tim.c 0x00000000   Number         0  stm32f1xx_hal_tim.o ABSOLUTE
    ..\Drivers\STM32F1xx_HAL_Driver\Src\stm32f1xx_hal_tim_ex.c 0x00000000   Number         0  stm32f1xx_hal_tim_ex.o ABSOLUTE
    ..\Drivers\STM32F1xx_HAL_Driver\Src\stm32f1xx_hal_uart.c 0x00000000   Number         0  stm32f1xx_hal_uart.o ABSOLUTE
    ..\\Core\\Src\\Delay_Timer4_Tick.c       0x00000000   Number         0  delay_timer4_tick.o ABSOLUTE
    ..\\Core\\Src\\ENCODER.c                 0x00000000   Number         0  encoder.o ABSOLUTE
    ..\\Core\\Src\\ILI9341_GFX.c             0x00000000   Number         0  ili9341_gfx.o ABSOLUTE
    ..\\Core\\Src\\ILI9341_STM32_Driver.c    0x00000000   Number         0  ili9341_stm32_driver.o ABSOLUTE
    ..\\Core\\Src\\INA260.c                  0x00000000   Number         0  ina260.o ABSOLUTE
    ..\\Core\\Src\\MCP4822.c                 0x00000000   Number         0  mcp4822.o ABSOLUTE
    cdcmple.s                                0x00000000   Number         0  cdcmple.o ABSOLUTE
    cdrcmple.s                               0x00000000   Number         0  cdrcmple.o ABSOLUTE
    dc.s                                     0x00000000   Number         0  dc.o ABSOLUTE
    handlers.s                               0x00000000   Number         0  handlers.o ABSOLUTE
    init.s                                   0x00000000   Number         0  init.o ABSOLUTE
    startup_stm32f103xb.s                    0x00000000   Number         0  startup_stm32f103xb.o ABSOLUTE
    RESET                                    0x08000000   Section      236  startup_stm32f103xb.o(RESET)
    .ARM.Collect$$$$00000000                 0x080000ec   Section        0  entry.o(.ARM.Collect$$$$00000000)
    .ARM.Collect$$$$00000001                 0x080000ec   Section        4  entry2.o(.ARM.Collect$$$$00000001)
    .ARM.Collect$$$$00000004                 0x080000f0   Section        4  entry5.o(.ARM.Collect$$$$00000004)
    .ARM.Collect$$$$00000008                 0x080000f4   Section        0  entry7b.o(.ARM.Collect$$$$00000008)
    .ARM.Collect$$$$0000000A                 0x080000f4   Section        0  entry8b.o(.ARM.Collect$$$$0000000A)
    .ARM.Collect$$$$0000000B                 0x080000f4   Section        8  entry9a.o(.ARM.Collect$$$$0000000B)
    .ARM.Collect$$$$0000000D                 0x080000fc   Section        0  entry10a.o(.ARM.Collect$$$$0000000D)
    .ARM.Collect$$$$0000000F                 0x080000fc   Section        0  entry11a.o(.ARM.Collect$$$$0000000F)
    .ARM.Collect$$$$00002712                 0x080000fc   Section        4  entry2.o(.ARM.Collect$$$$00002712)
    __lit__00000000                          0x080000fc   Data           4  entry2.o(.ARM.Collect$$$$00002712)
    .text                                    0x08000100   Section       36  startup_stm32f103xb.o(.text)
    .text                                    0x08000124   Section        0  llushr.o(.text)
    .text                                    0x08000144   Section        0  memseta.o(.text)
    .text                                    0x08000168   Section        0  fmul.o(.text)
    .text                                    0x080001cc   Section        0  dadd.o(.text)
    .text                                    0x0800031a   Section        0  dmul.o(.text)
    .text                                    0x080003fe   Section        0  ddiv.o(.text)
    .text                                    0x080004dc   Section        0  dscalb.o(.text)
    .text                                    0x0800050a   Section        0  ffltui.o(.text)
    .text                                    0x08000514   Section        0  dfltui.o(.text)
    .text                                    0x0800052e   Section        0  f2d.o(.text)
    .text                                    0x08000554   Section        0  d2f.o(.text)
    .text                                    0x0800058c   Section        0  uidiv.o(.text)
    .text                                    0x080005b8   Section        0  uldiv.o(.text)
    .text                                    0x0800061a   Section        0  llshl.o(.text)
    .text                                    0x08000638   Section        0  llsshr.o(.text)
    .text                                    0x0800065c   Section        0  fepilogue.o(.text)
    .text                                    0x0800065c   Section        0  iusefp.o(.text)
    .text                                    0x080006ca   Section        0  depilogue.o(.text)
    .text                                    0x08000784   Section        0  dflti.o(.text)
    .text                                    0x080007a6   Section        0  dfixul.o(.text)
    .text                                    0x080007d8   Section       48  cdcmple.o(.text)
    .text                                    0x08000808   Section       48  cdrcmple.o(.text)
    .text                                    0x08000838   Section       36  init.o(.text)
    i.ADC1_2_IRQHandler                      0x0800085c   Section        0  stm32f1xx_it.o(i.ADC1_2_IRQHandler)
    i.ADC_ConversionStop_Disable             0x08000868   Section        0  stm32f1xx_hal_adc.o(i.ADC_ConversionStop_Disable)
    i.ADC_Enable                             0x080008b4   Section        0  stm32f1xx_hal_adc.o(i.ADC_Enable)
    i.BusFault_Handler                       0x08000924   Section        0  stm32f1xx_it.o(i.BusFault_Handler)
    i.DebugMon_Handler                       0x08000926   Section        0  stm32f1xx_it.o(i.DebugMon_Handler)
    i.ENCODER_EC_11                          0x08000928   Section        0  encoder.o(i.ENCODER_EC_11)
    i.EXTI4_IRQHandler                       0x08000958   Section        0  stm32f1xx_it.o(i.EXTI4_IRQHandler)
    i.HAL_ADCEx_InjectedConvCpltCallback     0x0800095e   Section        0  stm32f1xx_hal_adc_ex.o(i.HAL_ADCEx_InjectedConvCpltCallback)
    i.HAL_ADC_ConfigChannel                  0x08000960   Section        0  stm32f1xx_hal_adc.o(i.HAL_ADC_ConfigChannel)
    i.HAL_ADC_ConvCpltCallback               0x08000a5c   Section        0  main.o(i.HAL_ADC_ConvCpltCallback)
    i.HAL_ADC_GetValue                       0x08000b20   Section        0  stm32f1xx_hal_adc.o(i.HAL_ADC_GetValue)
    i.HAL_ADC_IRQHandler                     0x08000b26   Section        0  stm32f1xx_hal_adc.o(i.HAL_ADC_IRQHandler)
    i.HAL_ADC_Init                           0x08000c0c   Section        0  stm32f1xx_hal_adc.o(i.HAL_ADC_Init)
    i.HAL_ADC_LevelOutOfWindowCallback       0x08000d28   Section        0  stm32f1xx_hal_adc.o(i.HAL_ADC_LevelOutOfWindowCallback)
    i.HAL_ADC_MspInit                        0x08000d2c   Section        0  stm32f1xx_hal_msp.o(i.HAL_ADC_MspInit)
    i.HAL_ADC_Start_IT                       0x08000d94   Section        0  stm32f1xx_hal_adc.o(i.HAL_ADC_Start_IT)
    i.HAL_Delay                              0x08000e60   Section        0  stm32f1xx_hal.o(i.HAL_Delay)
    i.HAL_GPIO_EXTI_Callback                 0x08000e84   Section        0  main.o(i.HAL_GPIO_EXTI_Callback)
    i.HAL_GPIO_EXTI_IRQHandler               0x08000e90   Section        0  stm32f1xx_hal_gpio.o(i.HAL_GPIO_EXTI_IRQHandler)
    i.HAL_GPIO_Init                          0x08000ea8   Section        0  stm32f1xx_hal_gpio.o(i.HAL_GPIO_Init)
    i.HAL_GPIO_ReadPin                       0x08001088   Section        0  stm32f1xx_hal_gpio.o(i.HAL_GPIO_ReadPin)
    i.HAL_GPIO_TogglePin                     0x08001092   Section        0  stm32f1xx_hal_gpio.o(i.HAL_GPIO_TogglePin)
    i.HAL_GPIO_WritePin                      0x080010a2   Section        0  stm32f1xx_hal_gpio.o(i.HAL_GPIO_WritePin)
    i.HAL_GetTick                            0x080010ac   Section        0  stm32f1xx_hal.o(i.HAL_GetTick)
    i.HAL_I2C_Init                           0x080010b8   Section        0  stm32f1xx_hal_i2c.o(i.HAL_I2C_Init)
    i.HAL_I2C_Mem_Read                       0x08001240   Section        0  stm32f1xx_hal_i2c.o(i.HAL_I2C_Mem_Read)
    i.HAL_I2C_Mem_Write                      0x08001490   Section        0  stm32f1xx_hal_i2c.o(i.HAL_I2C_Mem_Write)
    i.HAL_I2C_MspInit                        0x080015c0   Section        0  stm32f1xx_hal_msp.o(i.HAL_I2C_MspInit)
    i.HAL_IncTick                            0x0800161c   Section        0  stm32f1xx_hal.o(i.HAL_IncTick)
    i.HAL_Init                               0x0800162c   Section        0  stm32f1xx_hal.o(i.HAL_Init)
    i.HAL_InitTick                           0x08001650   Section        0  stm32f1xx_hal.o(i.HAL_InitTick)
    i.HAL_MspInit                            0x08001690   Section        0  stm32f1xx_hal_msp.o(i.HAL_MspInit)
    i.HAL_NVIC_EnableIRQ                     0x080016cc   Section        0  stm32f1xx_hal_cortex.o(i.HAL_NVIC_EnableIRQ)
    i.HAL_NVIC_SetPriority                   0x080016e8   Section        0  stm32f1xx_hal_cortex.o(i.HAL_NVIC_SetPriority)
    i.HAL_NVIC_SetPriorityGrouping           0x08001728   Section        0  stm32f1xx_hal_cortex.o(i.HAL_NVIC_SetPriorityGrouping)
    i.HAL_RCCEx_PeriphCLKConfig              0x0800174c   Section        0  stm32f1xx_hal_rcc_ex.o(i.HAL_RCCEx_PeriphCLKConfig)
    i.HAL_RCC_ClockConfig                    0x08001838   Section        0  stm32f1xx_hal_rcc.o(i.HAL_RCC_ClockConfig)
    i.HAL_RCC_GetPCLK1Freq                   0x08001964   Section        0  stm32f1xx_hal_rcc.o(i.HAL_RCC_GetPCLK1Freq)
    i.HAL_RCC_GetPCLK2Freq                   0x08001984   Section        0  stm32f1xx_hal_rcc.o(i.HAL_RCC_GetPCLK2Freq)
    i.HAL_RCC_GetSysClockFreq                0x080019a4   Section        0  stm32f1xx_hal_rcc.o(i.HAL_RCC_GetSysClockFreq)
    i.HAL_RCC_OscConfig                      0x08001a10   Section        0  stm32f1xx_hal_rcc.o(i.HAL_RCC_OscConfig)
    i.HAL_SPI_Init                           0x08001d30   Section        0  stm32f1xx_hal_spi.o(i.HAL_SPI_Init)
    i.HAL_SPI_MspInit                        0x08001de4   Section        0  stm32f1xx_hal_msp.o(i.HAL_SPI_MspInit)
    i.HAL_SPI_Transmit                       0x08001e90   Section        0  stm32f1xx_hal_spi.o(i.HAL_SPI_Transmit)
    i.HAL_SYSTICK_Config                     0x08001ff6   Section        0  stm32f1xx_hal_cortex.o(i.HAL_SYSTICK_Config)
    i.HAL_TIMEx_BreakCallback                0x0800201e   Section        0  stm32f1xx_hal_tim_ex.o(i.HAL_TIMEx_BreakCallback)
    i.HAL_TIMEx_CommutCallback               0x08002020   Section        0  stm32f1xx_hal_tim_ex.o(i.HAL_TIMEx_CommutCallback)
    i.HAL_TIMEx_MasterConfigSynchronization  0x08002024   Section        0  stm32f1xx_hal_tim_ex.o(i.HAL_TIMEx_MasterConfigSynchronization)
    i.HAL_TIM_Base_Init                      0x0800208c   Section        0  stm32f1xx_hal_tim.o(i.HAL_TIM_Base_Init)
    i.HAL_TIM_Base_MspInit                   0x080020e8   Section        0  stm32f1xx_hal_msp.o(i.HAL_TIM_Base_MspInit)
    i.HAL_TIM_Base_Start_IT                  0x08002124   Section        0  stm32f1xx_hal_tim.o(i.HAL_TIM_Base_Start_IT)
    i.HAL_TIM_ConfigClockSource              0x0800217c   Section        0  stm32f1xx_hal_tim.o(i.HAL_TIM_ConfigClockSource)
    i.HAL_TIM_IC_CaptureCallback             0x08002252   Section        0  stm32f1xx_hal_tim.o(i.HAL_TIM_IC_CaptureCallback)
    i.HAL_TIM_IRQHandler                     0x08002254   Section        0  stm32f1xx_hal_tim.o(i.HAL_TIM_IRQHandler)
    i.HAL_TIM_OC_DelayElapsedCallback        0x080023ba   Section        0  stm32f1xx_hal_tim.o(i.HAL_TIM_OC_DelayElapsedCallback)
    i.HAL_TIM_PWM_PulseFinishedCallback      0x080023bc   Section        0  stm32f1xx_hal_tim.o(i.HAL_TIM_PWM_PulseFinishedCallback)
    i.HAL_TIM_PeriodElapsedCallback          0x080023c0   Section        0  delay_timer4_tick.o(i.HAL_TIM_PeriodElapsedCallback)
    i.HAL_TIM_TriggerCallback                0x080023e8   Section        0  stm32f1xx_hal_tim.o(i.HAL_TIM_TriggerCallback)
    i.HAL_UART_Init                          0x080023ea   Section        0  stm32f1xx_hal_uart.o(i.HAL_UART_Init)
    i.HAL_UART_MspInit                       0x0800244c   Section        0  stm32f1xx_hal_msp.o(i.HAL_UART_MspInit)
    i.HardFault_Handler                      0x080024bc   Section        0  stm32f1xx_it.o(i.HardFault_Handler)
    i.I2C_IsAcknowledgeFailed                0x080024be   Section        0  stm32f1xx_hal_i2c.o(i.I2C_IsAcknowledgeFailed)
    I2C_IsAcknowledgeFailed                  0x080024bf   Thumb Code    46  stm32f1xx_hal_i2c.o(i.I2C_IsAcknowledgeFailed)
    i.I2C_RequestMemoryRead                  0x080024ec   Section        0  stm32f1xx_hal_i2c.o(i.I2C_RequestMemoryRead)
    I2C_RequestMemoryRead                    0x080024ed   Thumb Code   246  stm32f1xx_hal_i2c.o(i.I2C_RequestMemoryRead)
    i.I2C_RequestMemoryWrite                 0x080025e8   Section        0  stm32f1xx_hal_i2c.o(i.I2C_RequestMemoryWrite)
    I2C_RequestMemoryWrite                   0x080025e9   Thumb Code   162  stm32f1xx_hal_i2c.o(i.I2C_RequestMemoryWrite)
    i.I2C_WaitOnBTFFlagUntilTimeout          0x08002690   Section        0  stm32f1xx_hal_i2c.o(i.I2C_WaitOnBTFFlagUntilTimeout)
    I2C_WaitOnBTFFlagUntilTimeout            0x08002691   Thumb Code    76  stm32f1xx_hal_i2c.o(i.I2C_WaitOnBTFFlagUntilTimeout)
    i.I2C_WaitOnFlagUntilTimeout             0x080026dc   Section        0  stm32f1xx_hal_i2c.o(i.I2C_WaitOnFlagUntilTimeout)
    I2C_WaitOnFlagUntilTimeout               0x080026dd   Thumb Code   104  stm32f1xx_hal_i2c.o(i.I2C_WaitOnFlagUntilTimeout)
    i.I2C_WaitOnMasterAddressFlagUntilTimeout 0x08002744   Section        0  stm32f1xx_hal_i2c.o(i.I2C_WaitOnMasterAddressFlagUntilTimeout)
    I2C_WaitOnMasterAddressFlagUntilTimeout  0x08002745   Thumb Code   150  stm32f1xx_hal_i2c.o(i.I2C_WaitOnMasterAddressFlagUntilTimeout)
    i.I2C_WaitOnRXNEFlagUntilTimeout         0x080027da   Section        0  stm32f1xx_hal_i2c.o(i.I2C_WaitOnRXNEFlagUntilTimeout)
    I2C_WaitOnRXNEFlagUntilTimeout           0x080027db   Thumb Code   102  stm32f1xx_hal_i2c.o(i.I2C_WaitOnRXNEFlagUntilTimeout)
    i.I2C_WaitOnTXEFlagUntilTimeout          0x08002840   Section        0  stm32f1xx_hal_i2c.o(i.I2C_WaitOnTXEFlagUntilTimeout)
    I2C_WaitOnTXEFlagUntilTimeout            0x08002841   Thumb Code    76  stm32f1xx_hal_i2c.o(i.I2C_WaitOnTXEFlagUntilTimeout)
    i.ILI9341_Draw_Char                      0x0800288c   Section        0  ili9341_gfx.o(i.ILI9341_Draw_Char)
    i.ILI9341_Draw_Colour_Burst              0x08002930   Section        0  ili9341_stm32_driver.o(i.ILI9341_Draw_Colour_Burst)
    i.ILI9341_Draw_Pixel                     0x080029d4   Section        0  ili9341_stm32_driver.o(i.ILI9341_Draw_Pixel)
    i.ILI9341_Draw_Rectangle                 0x08002b30   Section        0  ili9341_stm32_driver.o(i.ILI9341_Draw_Rectangle)
    i.ILI9341_Draw_Text                      0x08002b90   Section        0  ili9341_gfx.o(i.ILI9341_Draw_Text)
    i.ILI9341_Enable                         0x08002bc8   Section        0  ili9341_stm32_driver.o(i.ILI9341_Enable)
    i.ILI9341_Fill_Screen                    0x08002bd8   Section        0  ili9341_stm32_driver.o(i.ILI9341_Fill_Screen)
    i.ILI9341_Init                           0x08002c00   Section        0  ili9341_stm32_driver.o(i.ILI9341_Init)
    i.ILI9341_Reset                          0x08002e18   Section        0  ili9341_stm32_driver.o(i.ILI9341_Reset)
    i.ILI9341_SPI_Init                       0x08002e58   Section        0  ili9341_stm32_driver.o(i.ILI9341_SPI_Init)
    i.ILI9341_SPI_Send                       0x08002e68   Section        0  ili9341_stm32_driver.o(i.ILI9341_SPI_Send)
    i.ILI9341_Set_Address                    0x08002e7c   Section        0  ili9341_stm32_driver.o(i.ILI9341_Set_Address)
    i.ILI9341_Set_Rotation                   0x08002ed0   Section        0  ili9341_stm32_driver.o(i.ILI9341_Set_Rotation)
    i.ILI9341_Write_Command                  0x08002f20   Section        0  ili9341_stm32_driver.o(i.ILI9341_Write_Command)
    i.ILI9341_Write_Data                     0x08002f58   Section        0  ili9341_stm32_driver.o(i.ILI9341_Write_Data)
    i.INA260_Config                          0x08002f90   Section        0  ina260.o(i.INA260_Config)
    i.INA260_Current_Read                    0x080030f8   Section        0  ina260.o(i.INA260_Current_Read)
    i.INA260_ID                              0x0800313c   Section        0  ina260.o(i.INA260_ID)
    i.INA260_Mask_Config                     0x08003154   Section        0  ina260.o(i.INA260_Mask_Config)
    i.INA260_Read                            0x080031b8   Section        0  ina260.o(i.INA260_Read)
    i.INA260_Voltage_Read                    0x080031f0   Section        0  ina260.o(i.INA260_Voltage_Read)
    i.INA260_Write                           0x0800322c   Section        0  ina260.o(i.INA260_Write)
    INA260_Write                             0x0800322d   Thumb Code    46  ina260.o(i.INA260_Write)
    i.MCP4822_DAC_Write                      0x08003260   Section        0  mcp4822.o(i.MCP4822_DAC_Write)
    i.MX_ADC1_Init                           0x080032f0   Section        0  main.o(i.MX_ADC1_Init)
    MX_ADC1_Init                             0x080032f1   Thumb Code    56  main.o(i.MX_ADC1_Init)
    i.MX_GPIO_Init                           0x08003330   Section        0  main.o(i.MX_GPIO_Init)
    MX_GPIO_Init                             0x08003331   Thumb Code   276  main.o(i.MX_GPIO_Init)
    i.MX_SPI1_Init                           0x08003458   Section        0  main.o(i.MX_SPI1_Init)
    MX_SPI1_Init                             0x08003459   Thumb Code    46  main.o(i.MX_SPI1_Init)
    i.MX_SPI2_Init                           0x08003490   Section        0  main.o(i.MX_SPI2_Init)
    MX_SPI2_Init                             0x08003491   Thumb Code    48  main.o(i.MX_SPI2_Init)
    i.MX_TIM4_Init                           0x080034c8   Section        0  main.o(i.MX_TIM4_Init)
    MX_TIM4_Init                             0x080034c9   Thumb Code    74  main.o(i.MX_TIM4_Init)
    i.MemManage_Handler                      0x0800351c   Section        0  stm32f1xx_it.o(i.MemManage_Handler)
    i.NMI_Handler                            0x0800351e   Section        0  stm32f1xx_it.o(i.NMI_Handler)
    i.PendSV_Handler                         0x08003520   Section        0  stm32f1xx_it.o(i.PendSV_Handler)
    i.SPI_EndRxTxTransaction                 0x08003522   Section        0  stm32f1xx_hal_spi.o(i.SPI_EndRxTxTransaction)
    SPI_EndRxTxTransaction                   0x08003523   Thumb Code    32  stm32f1xx_hal_spi.o(i.SPI_EndRxTxTransaction)
    i.SPI_WaitFlagStateUntilTimeout          0x08003544   Section        0  stm32f1xx_hal_spi.o(i.SPI_WaitFlagStateUntilTimeout)
    SPI_WaitFlagStateUntilTimeout            0x08003545   Thumb Code   180  stm32f1xx_hal_spi.o(i.SPI_WaitFlagStateUntilTimeout)
    i.SVC_Handler                            0x080035fc   Section        0  stm32f1xx_it.o(i.SVC_Handler)
    i.SysTick_Handler                        0x080035fe   Section        0  stm32f1xx_it.o(i.SysTick_Handler)
    i.SystemClock_Config                     0x08003602   Section        0  main.o(i.SystemClock_Config)
    i.SystemInit                             0x08003664   Section        0  system_stm32f1xx.o(i.SystemInit)
    i.TIM4_IRQHandler                        0x08003668   Section        0  stm32f1xx_it.o(i.TIM4_IRQHandler)
    i.TIM_Base_SetConfig                     0x08003674   Section        0  stm32f1xx_hal_tim.o(i.TIM_Base_SetConfig)
    i.TIM_ETR_SetConfig                      0x080036e0   Section        0  stm32f1xx_hal_tim.o(i.TIM_ETR_SetConfig)
    i.TIM_ITRx_SetConfig                     0x080036f4   Section        0  stm32f1xx_hal_tim.o(i.TIM_ITRx_SetConfig)
    TIM_ITRx_SetConfig                       0x080036f5   Thumb Code    16  stm32f1xx_hal_tim.o(i.TIM_ITRx_SetConfig)
    i.TIM_TI1_ConfigInputStage               0x08003704   Section        0  stm32f1xx_hal_tim.o(i.TIM_TI1_ConfigInputStage)
    TIM_TI1_ConfigInputStage                 0x08003705   Thumb Code    34  stm32f1xx_hal_tim.o(i.TIM_TI1_ConfigInputStage)
    i.TIM_TI2_ConfigInputStage               0x08003726   Section        0  stm32f1xx_hal_tim.o(i.TIM_TI2_ConfigInputStage)
    TIM_TI2_ConfigInputStage                 0x08003727   Thumb Code    36  stm32f1xx_hal_tim.o(i.TIM_TI2_ConfigInputStage)
    i.Tick_Timer_Get                         0x0800374c   Section        0  delay_timer4_tick.o(i.Tick_Timer_Get)
    Tick_Timer_Get                           0x0800374d   Thumb Code    24  delay_timer4_tick.o(i.Tick_Timer_Get)
    i.Tick_Timer_Init                        0x0800376c   Section        0  delay_timer4_tick.o(i.Tick_Timer_Init)
    i.Tick_Timer_Is_Over                     0x08003798   Section        0  delay_timer4_tick.o(i.Tick_Timer_Is_Over)
    i.UART_SetConfig                         0x080037e0   Section        0  stm32f1xx_hal_uart.o(i.UART_SetConfig)
    UART_SetConfig                           0x080037e1   Thumb Code   178  stm32f1xx_hal_uart.o(i.UART_SetConfig)
    i.UsageFault_Handler                     0x08003898   Section        0  stm32f1xx_it.o(i.UsageFault_Handler)
    i.__0sprintf                             0x0800389c   Section        0  printfa.o(i.__0sprintf)
    i.__NVIC_SetPriority                     0x080038c4   Section        0  stm32f1xx_hal_cortex.o(i.__NVIC_SetPriority)
    __NVIC_SetPriority                       0x080038c5   Thumb Code    32  stm32f1xx_hal_cortex.o(i.__NVIC_SetPriority)
    i.__kernel_poly                          0x080038e4   Section        0  poly.o(i.__kernel_poly)
    i.__mathlib_dbl_divzero                  0x08003990   Section        0  dunder.o(i.__mathlib_dbl_divzero)
    i.__mathlib_dbl_infnan                   0x080039a0   Section        0  dunder.o(i.__mathlib_dbl_infnan)
    i.__mathlib_dbl_invalid                  0x080039a6   Section        0  dunder.o(i.__mathlib_dbl_invalid)
    i.__scatterload_copy                     0x080039b2   Section       14  handlers.o(i.__scatterload_copy)
    i.__scatterload_null                     0x080039c0   Section        2  handlers.o(i.__scatterload_null)
    i.__scatterload_zeroinit                 0x080039c2   Section       14  handlers.o(i.__scatterload_zeroinit)
    i.__set_errno                            0x080039d0   Section        0  errno.o(i.__set_errno)
    i._fp_digits                             0x080039dc   Section        0  printfa.o(i._fp_digits)
    _fp_digits                               0x080039dd   Thumb Code   366  printfa.o(i._fp_digits)
    i._printf_core                           0x08003b60   Section        0  printfa.o(i._printf_core)
    _printf_core                             0x08003b61   Thumb Code  1744  printfa.o(i._printf_core)
    i._printf_post_padding                   0x0800423c   Section        0  printfa.o(i._printf_post_padding)
    _printf_post_padding                     0x0800423d   Thumb Code    36  printfa.o(i._printf_post_padding)
    i._printf_pre_padding                    0x08004260   Section        0  printfa.o(i._printf_pre_padding)
    _printf_pre_padding                      0x08004261   Thumb Code    46  printfa.o(i._printf_pre_padding)
    i._sputc                                 0x0800428e   Section        0  printfa.o(i._sputc)
    _sputc                                   0x0800428f   Thumb Code    10  printfa.o(i._sputc)
    i.free                                   0x08004298   Section        0  malloc.o(i.free)
    i.log                                    0x080042e8   Section        0  log.o(i.log)
    i.main                                   0x08004644   Section        0  main.o(i.main)
    i.malloc                                 0x080048d8   Section        0  malloc.o(i.malloc)
    .constdata                               0x08004944   Section      576  ili9341_gfx.o(.constdata)
    font                                     0x08004944   Data         576  ili9341_gfx.o(.constdata)
    .constdata                               0x08004b84   Section       16  system_stm32f1xx.o(.constdata)
    .constdata                               0x08004b94   Section        8  system_stm32f1xx.o(.constdata)
    .constdata                               0x08004ba0   Section       56  log.o(.constdata)
    Lg2                                      0x08004ba0   Data          24  log.o(.constdata)
    Lg                                       0x08004bb8   Data          32  log.o(.constdata)
    .constdata                               0x08004bd8   Section        8  qnan.o(.constdata)
    .data                                    0x20000000   Section        4  ili9341_stm32_driver.o(.data)
    .data                                    0x20000004   Section        2  ina260.o(.data)
    .data                                    0x20000008   Section       16  delay_timer4_tick.o(.data)
    TickCount                                0x20000008   Data           2  delay_timer4_tick.o(.data)
    Tick_Per_Us                              0x2000000c   Data           4  delay_timer4_tick.o(.data)
    Tick_Per_Ms                              0x20000010   Data           4  delay_timer4_tick.o(.data)
    Tick_Per_Sec                             0x20000014   Data           4  delay_timer4_tick.o(.data)
    .data                                    0x20000018   Section        8  main.o(.data)
    .data                                    0x20000020   Section       12  stm32f1xx_hal.o(.data)
    .data                                    0x2000002c   Section        4  system_stm32f1xx.o(.data)
    .data                                    0x20000030   Section        4  mvars.o(.data)
    .data                                    0x20000034   Section        4  mvars.o(.data)
    .data                                    0x20000038   Section        4  errno.o(.data)
    _errno                                   0x20000038   Data           4  errno.o(.data)
    .bss                                     0x2000003c   Section      444  main.o(.bss)
    HEAP                                     0x200001f8   Section      512  startup_stm32f103xb.o(HEAP)
    STACK                                    0x200003f8   Section     1024  startup_stm32f103xb.o(STACK)

    Global Symbols

    Symbol Name                              Value     Ov Type        Size  Object(Section)

    BuildAttributes$$THM_ISAv4$P$D$K$B$S$PE$A:L22UL41UL21$X:L11$S22US41US21$IEEE1$IW$USESV6$~STKCKD$USESV7$~SHL$OTIME$ROPI$IEEEX$EBA8$MICROLIB$REQ8$PRES8$EABIv2 0x00000000   Number         0  anon$$obj.o ABSOLUTE
    __ARM_use_no_argv                        0x00000000   Number         0  main.o ABSOLUTE
    _printf_a                                0x00000000   Number         0  stubs.o ABSOLUTE
    _printf_c                                0x00000000   Number         0  stubs.o ABSOLUTE
    _printf_charcount                        0x00000000   Number         0  stubs.o ABSOLUTE
    _printf_d                                0x00000000   Number         0  stubs.o ABSOLUTE
    _printf_e                                0x00000000   Number         0  stubs.o ABSOLUTE
    _printf_f                                0x00000000   Number         0  stubs.o ABSOLUTE
    _printf_flags                            0x00000000   Number         0  stubs.o ABSOLUTE
    _printf_fp_dec                           0x00000000   Number         0  stubs.o ABSOLUTE
    _printf_fp_hex                           0x00000000   Number         0  stubs.o ABSOLUTE
    _printf_g                                0x00000000   Number         0  stubs.o ABSOLUTE
    _printf_i                                0x00000000   Number         0  stubs.o ABSOLUTE
    _printf_int_dec                          0x00000000   Number         0  stubs.o ABSOLUTE
    _printf_l                                0x00000000   Number         0  stubs.o ABSOLUTE
    _printf_lc                               0x00000000   Number         0  stubs.o ABSOLUTE
    _printf_ll                               0x00000000   Number         0  stubs.o ABSOLUTE
    _printf_lld                              0x00000000   Number         0  stubs.o ABSOLUTE
    _printf_lli                              0x00000000   Number         0  stubs.o ABSOLUTE
    _printf_llo                              0x00000000   Number         0  stubs.o ABSOLUTE
    _printf_llu                              0x00000000   Number         0  stubs.o ABSOLUTE
    _printf_llx                              0x00000000   Number         0  stubs.o ABSOLUTE
    _printf_longlong_dec                     0x00000000   Number         0  stubs.o ABSOLUTE
    _printf_longlong_hex                     0x00000000   Number         0  stubs.o ABSOLUTE
    _printf_longlong_oct                     0x00000000   Number         0  stubs.o ABSOLUTE
    _printf_ls                               0x00000000   Number         0  stubs.o ABSOLUTE
    _printf_mbtowc                           0x00000000   Number         0  stubs.o ABSOLUTE
    _printf_n                                0x00000000   Number         0  stubs.o ABSOLUTE
    _printf_o                                0x00000000   Number         0  stubs.o ABSOLUTE
    _printf_p                                0x00000000   Number         0  stubs.o ABSOLUTE
    _printf_percent                          0x00000000   Number         0  stubs.o ABSOLUTE
    _printf_pre_padding                      0x00000000   Number         0  stubs.o ABSOLUTE
    _printf_return_value                     0x00000000   Number         0  stubs.o ABSOLUTE
    _printf_s                                0x00000000   Number         0  stubs.o ABSOLUTE
    _printf_sizespec                         0x00000000   Number         0  stubs.o ABSOLUTE
    _printf_str                              0x00000000   Number         0  stubs.o ABSOLUTE
    _printf_truncate_signed                  0x00000000   Number         0  stubs.o ABSOLUTE
    _printf_truncate_unsigned                0x00000000   Number         0  stubs.o ABSOLUTE
    _printf_u                                0x00000000   Number         0  stubs.o ABSOLUTE
    _printf_wc                               0x00000000   Number         0  stubs.o ABSOLUTE
    _printf_wctomb                           0x00000000   Number         0  stubs.o ABSOLUTE
    _printf_widthprec                        0x00000000   Number         0  stubs.o ABSOLUTE
    _printf_x                                0x00000000   Number         0  stubs.o ABSOLUTE
    __cpp_initialize__aeabi_                  - Undefined Weak Reference
    __cxa_finalize                            - Undefined Weak Reference
    __decompress                              - Undefined Weak Reference
    _clock_init                               - Undefined Weak Reference
    _microlib_exit                            - Undefined Weak Reference
    __Vectors_Size                           0x000000ec   Number         0  startup_stm32f103xb.o ABSOLUTE
    __Vectors                                0x08000000   Data           4  startup_stm32f103xb.o(RESET)
    __Vectors_End                            0x080000ec   Data           0  startup_stm32f103xb.o(RESET)
    __main                                   0x080000ed   Thumb Code     0  entry.o(.ARM.Collect$$$$00000000)
    _main_stk                                0x080000ed   Thumb Code     0  entry2.o(.ARM.Collect$$$$00000001)
    _main_scatterload                        0x080000f1   Thumb Code     0  entry5.o(.ARM.Collect$$$$00000004)
    __main_after_scatterload                 0x080000f5   Thumb Code     0  entry5.o(.ARM.Collect$$$$00000004)
    _main_clock                              0x080000f5   Thumb Code     0  entry7b.o(.ARM.Collect$$$$00000008)
    _main_cpp_init                           0x080000f5   Thumb Code     0  entry8b.o(.ARM.Collect$$$$0000000A)
    _main_init                               0x080000f5   Thumb Code     0  entry9a.o(.ARM.Collect$$$$0000000B)
    __rt_final_cpp                           0x080000fd   Thumb Code     0  entry10a.o(.ARM.Collect$$$$0000000D)
    __rt_final_exit                          0x080000fd   Thumb Code     0  entry11a.o(.ARM.Collect$$$$0000000F)
    Reset_Handler                            0x08000101   Thumb Code     8  startup_stm32f103xb.o(.text)
    CAN1_RX1_IRQHandler                      0x0800011b   Thumb Code     0  startup_stm32f103xb.o(.text)
    CAN1_SCE_IRQHandler                      0x0800011b   Thumb Code     0  startup_stm32f103xb.o(.text)
    DMA1_Channel1_IRQHandler                 0x0800011b   Thumb Code     0  startup_stm32f103xb.o(.text)
    DMA1_Channel2_IRQHandler                 0x0800011b   Thumb Code     0  startup_stm32f103xb.o(.text)
    DMA1_Channel3_IRQHandler                 0x0800011b   Thumb Code     0  startup_stm32f103xb.o(.text)
    DMA1_Channel4_IRQHandler                 0x0800011b   Thumb Code     0  startup_stm32f103xb.o(.text)
    DMA1_Channel5_IRQHandler                 0x0800011b   Thumb Code     0  startup_stm32f103xb.o(.text)
    DMA1_Channel6_IRQHandler                 0x0800011b   Thumb Code     0  startup_stm32f103xb.o(.text)
    DMA1_Channel7_IRQHandler                 0x0800011b   Thumb Code     0  startup_stm32f103xb.o(.text)
    EXTI0_IRQHandler                         0x0800011b   Thumb Code     0  startup_stm32f103xb.o(.text)
    EXTI15_10_IRQHandler                     0x0800011b   Thumb Code     0  startup_stm32f103xb.o(.text)
    EXTI1_IRQHandler                         0x0800011b   Thumb Code     0  startup_stm32f103xb.o(.text)
    EXTI2_IRQHandler                         0x0800011b   Thumb Code     0  startup_stm32f103xb.o(.text)
    EXTI3_IRQHandler                         0x0800011b   Thumb Code     0  startup_stm32f103xb.o(.text)
    EXTI9_5_IRQHandler                       0x0800011b   Thumb Code     0  startup_stm32f103xb.o(.text)
    FLASH_IRQHandler                         0x0800011b   Thumb Code     0  startup_stm32f103xb.o(.text)
    I2C1_ER_IRQHandler                       0x0800011b   Thumb Code     0  startup_stm32f103xb.o(.text)
    I2C1_EV_IRQHandler                       0x0800011b   Thumb Code     0  startup_stm32f103xb.o(.text)
    I2C2_ER_IRQHandler                       0x0800011b   Thumb Code     0  startup_stm32f103xb.o(.text)
    I2C2_EV_IRQHandler                       0x0800011b   Thumb Code     0  startup_stm32f103xb.o(.text)
    PVD_IRQHandler                           0x0800011b   Thumb Code     0  startup_stm32f103xb.o(.text)
    RCC_IRQHandler                           0x0800011b   Thumb Code     0  startup_stm32f103xb.o(.text)
    RTC_Alarm_IRQHandler                     0x0800011b   Thumb Code     0  startup_stm32f103xb.o(.text)
    RTC_IRQHandler                           0x0800011b   Thumb Code     0  startup_stm32f103xb.o(.text)
    SPI1_IRQHandler                          0x0800011b   Thumb Code     0  startup_stm32f103xb.o(.text)
    SPI2_IRQHandler                          0x0800011b   Thumb Code     0  startup_stm32f103xb.o(.text)
    TAMPER_IRQHandler                        0x0800011b   Thumb Code     0  startup_stm32f103xb.o(.text)
    TIM1_BRK_IRQHandler                      0x0800011b   Thumb Code     0  startup_stm32f103xb.o(.text)
    TIM1_CC_IRQHandler                       0x0800011b   Thumb Code     0  startup_stm32f103xb.o(.text)
    TIM1_TRG_COM_IRQHandler                  0x0800011b   Thumb Code     0  startup_stm32f103xb.o(.text)
    TIM1_UP_IRQHandler                       0x0800011b   Thumb Code     0  startup_stm32f103xb.o(.text)
    TIM2_IRQHandler                          0x0800011b   Thumb Code     0  startup_stm32f103xb.o(.text)
    TIM3_IRQHandler                          0x0800011b   Thumb Code     0  startup_stm32f103xb.o(.text)
    USART1_IRQHandler                        0x0800011b   Thumb Code     0  startup_stm32f103xb.o(.text)
    USART2_IRQHandler                        0x0800011b   Thumb Code     0  startup_stm32f103xb.o(.text)
    USART3_IRQHandler                        0x0800011b   Thumb Code     0  startup_stm32f103xb.o(.text)
    USBWakeUp_IRQHandler                     0x0800011b   Thumb Code     0  startup_stm32f103xb.o(.text)
    USB_HP_CAN1_TX_IRQHandler                0x0800011b   Thumb Code     0  startup_stm32f103xb.o(.text)
    USB_LP_CAN1_RX0_IRQHandler               0x0800011b   Thumb Code     0  startup_stm32f103xb.o(.text)
    WWDG_IRQHandler                          0x0800011b   Thumb Code     0  startup_stm32f103xb.o(.text)
    __aeabi_llsr                             0x08000125   Thumb Code    32  llushr.o(.text)
    _ll_ushift_r                             0x08000125   Thumb Code     0  llushr.o(.text)
    __aeabi_memset                           0x08000145   Thumb Code    14  memseta.o(.text)
    __aeabi_memset4                          0x08000145   Thumb Code     0  memseta.o(.text)
    __aeabi_memset8                          0x08000145   Thumb Code     0  memseta.o(.text)
    __aeabi_memclr                           0x08000153   Thumb Code     4  memseta.o(.text)
    __aeabi_memclr4                          0x08000153   Thumb Code     0  memseta.o(.text)
    __aeabi_memclr8                          0x08000153   Thumb Code     0  memseta.o(.text)
    _memset$wrapper                          0x08000157   Thumb Code    18  memseta.o(.text)
    __aeabi_fmul                             0x08000169   Thumb Code   100  fmul.o(.text)
    __aeabi_dadd                             0x080001cd   Thumb Code   322  dadd.o(.text)
    __aeabi_dsub                             0x0800030f   Thumb Code     6  dadd.o(.text)
    __aeabi_drsub                            0x08000315   Thumb Code     6  dadd.o(.text)
    __aeabi_dmul                             0x0800031b   Thumb Code   228  dmul.o(.text)
    __aeabi_ddiv                             0x080003ff   Thumb Code   222  ddiv.o(.text)
    __ARM_scalbn                             0x080004dd   Thumb Code    46  dscalb.o(.text)
    scalbn                                   0x080004dd   Thumb Code     0  dscalb.o(.text)
    __aeabi_ui2f                             0x0800050b   Thumb Code    10  ffltui.o(.text)
    __aeabi_ui2d                             0x08000515   Thumb Code    26  dfltui.o(.text)
    __aeabi_f2d                              0x0800052f   Thumb Code    38  f2d.o(.text)
    __aeabi_d2f                              0x08000555   Thumb Code    56  d2f.o(.text)
    __aeabi_uidiv                            0x0800058d   Thumb Code     0  uidiv.o(.text)
    __aeabi_uidivmod                         0x0800058d   Thumb Code    44  uidiv.o(.text)
    __aeabi_uldivmod                         0x080005b9   Thumb Code    98  uldiv.o(.text)
    __aeabi_llsl                             0x0800061b   Thumb Code    30  llshl.o(.text)
    _ll_shift_l                              0x0800061b   Thumb Code     0  llshl.o(.text)
    __aeabi_lasr                             0x08000639   Thumb Code    36  llsshr.o(.text)
    _ll_sshift_r                             0x08000639   Thumb Code     0  llsshr.o(.text)
    __I$use$fp                               0x0800065d   Thumb Code     0  iusefp.o(.text)
    _float_round                             0x0800065d   Thumb Code    18  fepilogue.o(.text)
    _float_epilogue                          0x0800066f   Thumb Code    92  fepilogue.o(.text)
    _double_round                            0x080006cb   Thumb Code    30  depilogue.o(.text)
    _double_epilogue                         0x080006e9   Thumb Code   156  depilogue.o(.text)
    __aeabi_i2d                              0x08000785   Thumb Code    34  dflti.o(.text)
    __aeabi_d2ulz                            0x080007a7   Thumb Code    48  dfixul.o(.text)
    __aeabi_cdcmpeq                          0x080007d9   Thumb Code     0  cdcmple.o(.text)
    __aeabi_cdcmple                          0x080007d9   Thumb Code    48  cdcmple.o(.text)
    __aeabi_cdrcmple                         0x08000809   Thumb Code    48  cdrcmple.o(.text)
    __scatterload                            0x08000839   Thumb Code    28  init.o(.text)
    __scatterload_rt2                        0x08000839   Thumb Code     0  init.o(.text)
    ADC1_2_IRQHandler                        0x0800085d   Thumb Code     6  stm32f1xx_it.o(i.ADC1_2_IRQHandler)
    ADC_ConversionStop_Disable               0x08000869   Thumb Code    76  stm32f1xx_hal_adc.o(i.ADC_ConversionStop_Disable)
    ADC_Enable                               0x080008b5   Thumb Code   104  stm32f1xx_hal_adc.o(i.ADC_Enable)
    BusFault_Handler                         0x08000925   Thumb Code     2  stm32f1xx_it.o(i.BusFault_Handler)
    DebugMon_Handler                         0x08000927   Thumb Code     2  stm32f1xx_it.o(i.DebugMon_Handler)
    ENCODER_EC_11                            0x08000929   Thumb Code    44  encoder.o(i.ENCODER_EC_11)
    EXTI4_IRQHandler                         0x08000959   Thumb Code     6  stm32f1xx_it.o(i.EXTI4_IRQHandler)
    HAL_ADCEx_InjectedConvCpltCallback       0x0800095f   Thumb Code     2  stm32f1xx_hal_adc_ex.o(i.HAL_ADCEx_InjectedConvCpltCallback)
    HAL_ADC_ConfigChannel                    0x08000961   Thumb Code   240  stm32f1xx_hal_adc.o(i.HAL_ADC_ConfigChannel)
    HAL_ADC_ConvCpltCallback                 0x08000a5d   Thumb Code   152  main.o(i.HAL_ADC_ConvCpltCallback)
    HAL_ADC_GetValue                         0x08000b21   Thumb Code     6  stm32f1xx_hal_adc.o(i.HAL_ADC_GetValue)
    HAL_ADC_IRQHandler                       0x08000b27   Thumb Code   230  stm32f1xx_hal_adc.o(i.HAL_ADC_IRQHandler)
    HAL_ADC_Init                             0x08000c0d   Thumb Code   272  stm32f1xx_hal_adc.o(i.HAL_ADC_Init)
    HAL_ADC_LevelOutOfWindowCallback         0x08000d29   Thumb Code     2  stm32f1xx_hal_adc.o(i.HAL_ADC_LevelOutOfWindowCallback)
    HAL_ADC_MspInit                          0x08000d2d   Thumb Code    92  stm32f1xx_hal_msp.o(i.HAL_ADC_MspInit)
    HAL_ADC_Start_IT                         0x08000d95   Thumb Code   194  stm32f1xx_hal_adc.o(i.HAL_ADC_Start_IT)
    HAL_Delay                                0x08000e61   Thumb Code    32  stm32f1xx_hal.o(i.HAL_Delay)
    HAL_GPIO_EXTI_Callback                   0x08000e85   Thumb Code     8  main.o(i.HAL_GPIO_EXTI_Callback)
    HAL_GPIO_EXTI_IRQHandler                 0x08000e91   Thumb Code    18  stm32f1xx_hal_gpio.o(i.HAL_GPIO_EXTI_IRQHandler)
    HAL_GPIO_Init                            0x08000ea9   Thumb Code   446  stm32f1xx_hal_gpio.o(i.HAL_GPIO_Init)
    HAL_GPIO_ReadPin                         0x08001089   Thumb Code    10  stm32f1xx_hal_gpio.o(i.HAL_GPIO_ReadPin)
    HAL_GPIO_TogglePin                       0x08001093   Thumb Code    16  stm32f1xx_hal_gpio.o(i.HAL_GPIO_TogglePin)
    HAL_GPIO_WritePin                        0x080010a3   Thumb Code    10  stm32f1xx_hal_gpio.o(i.HAL_GPIO_WritePin)
    HAL_GetTick                              0x080010ad   Thumb Code     6  stm32f1xx_hal.o(i.HAL_GetTick)
    HAL_I2C_Init                             0x080010b9   Thumb Code   376  stm32f1xx_hal_i2c.o(i.HAL_I2C_Init)
    HAL_I2C_Mem_Read                         0x08001241   Thumb Code   574  stm32f1xx_hal_i2c.o(i.HAL_I2C_Mem_Read)
    HAL_I2C_Mem_Write                        0x08001491   Thumb Code   294  stm32f1xx_hal_i2c.o(i.HAL_I2C_Mem_Write)
    HAL_I2C_MspInit                          0x080015c1   Thumb Code    80  stm32f1xx_hal_msp.o(i.HAL_I2C_MspInit)
    HAL_IncTick                              0x0800161d   Thumb Code    12  stm32f1xx_hal.o(i.HAL_IncTick)
    HAL_Init                                 0x0800162d   Thumb Code    32  stm32f1xx_hal.o(i.HAL_Init)
    HAL_InitTick                             0x08001651   Thumb Code    54  stm32f1xx_hal.o(i.HAL_InitTick)
    HAL_MspInit                              0x08001691   Thumb Code    52  stm32f1xx_hal_msp.o(i.HAL_MspInit)
    HAL_NVIC_EnableIRQ                       0x080016cd   Thumb Code    26  stm32f1xx_hal_cortex.o(i.HAL_NVIC_EnableIRQ)
    HAL_NVIC_SetPriority                     0x080016e9   Thumb Code    60  stm32f1xx_hal_cortex.o(i.HAL_NVIC_SetPriority)
    HAL_NVIC_SetPriorityGrouping             0x08001729   Thumb Code    26  stm32f1xx_hal_cortex.o(i.HAL_NVIC_SetPriorityGrouping)
    HAL_RCCEx_PeriphCLKConfig                0x0800174d   Thumb Code   224  stm32f1xx_hal_rcc_ex.o(i.HAL_RCCEx_PeriphCLKConfig)
    HAL_RCC_ClockConfig                      0x08001839   Thumb Code   280  stm32f1xx_hal_rcc.o(i.HAL_RCC_ClockConfig)
    HAL_RCC_GetPCLK1Freq                     0x08001965   Thumb Code    20  stm32f1xx_hal_rcc.o(i.HAL_RCC_GetPCLK1Freq)
    HAL_RCC_GetPCLK2Freq                     0x08001985   Thumb Code    20  stm32f1xx_hal_rcc.o(i.HAL_RCC_GetPCLK2Freq)
    HAL_RCC_GetSysClockFreq                  0x080019a5   Thumb Code    74  stm32f1xx_hal_rcc.o(i.HAL_RCC_GetSysClockFreq)
    HAL_RCC_OscConfig                        0x08001a11   Thumb Code   778  stm32f1xx_hal_rcc.o(i.HAL_RCC_OscConfig)
    HAL_SPI_Init                             0x08001d31   Thumb Code   178  stm32f1xx_hal_spi.o(i.HAL_SPI_Init)
    HAL_SPI_MspInit                          0x08001de5   Thumb Code   152  stm32f1xx_hal_msp.o(i.HAL_SPI_MspInit)
    HAL_SPI_Transmit                         0x08001e91   Thumb Code   358  stm32f1xx_hal_spi.o(i.HAL_SPI_Transmit)
    HAL_SYSTICK_Config                       0x08001ff7   Thumb Code    40  stm32f1xx_hal_cortex.o(i.HAL_SYSTICK_Config)
    HAL_TIMEx_BreakCallback                  0x0800201f   Thumb Code     2  stm32f1xx_hal_tim_ex.o(i.HAL_TIMEx_BreakCallback)
    HAL_TIMEx_CommutCallback                 0x08002021   Thumb Code     2  stm32f1xx_hal_tim_ex.o(i.HAL_TIMEx_CommutCallback)
    HAL_TIMEx_MasterConfigSynchronization    0x08002025   Thumb Code    92  stm32f1xx_hal_tim_ex.o(i.HAL_TIMEx_MasterConfigSynchronization)
    HAL_TIM_Base_Init                        0x0800208d   Thumb Code    90  stm32f1xx_hal_tim.o(i.HAL_TIM_Base_Init)
    HAL_TIM_Base_MspInit                     0x080020e9   Thumb Code    50  stm32f1xx_hal_msp.o(i.HAL_TIM_Base_MspInit)
    HAL_TIM_Base_Start_IT                    0x08002125   Thumb Code    76  stm32f1xx_hal_tim.o(i.HAL_TIM_Base_Start_IT)
    HAL_TIM_ConfigClockSource                0x0800217d   Thumb Code   214  stm32f1xx_hal_tim.o(i.HAL_TIM_ConfigClockSource)
    HAL_TIM_IC_CaptureCallback               0x08002253   Thumb Code     2  stm32f1xx_hal_tim.o(i.HAL_TIM_IC_CaptureCallback)
    HAL_TIM_IRQHandler                       0x08002255   Thumb Code   358  stm32f1xx_hal_tim.o(i.HAL_TIM_IRQHandler)
    HAL_TIM_OC_DelayElapsedCallback          0x080023bb   Thumb Code     2  stm32f1xx_hal_tim.o(i.HAL_TIM_OC_DelayElapsedCallback)
    HAL_TIM_PWM_PulseFinishedCallback        0x080023bd   Thumb Code     2  stm32f1xx_hal_tim.o(i.HAL_TIM_PWM_PulseFinishedCallback)
    HAL_TIM_PeriodElapsedCallback            0x080023c1   Thumb Code    32  delay_timer4_tick.o(i.HAL_TIM_PeriodElapsedCallback)
    HAL_TIM_TriggerCallback                  0x080023e9   Thumb Code     2  stm32f1xx_hal_tim.o(i.HAL_TIM_TriggerCallback)
    HAL_UART_Init                            0x080023eb   Thumb Code    98  stm32f1xx_hal_uart.o(i.HAL_UART_Init)
    HAL_UART_MspInit                         0x0800244d   Thumb Code   100  stm32f1xx_hal_msp.o(i.HAL_UART_MspInit)
    HardFault_Handler                        0x080024bd   Thumb Code     2  stm32f1xx_it.o(i.HardFault_Handler)
    ILI9341_Draw_Char                        0x0800288d   Thumb Code   160  ili9341_gfx.o(i.ILI9341_Draw_Char)
    ILI9341_Draw_Colour_Burst                0x08002931   Thumb Code   150  ili9341_stm32_driver.o(i.ILI9341_Draw_Colour_Burst)
    ILI9341_Draw_Pixel                       0x080029d5   Thumb Code   332  ili9341_stm32_driver.o(i.ILI9341_Draw_Pixel)
    ILI9341_Draw_Rectangle                   0x08002b31   Thumb Code    90  ili9341_stm32_driver.o(i.ILI9341_Draw_Rectangle)
    ILI9341_Draw_Text                        0x08002b91   Thumb Code    54  ili9341_gfx.o(i.ILI9341_Draw_Text)
    ILI9341_Enable                           0x08002bc9   Thumb Code    10  ili9341_stm32_driver.o(i.ILI9341_Enable)
    ILI9341_Fill_Screen                      0x08002bd9   Thumb Code    34  ili9341_stm32_driver.o(i.ILI9341_Fill_Screen)
    ILI9341_Init                             0x08002c01   Thumb Code   536  ili9341_stm32_driver.o(i.ILI9341_Init)
    ILI9341_Reset                            0x08002e19   Thumb Code    54  ili9341_stm32_driver.o(i.ILI9341_Reset)
    ILI9341_SPI_Init                         0x08002e59   Thumb Code    10  ili9341_stm32_driver.o(i.ILI9341_SPI_Init)
    ILI9341_SPI_Send                         0x08002e69   Thumb Code    16  ili9341_stm32_driver.o(i.ILI9341_SPI_Send)
    ILI9341_Set_Address                      0x08002e7d   Thumb Code    82  ili9341_stm32_driver.o(i.ILI9341_Set_Address)
    ILI9341_Set_Rotation                     0x08002ed1   Thumb Code    76  ili9341_stm32_driver.o(i.ILI9341_Set_Rotation)
    ILI9341_Write_Command                    0x08002f21   Thumb Code    46  ili9341_stm32_driver.o(i.ILI9341_Write_Command)
    ILI9341_Write_Data                       0x08002f59   Thumb Code    46  ili9341_stm32_driver.o(i.ILI9341_Write_Data)
    INA260_Config                            0x08002f91   Thumb Code   360  ina260.o(i.INA260_Config)
    INA260_Current_Read                      0x080030f9   Thumb Code    58  ina260.o(i.INA260_Current_Read)
    INA260_ID                                0x0800313d   Thumb Code    24  ina260.o(i.INA260_ID)
    INA260_Mask_Config                       0x08003155   Thumb Code    96  ina260.o(i.INA260_Mask_Config)
    INA260_Read                              0x080031b9   Thumb Code    52  ina260.o(i.INA260_Read)
    INA260_Voltage_Read                      0x080031f1   Thumb Code    50  ina260.o(i.INA260_Voltage_Read)
    MCP4822_DAC_Write                        0x08003261   Thumb Code   134  mcp4822.o(i.MCP4822_DAC_Write)
    MemManage_Handler                        0x0800351d   Thumb Code     2  stm32f1xx_it.o(i.MemManage_Handler)
    NMI_Handler                              0x0800351f   Thumb Code     2  stm32f1xx_it.o(i.NMI_Handler)
    PendSV_Handler                           0x08003521   Thumb Code     2  stm32f1xx_it.o(i.PendSV_Handler)
    SVC_Handler                              0x080035fd   Thumb Code     2  stm32f1xx_it.o(i.SVC_Handler)
    SysTick_Handler                          0x080035ff   Thumb Code     4  stm32f1xx_it.o(i.SysTick_Handler)
    SystemClock_Config                       0x08003603   Thumb Code    98  main.o(i.SystemClock_Config)
    SystemInit                               0x08003665   Thumb Code     2  system_stm32f1xx.o(i.SystemInit)
    TIM4_IRQHandler                          0x08003669   Thumb Code     6  stm32f1xx_it.o(i.TIM4_IRQHandler)
    TIM_Base_SetConfig                       0x08003675   Thumb Code    94  stm32f1xx_hal_tim.o(i.TIM_Base_SetConfig)
    TIM_ETR_SetConfig                        0x080036e1   Thumb Code    20  stm32f1xx_hal_tim.o(i.TIM_ETR_SetConfig)
    Tick_Timer_Init                          0x0800376d   Thumb Code    32  delay_timer4_tick.o(i.Tick_Timer_Init)
    Tick_Timer_Is_Over                       0x08003799   Thumb Code    68  delay_timer4_tick.o(i.Tick_Timer_Is_Over)
    UsageFault_Handler                       0x08003899   Thumb Code     2  stm32f1xx_it.o(i.UsageFault_Handler)
    __0sprintf                               0x0800389d   Thumb Code    34  printfa.o(i.__0sprintf)
    __1sprintf                               0x0800389d   Thumb Code     0  printfa.o(i.__0sprintf)
    __2sprintf                               0x0800389d   Thumb Code     0  printfa.o(i.__0sprintf)
    __c89sprintf                             0x0800389d   Thumb Code     0  printfa.o(i.__0sprintf)
    sprintf                                  0x0800389d   Thumb Code     0  printfa.o(i.__0sprintf)
    __kernel_poly                            0x080038e5   Thumb Code   170  poly.o(i.__kernel_poly)
    __mathlib_dbl_divzero                    0x08003991   Thumb Code    12  dunder.o(i.__mathlib_dbl_divzero)
    __mathlib_dbl_infnan                     0x080039a1   Thumb Code     6  dunder.o(i.__mathlib_dbl_infnan)
    __mathlib_dbl_invalid                    0x080039a7   Thumb Code    12  dunder.o(i.__mathlib_dbl_invalid)
    __scatterload_copy                       0x080039b3   Thumb Code    14  handlers.o(i.__scatterload_copy)
    __scatterload_null                       0x080039c1   Thumb Code     2  handlers.o(i.__scatterload_null)
    __scatterload_zeroinit                   0x080039c3   Thumb Code    14  handlers.o(i.__scatterload_zeroinit)
    __set_errno                              0x080039d1   Thumb Code     6  errno.o(i.__set_errno)
    free                                     0x08004299   Thumb Code    76  malloc.o(i.free)
    log                                      0x080042e9   Thumb Code   808  log.o(i.log)
    main                                     0x08004645   Thumb Code   538  main.o(i.main)
    malloc                                   0x080048d9   Thumb Code    92  malloc.o(i.malloc)
    AHBPrescTable                            0x08004b84   Data          16  system_stm32f1xx.o(.constdata)
    APBPrescTable                            0x08004b94   Data           8  system_stm32f1xx.o(.constdata)
    __mathlib_zero                           0x08004bd8   Data           8  qnan.o(.constdata)
    Region$$Table$$Base                      0x08004be0   Number         0  anon$$obj.o(Region$$Table)
    Region$$Table$$Limit                     0x08004c00   Number         0  anon$$obj.o(Region$$Table)
    LCD_HEIGHT                               0x20000000   Data           2  ili9341_stm32_driver.o(.data)
    LCD_WIDTH                                0x20000002   Data           2  ili9341_stm32_driver.o(.data)
    check                                    0x20000004   Data           2  ina260.o(.data)
    INA260_DAC_Value                         0x20000018   Data           2  main.o(.data)
    temp                                     0x2000001c   Data           4  main.o(.data)
    uwTickFreq                               0x20000020   Data           1  stm32f1xx_hal.o(.data)
    uwTickPrio                               0x20000024   Data           4  stm32f1xx_hal.o(.data)
    uwTick                                   0x20000028   Data           4  stm32f1xx_hal.o(.data)
    SystemCoreClock                          0x2000002c   Data           4  system_stm32f1xx.o(.data)
    __microlib_freelist                      0x20000030   Data           4  mvars.o(.data)
    __microlib_freelist_initialised          0x20000034   Data           4  mvars.o(.data)
    hadc1                                    0x2000003c   Data          48  main.o(.bss)
    hi2c1                                    0x2000006c   Data          84  main.o(.bss)
    hspi1                                    0x200000c0   Data          88  main.o(.bss)
    hspi2                                    0x20000118   Data          88  main.o(.bss)
    htim4                                    0x20000170   Data          72  main.o(.bss)
    huart1                                   0x200001b8   Data          64  main.o(.bss)
    __heap_base                              0x200001f8   Data           0  startup_stm32f103xb.o(HEAP)
    __heap_limit                             0x200003f8   Data           0  startup_stm32f103xb.o(HEAP)
    __initial_sp                             0x200007f8   Data           0  startup_stm32f103xb.o(STACK)



==============================================================================

Memory Map of the image

  Image Entry point : 0x080000ed

  Load Region LR_IROM1 (Base: 0x08000000, Size: 0x00004c3c, Max: 0x00010000, ABSOLUTE)

    Execution Region ER_IROM1 (Exec base: 0x08000000, Load base: 0x08000000, Size: 0x00004c00, Max: 0x00010000, ABSOLUTE)

    Exec Addr    Load Addr    Size         Type   Attr      Idx    E Section Name        Object

    0x08000000   0x08000000   0x000000ec   Data   RO            3    RESET               startup_stm32f103xb.o
    0x080000ec   0x080000ec   0x00000000   Code   RO         4137  * .ARM.Collect$$$$00000000  mc_w.l(entry.o)
    0x080000ec   0x080000ec   0x00000004   Code   RO         4470    .ARM.Collect$$$$00000001  mc_w.l(entry2.o)
    0x080000f0   0x080000f0   0x00000004   Code   RO         4473    .ARM.Collect$$$$00000004  mc_w.l(entry5.o)
    0x080000f4   0x080000f4   0x00000000   Code   RO         4475    .ARM.Collect$$$$00000008  mc_w.l(entry7b.o)
    0x080000f4   0x080000f4   0x00000000   Code   RO         4477    .ARM.Collect$$$$0000000A  mc_w.l(entry8b.o)
    0x080000f4   0x080000f4   0x00000008   Code   RO         4478    .ARM.Collect$$$$0000000B  mc_w.l(entry9a.o)
    0x080000fc   0x080000fc   0x00000000   Code   RO         4480    .ARM.Collect$$$$0000000D  mc_w.l(entry10a.o)
    0x080000fc   0x080000fc   0x00000000   Code   RO         4482    .ARM.Collect$$$$0000000F  mc_w.l(entry11a.o)
    0x080000fc   0x080000fc   0x00000004   Code   RO         4471    .ARM.Collect$$$$00002712  mc_w.l(entry2.o)
    0x08000100   0x08000100   0x00000024   Code   RO            4    .text               startup_stm32f103xb.o
    0x08000124   0x08000124   0x00000020   Code   RO         4140    .text               mc_w.l(llushr.o)
    0x08000144   0x08000144   0x00000024   Code   RO         4142    .text               mc_w.l(memseta.o)
    0x08000168   0x08000168   0x00000064   Code   RO         4433    .text               mf_w.l(fmul.o)
    0x080001cc   0x080001cc   0x0000014e   Code   RO         4435    .text               mf_w.l(dadd.o)
    0x0800031a   0x0800031a   0x000000e4   Code   RO         4437    .text               mf_w.l(dmul.o)
    0x080003fe   0x080003fe   0x000000de   Code   RO         4439    .text               mf_w.l(ddiv.o)
    0x080004dc   0x080004dc   0x0000002e   Code   RO         4441    .text               mf_w.l(dscalb.o)
    0x0800050a   0x0800050a   0x0000000a   Code   RO         4445    .text               mf_w.l(ffltui.o)
    0x08000514   0x08000514   0x0000001a   Code   RO         4447    .text               mf_w.l(dfltui.o)
    0x0800052e   0x0800052e   0x00000026   Code   RO         4449    .text               mf_w.l(f2d.o)
    0x08000554   0x08000554   0x00000038   Code   RO         4451    .text               mf_w.l(d2f.o)
    0x0800058c   0x0800058c   0x0000002c   Code   RO         4485    .text               mc_w.l(uidiv.o)
    0x080005b8   0x080005b8   0x00000062   Code   RO         4487    .text               mc_w.l(uldiv.o)
    0x0800061a   0x0800061a   0x0000001e   Code   RO         4489    .text               mc_w.l(llshl.o)
    0x08000638   0x08000638   0x00000024   Code   RO         4491    .text               mc_w.l(llsshr.o)
    0x0800065c   0x0800065c   0x00000000   Code   RO         4506    .text               mc_w.l(iusefp.o)
    0x0800065c   0x0800065c   0x0000006e   Code   RO         4507    .text               mf_w.l(fepilogue.o)
    0x080006ca   0x080006ca   0x000000ba   Code   RO         4509    .text               mf_w.l(depilogue.o)
    0x08000784   0x08000784   0x00000022   Code   RO         4511    .text               mf_w.l(dflti.o)
    0x080007a6   0x080007a6   0x00000030   Code   RO         4513    .text               mf_w.l(dfixul.o)
    0x080007d6   0x080007d6   0x00000002   PAD
    0x080007d8   0x080007d8   0x00000030   Code   RO         4515    .text               mf_w.l(cdcmple.o)
    0x08000808   0x08000808   0x00000030   Code   RO         4517    .text               mf_w.l(cdrcmple.o)
    0x08000838   0x08000838   0x00000024   Code   RO         4519    .text               mc_w.l(init.o)
    0x0800085c   0x0800085c   0x0000000c   Code   RO          560    i.ADC1_2_IRQHandler  stm32f1xx_it.o
    0x08000868   0x08000868   0x0000004c   Code   RO          798    i.ADC_ConversionStop_Disable  stm32f1xx_hal_adc.o
    0x080008b4   0x080008b4   0x00000070   Code   RO          802    i.ADC_Enable        stm32f1xx_hal_adc.o
    0x08000924   0x08000924   0x00000002   Code   RO          561    i.BusFault_Handler  stm32f1xx_it.o
    0x08000926   0x08000926   0x00000002   Code   RO          562    i.DebugMon_Handler  stm32f1xx_it.o
    0x08000928   0x08000928   0x00000030   Code   RO          738    i.ENCODER_EC_11     encoder.o
    0x08000958   0x08000958   0x00000006   Code   RO          563    i.EXTI4_IRQHandler  stm32f1xx_it.o
    0x0800095e   0x0800095e   0x00000002   Code   RO          980    i.HAL_ADCEx_InjectedConvCpltCallback  stm32f1xx_hal_adc_ex.o
    0x08000960   0x08000960   0x000000fc   Code   RO          804    i.HAL_ADC_ConfigChannel  stm32f1xx_hal_adc.o
    0x08000a5c   0x08000a5c   0x000000c4   Code   RO          461    i.HAL_ADC_ConvCpltCallback  main.o
    0x08000b20   0x08000b20   0x00000006   Code   RO          811    i.HAL_ADC_GetValue  stm32f1xx_hal_adc.o
    0x08000b26   0x08000b26   0x000000e6   Code   RO          812    i.HAL_ADC_IRQHandler  stm32f1xx_hal_adc.o
    0x08000c0c   0x08000c0c   0x0000011c   Code   RO          813    i.HAL_ADC_Init      stm32f1xx_hal_adc.o
    0x08000d28   0x08000d28   0x00000002   Code   RO          814    i.HAL_ADC_LevelOutOfWindowCallback  stm32f1xx_hal_adc.o
    0x08000d2a   0x08000d2a   0x00000002   PAD
    0x08000d2c   0x08000d2c   0x00000068   Code   RO          655    i.HAL_ADC_MspInit   stm32f1xx_hal_msp.o
    0x08000d94   0x08000d94   0x000000cc   Code   RO          821    i.HAL_ADC_Start_IT  stm32f1xx_hal_adc.o
    0x08000e60   0x08000e60   0x00000024   Code   RO         1081    i.HAL_Delay         stm32f1xx_hal.o
    0x08000e84   0x08000e84   0x0000000c   Code   RO          462    i.HAL_GPIO_EXTI_Callback  main.o
    0x08000e90   0x08000e90   0x00000018   Code   RO         1388    i.HAL_GPIO_EXTI_IRQHandler  stm32f1xx_hal_gpio.o
    0x08000ea8   0x08000ea8   0x000001e0   Code   RO         1389    i.HAL_GPIO_Init     stm32f1xx_hal_gpio.o
    0x08001088   0x08001088   0x0000000a   Code   RO         1391    i.HAL_GPIO_ReadPin  stm32f1xx_hal_gpio.o
    0x08001092   0x08001092   0x00000010   Code   RO         1392    i.HAL_GPIO_TogglePin  stm32f1xx_hal_gpio.o
    0x080010a2   0x080010a2   0x0000000a   Code   RO         1393    i.HAL_GPIO_WritePin  stm32f1xx_hal_gpio.o
    0x080010ac   0x080010ac   0x0000000c   Code   RO         1085    i.HAL_GetTick       stm32f1xx_hal.o
    0x080010b8   0x080010b8   0x00000188   Code   RO         2060    i.HAL_I2C_Init      stm32f1xx_hal_i2c.o
    0x08001240   0x08001240   0x00000250   Code   RO         2078    i.HAL_I2C_Mem_Read  stm32f1xx_hal_i2c.o
    0x08001490   0x08001490   0x00000130   Code   RO         2081    i.HAL_I2C_Mem_Write  stm32f1xx_hal_i2c.o
    0x080015c0   0x080015c0   0x0000005c   Code   RO          657    i.HAL_I2C_MspInit   stm32f1xx_hal_msp.o
    0x0800161c   0x0800161c   0x00000010   Code   RO         1091    i.HAL_IncTick       stm32f1xx_hal.o
    0x0800162c   0x0800162c   0x00000024   Code   RO         1092    i.HAL_Init          stm32f1xx_hal.o
    0x08001650   0x08001650   0x00000040   Code   RO         1093    i.HAL_InitTick      stm32f1xx_hal.o
    0x08001690   0x08001690   0x0000003c   Code   RO          658    i.HAL_MspInit       stm32f1xx_hal_msp.o
    0x080016cc   0x080016cc   0x0000001a   Code   RO         1549    i.HAL_NVIC_EnableIRQ  stm32f1xx_hal_cortex.o
    0x080016e6   0x080016e6   0x00000002   PAD
    0x080016e8   0x080016e8   0x00000040   Code   RO         1555    i.HAL_NVIC_SetPriority  stm32f1xx_hal_cortex.o
    0x08001728   0x08001728   0x00000024   Code   RO         1556    i.HAL_NVIC_SetPriorityGrouping  stm32f1xx_hal_cortex.o
    0x0800174c   0x0800174c   0x000000ec   Code   RO         1352    i.HAL_RCCEx_PeriphCLKConfig  stm32f1xx_hal_rcc_ex.o
    0x08001838   0x08001838   0x0000012c   Code   RO         1249    i.HAL_RCC_ClockConfig  stm32f1xx_hal_rcc.o
    0x08001964   0x08001964   0x00000020   Code   RO         1256    i.HAL_RCC_GetPCLK1Freq  stm32f1xx_hal_rcc.o
    0x08001984   0x08001984   0x00000020   Code   RO         1257    i.HAL_RCC_GetPCLK2Freq  stm32f1xx_hal_rcc.o
    0x080019a4   0x080019a4   0x0000006c   Code   RO         1258    i.HAL_RCC_GetSysClockFreq  stm32f1xx_hal_rcc.o
    0x08001a10   0x08001a10   0x00000320   Code   RO         1261    i.HAL_RCC_OscConfig  stm32f1xx_hal_rcc.o
    0x08001d30   0x08001d30   0x000000b2   Code   RO         2487    i.HAL_SPI_Init      stm32f1xx_hal_spi.o
    0x08001de2   0x08001de2   0x00000002   PAD
    0x08001de4   0x08001de4   0x000000ac   Code   RO          660    i.HAL_SPI_MspInit   stm32f1xx_hal_msp.o
    0x08001e90   0x08001e90   0x00000166   Code   RO         2495    i.HAL_SPI_Transmit  stm32f1xx_hal_spi.o
    0x08001ff6   0x08001ff6   0x00000028   Code   RO         1560    i.HAL_SYSTICK_Config  stm32f1xx_hal_cortex.o
    0x0800201e   0x0800201e   0x00000002   Code   RO         3504    i.HAL_TIMEx_BreakCallback  stm32f1xx_hal_tim_ex.o
    0x08002020   0x08002020   0x00000002   Code   RO         3505    i.HAL_TIMEx_CommutCallback  stm32f1xx_hal_tim_ex.o
    0x08002022   0x08002022   0x00000002   PAD
    0x08002024   0x08002024   0x00000068   Code   RO         3523    i.HAL_TIMEx_MasterConfigSynchronization  stm32f1xx_hal_tim_ex.o
    0x0800208c   0x0800208c   0x0000005a   Code   RO         2800    i.HAL_TIM_Base_Init  stm32f1xx_hal_tim.o
    0x080020e6   0x080020e6   0x00000002   PAD
    0x080020e8   0x080020e8   0x0000003c   Code   RO          662    i.HAL_TIM_Base_MspInit  stm32f1xx_hal_msp.o
    0x08002124   0x08002124   0x00000058   Code   RO         2805    i.HAL_TIM_Base_Start_IT  stm32f1xx_hal_tim.o
    0x0800217c   0x0800217c   0x000000d6   Code   RO         2809    i.HAL_TIM_ConfigClockSource  stm32f1xx_hal_tim.o
    0x08002252   0x08002252   0x00000002   Code   RO         2834    i.HAL_TIM_IC_CaptureCallback  stm32f1xx_hal_tim.o
    0x08002254   0x08002254   0x00000166   Code   RO         2848    i.HAL_TIM_IRQHandler  stm32f1xx_hal_tim.o
    0x080023ba   0x080023ba   0x00000002   Code   RO         2851    i.HAL_TIM_OC_DelayElapsedCallback  stm32f1xx_hal_tim.o
    0x080023bc   0x080023bc   0x00000002   Code   RO         2878    i.HAL_TIM_PWM_PulseFinishedCallback  stm32f1xx_hal_tim.o
    0x080023be   0x080023be   0x00000002   PAD
    0x080023c0   0x080023c0   0x00000028   Code   RO          408    i.HAL_TIM_PeriodElapsedCallback  delay_timer4_tick.o
    0x080023e8   0x080023e8   0x00000002   Code   RO         2891    i.HAL_TIM_TriggerCallback  stm32f1xx_hal_tim.o
    0x080023ea   0x080023ea   0x00000062   Code   RO         3796    i.HAL_UART_Init     stm32f1xx_hal_uart.o
    0x0800244c   0x0800244c   0x00000070   Code   RO          664    i.HAL_UART_MspInit  stm32f1xx_hal_msp.o
    0x080024bc   0x080024bc   0x00000002   Code   RO          564    i.HardFault_Handler  stm32f1xx_it.o
    0x080024be   0x080024be   0x0000002e   Code   RO         2102    i.I2C_IsAcknowledgeFailed  stm32f1xx_hal_i2c.o
    0x080024ec   0x080024ec   0x000000fc   Code   RO         2112    i.I2C_RequestMemoryRead  stm32f1xx_hal_i2c.o
    0x080025e8   0x080025e8   0x000000a8   Code   RO         2113    i.I2C_RequestMemoryWrite  stm32f1xx_hal_i2c.o
    0x08002690   0x08002690   0x0000004c   Code   RO         2116    i.I2C_WaitOnBTFFlagUntilTimeout  stm32f1xx_hal_i2c.o
    0x080026dc   0x080026dc   0x00000068   Code   RO         2117    i.I2C_WaitOnFlagUntilTimeout  stm32f1xx_hal_i2c.o
    0x08002744   0x08002744   0x00000096   Code   RO         2118    i.I2C_WaitOnMasterAddressFlagUntilTimeout  stm32f1xx_hal_i2c.o
    0x080027da   0x080027da   0x00000066   Code   RO         2119    i.I2C_WaitOnRXNEFlagUntilTimeout  stm32f1xx_hal_i2c.o
    0x08002840   0x08002840   0x0000004c   Code   RO         2120    i.I2C_WaitOnTXEFlagUntilTimeout  stm32f1xx_hal_i2c.o
    0x0800288c   0x0800288c   0x000000a4   Code   RO           13    i.ILI9341_Draw_Char  ili9341_gfx.o
    0x08002930   0x08002930   0x000000a4   Code   RO          186    i.ILI9341_Draw_Colour_Burst  ili9341_stm32_driver.o
    0x080029d4   0x080029d4   0x0000015c   Code   RO          188    i.ILI9341_Draw_Pixel  ili9341_stm32_driver.o
    0x08002b30   0x08002b30   0x00000060   Code   RO          189    i.ILI9341_Draw_Rectangle  ili9341_stm32_driver.o
    0x08002b90   0x08002b90   0x00000036   Code   RO           19    i.ILI9341_Draw_Text  ili9341_gfx.o
    0x08002bc6   0x08002bc6   0x00000002   PAD
    0x08002bc8   0x08002bc8   0x00000010   Code   RO          191    i.ILI9341_Enable    ili9341_stm32_driver.o
    0x08002bd8   0x08002bd8   0x00000028   Code   RO          192    i.ILI9341_Fill_Screen  ili9341_stm32_driver.o
    0x08002c00   0x08002c00   0x00000218   Code   RO          193    i.ILI9341_Init      ili9341_stm32_driver.o
    0x08002e18   0x08002e18   0x00000040   Code   RO          194    i.ILI9341_Reset     ili9341_stm32_driver.o
    0x08002e58   0x08002e58   0x00000010   Code   RO          195    i.ILI9341_SPI_Init  ili9341_stm32_driver.o
    0x08002e68   0x08002e68   0x00000014   Code   RO          196    i.ILI9341_SPI_Send  ili9341_stm32_driver.o
    0x08002e7c   0x08002e7c   0x00000052   Code   RO          197    i.ILI9341_Set_Address  ili9341_stm32_driver.o
    0x08002ece   0x08002ece   0x00000002   PAD
    0x08002ed0   0x08002ed0   0x00000050   Code   RO          198    i.ILI9341_Set_Rotation  ili9341_stm32_driver.o
    0x08002f20   0x08002f20   0x00000038   Code   RO          199    i.ILI9341_Write_Command  ili9341_stm32_driver.o
    0x08002f58   0x08002f58   0x00000038   Code   RO          200    i.ILI9341_Write_Data  ili9341_stm32_driver.o
    0x08002f90   0x08002f90   0x00000168   Code   RO          326    i.INA260_Config     ina260.o
    0x080030f8   0x080030f8   0x00000044   Code   RO          327    i.INA260_Current_Read  ina260.o
    0x0800313c   0x0800313c   0x00000018   Code   RO          328    i.INA260_ID         ina260.o
    0x08003154   0x08003154   0x00000064   Code   RO          329    i.INA260_Mask_Config  ina260.o
    0x080031b8   0x080031b8   0x00000038   Code   RO          332    i.INA260_Read       ina260.o
    0x080031f0   0x080031f0   0x0000003c   Code   RO          333    i.INA260_Voltage_Read  ina260.o
    0x0800322c   0x0800322c   0x00000034   Code   RO          334    i.INA260_Write      ina260.o
    0x08003260   0x08003260   0x00000090   Code   RO          298    i.MCP4822_DAC_Write  mcp4822.o
    0x080032f0   0x080032f0   0x00000040   Code   RO          463    i.MX_ADC1_Init      main.o
    0x08003330   0x08003330   0x00000128   Code   RO          464    i.MX_GPIO_Init      main.o
    0x08003458   0x08003458   0x00000038   Code   RO          465    i.MX_SPI1_Init      main.o
    0x08003490   0x08003490   0x00000038   Code   RO          466    i.MX_SPI2_Init      main.o
    0x080034c8   0x080034c8   0x00000054   Code   RO          467    i.MX_TIM4_Init      main.o
    0x0800351c   0x0800351c   0x00000002   Code   RO          565    i.MemManage_Handler  stm32f1xx_it.o
    0x0800351e   0x0800351e   0x00000002   Code   RO          566    i.NMI_Handler       stm32f1xx_it.o
    0x08003520   0x08003520   0x00000002   Code   RO          567    i.PendSV_Handler    stm32f1xx_it.o
    0x08003522   0x08003522   0x00000020   Code   RO         2525    i.SPI_EndRxTxTransaction  stm32f1xx_hal_spi.o
    0x08003542   0x08003542   0x00000002   PAD
    0x08003544   0x08003544   0x000000b8   Code   RO         2530    i.SPI_WaitFlagStateUntilTimeout  stm32f1xx_hal_spi.o
    0x080035fc   0x080035fc   0x00000002   Code   RO          568    i.SVC_Handler       stm32f1xx_it.o
    0x080035fe   0x080035fe   0x00000004   Code   RO          569    i.SysTick_Handler   stm32f1xx_it.o
    0x08003602   0x08003602   0x00000062   Code   RO          468    i.SystemClock_Config  main.o
    0x08003664   0x08003664   0x00000002   Code   RO         4093    i.SystemInit        system_stm32f1xx.o
    0x08003666   0x08003666   0x00000002   PAD
    0x08003668   0x08003668   0x0000000c   Code   RO          570    i.TIM4_IRQHandler   stm32f1xx_it.o
    0x08003674   0x08003674   0x0000006c   Code   RO         2893    i.TIM_Base_SetConfig  stm32f1xx_hal_tim.o
    0x080036e0   0x080036e0   0x00000014   Code   RO         2904    i.TIM_ETR_SetConfig  stm32f1xx_hal_tim.o
    0x080036f4   0x080036f4   0x00000010   Code   RO         2905    i.TIM_ITRx_SetConfig  stm32f1xx_hal_tim.o
    0x08003704   0x08003704   0x00000022   Code   RO         2911    i.TIM_TI1_ConfigInputStage  stm32f1xx_hal_tim.o
    0x08003726   0x08003726   0x00000024   Code   RO         2913    i.TIM_TI2_ConfigInputStage  stm32f1xx_hal_tim.o
    0x0800374a   0x0800374a   0x00000002   PAD
    0x0800374c   0x0800374c   0x00000020   Code   RO          409    i.Tick_Timer_Get    delay_timer4_tick.o
    0x0800376c   0x0800376c   0x0000002c   Code   RO          410    i.Tick_Timer_Init   delay_timer4_tick.o
    0x08003798   0x08003798   0x00000048   Code   RO          411    i.Tick_Timer_Is_Over  delay_timer4_tick.o
    0x080037e0   0x080037e0   0x000000b8   Code   RO         3822    i.UART_SetConfig    stm32f1xx_hal_uart.o
    0x08003898   0x08003898   0x00000002   Code   RO          571    i.UsageFault_Handler  stm32f1xx_it.o
    0x0800389a   0x0800389a   0x00000002   PAD
    0x0800389c   0x0800389c   0x00000028   Code   RO         4379    i.__0sprintf        mc_w.l(printfa.o)
    0x080038c4   0x080038c4   0x00000020   Code   RO         1562    i.__NVIC_SetPriority  stm32f1xx_hal_cortex.o
    0x080038e4   0x080038e4   0x000000aa   Code   RO         4467    i.__kernel_poly     m_ws.l(poly.o)
    0x0800398e   0x0800398e   0x00000002   PAD
    0x08003990   0x08003990   0x00000010   Code   RO         4453    i.__mathlib_dbl_divzero  m_ws.l(dunder.o)
    0x080039a0   0x080039a0   0x00000006   Code   RO         4454    i.__mathlib_dbl_infnan  m_ws.l(dunder.o)
    0x080039a6   0x080039a6   0x0000000c   Code   RO         4456    i.__mathlib_dbl_invalid  m_ws.l(dunder.o)
    0x080039b2   0x080039b2   0x0000000e   Code   RO         4523    i.__scatterload_copy  mc_w.l(handlers.o)
    0x080039c0   0x080039c0   0x00000002   Code   RO         4524    i.__scatterload_null  mc_w.l(handlers.o)
    0x080039c2   0x080039c2   0x0000000e   Code   RO         4525    i.__scatterload_zeroinit  mc_w.l(handlers.o)
    0x080039d0   0x080039d0   0x0000000c   Code   RO         4501    i.__set_errno       mc_w.l(errno.o)
    0x080039dc   0x080039dc   0x00000184   Code   RO         4384    i._fp_digits        mc_w.l(printfa.o)
    0x08003b60   0x08003b60   0x000006dc   Code   RO         4385    i._printf_core      mc_w.l(printfa.o)
    0x0800423c   0x0800423c   0x00000024   Code   RO         4386    i._printf_post_padding  mc_w.l(printfa.o)
    0x08004260   0x08004260   0x0000002e   Code   RO         4387    i._printf_pre_padding  mc_w.l(printfa.o)
    0x0800428e   0x0800428e   0x0000000a   Code   RO         4389    i._sputc            mc_w.l(printfa.o)
    0x08004298   0x08004298   0x00000050   Code   RO         4405    i.free              mc_w.l(malloc.o)
    0x080042e8   0x080042e8   0x0000035c   Code   RO         4128    i.log               m_ws.l(log.o)
    0x08004644   0x08004644   0x00000294   Code   RO          470    i.main              main.o
    0x080048d8   0x080048d8   0x0000006c   Code   RO         4406    i.malloc            mc_w.l(malloc.o)
    0x08004944   0x08004944   0x00000240   Data   RO           20    .constdata          ili9341_gfx.o
    0x08004b84   0x08004b84   0x00000010   Data   RO         4094    .constdata          system_stm32f1xx.o
    0x08004b94   0x08004b94   0x00000008   Data   RO         4095    .constdata          system_stm32f1xx.o
    0x08004b9c   0x08004b9c   0x00000004   PAD
    0x08004ba0   0x08004ba0   0x00000038   Data   RO         4129    .constdata          m_ws.l(log.o)
    0x08004bd8   0x08004bd8   0x00000008   Data   RO         4469    .constdata          m_ws.l(qnan.o)
    0x08004be0   0x08004be0   0x00000020   Data   RO         4521    Region$$Table       anon$$obj.o


    Execution Region RW_IRAM1 (Exec base: 0x20000000, Load base: 0x08004c00, Size: 0x000007f8, Max: 0x00005000, ABSOLUTE)

    Exec Addr    Load Addr    Size         Type   Attr      Idx    E Section Name        Object

    0x20000000   0x08004c00   0x00000004   Data   RW          201    .data               ili9341_stm32_driver.o
    0x20000004   0x08004c04   0x00000002   Data   RW          335    .data               ina260.o
    0x20000006   0x08004c06   0x00000002   PAD
    0x20000008   0x08004c08   0x00000010   Data   RW          412    .data               delay_timer4_tick.o
    0x20000018   0x08004c18   0x00000008   Data   RW          472    .data               main.o
    0x20000020   0x08004c20   0x0000000c   Data   RW         1099    .data               stm32f1xx_hal.o
    0x2000002c   0x08004c2c   0x00000004   Data   RW         4096    .data               system_stm32f1xx.o
    0x20000030   0x08004c30   0x00000004   Data   RW         4497    .data               mc_w.l(mvars.o)
    0x20000034   0x08004c34   0x00000004   Data   RW         4498    .data               mc_w.l(mvars.o)
    0x20000038   0x08004c38   0x00000004   Data   RW         4502    .data               mc_w.l(errno.o)
    0x2000003c        -       0x000001bc   Zero   RW          471    .bss                main.o
    0x200001f8        -       0x00000200   Zero   RW            2    HEAP                startup_stm32f103xb.o
    0x200003f8        -       0x00000400   Zero   RW            1    STACK               startup_stm32f103xb.o


==============================================================================

Image component sizes


      Code (inc. data)   RO Data    RW Data    ZI Data      Debug   Object Name

       188         32          0         16          0       3791   delay_timer4_tick.o
        48          4          0          0          0        840   encoder.o
       218          4        576          0          0     461728   ili9341_gfx.o
      1574         92          0          4          0       9005   ili9341_stm32_driver.o
       720         72          0          2          0       7003   ina260.o
      1522        226          0          8        444       8005   main.o
       144         10          0          0          0       1212   mcp4822.o
        36          8        236          0       1536        796   startup_stm32f103xb.o
       164         28          0         12          0       5845   stm32f1xx_hal.o
      1166         42          0          0          0       6667   stm32f1xx_hal_adc.o
         2          0          0          0          0       1045   stm32f1xx_hal_adc_ex.o
       198         14          0          0          0      28899   stm32f1xx_hal_cortex.o
       540         40          0          0          0       4679   stm32f1xx_hal_gpio.o
      2262         56          0          0          0      12670   stm32f1xx_hal_i2c.o
       600         74          0          0          0       4282   stm32f1xx_hal_msp.o
      1272        100          0          0          0       5148   stm32f1xx_hal_rcc.o
       236         12          0          0          0       1372   stm32f1xx_hal_rcc_ex.o
       752          4          0          0          0       4366   stm32f1xx_hal_spi.o
       972         26          0          0          0       9545   stm32f1xx_hal_tim.o
       108         12          0          0          0       2341   stm32f1xx_hal_tim_ex.o
       282          6          0          0          0       1892   stm32f1xx_hal_uart.o
        50         12          0          0          0       5083   stm32f1xx_it.o
         2          0         24          4          0       1095   system_stm32f1xx.o

    ----------------------------------------------------------------------
     13080        874        872         48       1980     587309   Object Totals
         0          0         32          0          0          0   (incl. Generated)
        24          0          4          2          0          0   (incl. Padding)

    ----------------------------------------------------------------------

      Code (inc. data)   RO Data    RW Data    ZI Data      Debug   Library Member Name

        34          4          0          0          0        204   dunder.o
       860         52         56          0          0        256   log.o
       170          0          0          0          0         96   poly.o
         0          0          8          0          0          0   qnan.o
         0          0          0          0          0          0   entry.o
         0          0          0          0          0          0   entry10a.o
         0          0          0          0          0          0   entry11a.o
         8          4          0          0          0          0   entry2.o
         4          0          0          0          0          0   entry5.o
         0          0          0          0          0          0   entry7b.o
         0          0          0          0          0          0   entry8b.o
         8          4          0          0          0          0   entry9a.o
        12          6          0          4          0         68   errno.o
        30          0          0          0          0          0   handlers.o
        36          8          0          0          0         68   init.o
         0          0          0          0          0          0   iusefp.o
        30          0          0          0          0         68   llshl.o
        36          0          0          0          0         68   llsshr.o
        32          0          0          0          0         68   llushr.o
       188         20          0          0          0        160   malloc.o
        36          0          0          0          0        108   memseta.o
         0          0          0          8          0          0   mvars.o
      2276         86          0          0          0        520   printfa.o
        44          0          0          0          0         80   uidiv.o
        98          0          0          0          0         92   uldiv.o
        48          0          0          0          0         68   cdcmple.o
        48          0          0          0          0         68   cdrcmple.o
        56          0          0          0          0         88   d2f.o
       334          0          0          0          0        148   dadd.o
       222          0          0          0          0        100   ddiv.o
       186          0          0          0          0        176   depilogue.o
        48          0          0          0          0         68   dfixul.o
        34          0          0          0          0         76   dflti.o
        26          0          0          0          0         76   dfltui.o
       228          0          0          0          0         96   dmul.o
        46          0          0          0          0         80   dscalb.o
        38          0          0          0          0         68   f2d.o
       110          0          0          0          0        168   fepilogue.o
        10          0          0          0          0         68   ffltui.o
       100          0          0          0          0         76   fmul.o

    ----------------------------------------------------------------------
      5440        184         64         12          0       3280   Library Totals
         4          0          0          0          0          0   (incl. Padding)

    ----------------------------------------------------------------------

      Code (inc. data)   RO Data    RW Data    ZI Data      Debug   Library Name

      1064         56         64          0          0        556   m_ws.l
      2838        128          0         12          0       1300   mc_w.l
      1534          0          0          0          0       1424   mf_w.l

    ----------------------------------------------------------------------
      5440        184         64         12          0       3280   Library Totals

    ----------------------------------------------------------------------

==============================================================================


      Code (inc. data)   RO Data    RW Data    ZI Data      Debug   

     18520       1058        936         60       1980     582993   Grand Totals
     18520       1058        936         60       1980     582993   ELF Image Totals
     18520       1058        936         60          0          0   ROM Totals

==============================================================================

    Total RO  Size (Code + RO Data)                19456 (  19.00kB)
    Total RW  Size (RW Data + ZI Data)              2040 (   1.99kB)
    Total ROM Size (Code + RO Data + RW Data)      19516 (  19.06kB)

==============================================================================

