Component: ARM Compiler 5.06 update 6 (build 750) Tool: armlink [4d35ed]

==============================================================================

Section Cross References

    startup_stm32f103xb.o(RESET) refers to startup_stm32f103xb.o(STACK) for __initial_sp
    startup_stm32f103xb.o(RESET) refers to startup_stm32f103xb.o(.text) for Reset_Handler
    startup_stm32f103xb.o(RESET) refers to stm32f1xx_it.o(i.NMI_Handler) for NMI_Handler
    startup_stm32f103xb.o(RESET) refers to stm32f1xx_it.o(i.HardFault_Handler) for HardFault_Handler
    startup_stm32f103xb.o(RESET) refers to stm32f1xx_it.o(i.MemManage_Handler) for MemManage_Handler
    startup_stm32f103xb.o(RESET) refers to stm32f1xx_it.o(i.BusFault_Handler) for BusFault_Handler
    startup_stm32f103xb.o(RESET) refers to stm32f1xx_it.o(i.UsageFault_Handler) for UsageFault_Handler
    startup_stm32f103xb.o(RESET) refers to stm32f1xx_it.o(i.SVC_Handler) for SVC_Handler
    startup_stm32f103xb.o(RESET) refers to stm32f1xx_it.o(i.DebugMon_Handler) for DebugMon_Handler
    startup_stm32f103xb.o(RESET) refers to stm32f1xx_it.o(i.PendSV_Handler) for PendSV_Handler
    startup_stm32f103xb.o(RESET) refers to stm32f1xx_it.o(i.SysTick_Handler) for SysTick_Handler
    startup_stm32f103xb.o(RESET) refers to stm32f1xx_it.o(i.EXTI4_IRQHandler) for EXTI4_IRQHandler
    startup_stm32f103xb.o(RESET) refers to stm32f1xx_it.o(i.DMA1_Channel3_IRQHandler) for DMA1_Channel3_IRQHandler
    startup_stm32f103xb.o(RESET) refers to stm32f1xx_it.o(i.ADC1_2_IRQHandler) for ADC1_2_IRQHandler
    startup_stm32f103xb.o(RESET) refers to stm32f1xx_it.o(i.EXTI9_5_IRQHandler) for EXTI9_5_IRQHandler
    startup_stm32f103xb.o(RESET) refers to stm32f1xx_it.o(i.TIM4_IRQHandler) for TIM4_IRQHandler
    startup_stm32f103xb.o(.text) refers to system_stm32f1xx.o(i.SystemInit) for SystemInit
    startup_stm32f103xb.o(.text) refers to entry.o(.ARM.Collect$$$$00000000) for __main
    mcp4822.o(i.MCP4822_DAC_Write) refers to stm32f1xx_hal_gpio.o(i.HAL_GPIO_WritePin) for HAL_GPIO_WritePin
    mcp4822.o(i.MCP4822_DAC_Write) refers to stm32f1xx_hal_spi.o(i.HAL_SPI_Transmit) for HAL_SPI_Transmit
    mcp4822.o(i.MCP4822_DAC_Write) refers to main.o(.bss) for hspi2
    ina260.o(i.INA260_Config) refers to ina260.o(i.INA260_Write) for INA260_Write
    ina260.o(i.INA260_Current_Read) refers to ina260.o(i.INA260_Read) for INA260_Read
    ina260.o(i.INA260_Current_Read) refers to dfltui.o(.text) for __aeabi_ui2d
    ina260.o(i.INA260_Current_Read) refers to dmul.o(.text) for __aeabi_dmul
    ina260.o(i.INA260_Current_Read) refers to ddiv.o(.text) for __aeabi_ddiv
    ina260.o(i.INA260_Current_Read) refers to d2f.o(.text) for __aeabi_d2f
    ina260.o(i.INA260_ID) refers to ina260.o(i.INA260_Read) for INA260_Read
    ina260.o(i.INA260_Mask_Config) refers to ina260.o(i.INA260_Write) for INA260_Write
    ina260.o(i.INA260_Mask_Config) refers to ina260.o(.data) for .data
    ina260.o(i.INA260_Mask_Read_CallBack) refers to ina260.o(i.INA260_Read) for INA260_Read
    ina260.o(i.INA260_Power_Read) refers to ina260.o(i.INA260_Read) for INA260_Read
    ina260.o(i.INA260_Power_Read) refers to dfltui.o(.text) for __aeabi_ui2d
    ina260.o(i.INA260_Power_Read) refers to ddiv.o(.text) for __aeabi_ddiv
    ina260.o(i.INA260_Power_Read) refers to d2f.o(.text) for __aeabi_d2f
    ina260.o(i.INA260_Read) refers to stm32f1xx_hal_i2c.o(i.HAL_I2C_Mem_Read) for HAL_I2C_Mem_Read
    ina260.o(i.INA260_Read) refers to main.o(.bss) for hi2c1
    ina260.o(i.INA260_Voltage_Read) refers to ina260.o(i.INA260_Read) for INA260_Read
    ina260.o(i.INA260_Voltage_Read) refers to dfltui.o(.text) for __aeabi_ui2d
    ina260.o(i.INA260_Voltage_Read) refers to dmul.o(.text) for __aeabi_dmul
    ina260.o(i.INA260_Voltage_Read) refers to ddiv.o(.text) for __aeabi_ddiv
    ina260.o(i.INA260_Voltage_Read) refers to d2f.o(.text) for __aeabi_d2f
    ina260.o(i.INA260_Write) refers to stm32f1xx_hal_i2c.o(i.HAL_I2C_Mem_Write) for HAL_I2C_Mem_Write
    ina260.o(i.INA260_Write) refers to main.o(.bss) for hi2c1
    delay_timer4_tick.o(i.Delay) refers to delay_timer4_tick.o(i.Tick_Timer_Is_Over) for Tick_Timer_Is_Over
    delay_timer4_tick.o(i.HAL_TIM_PeriodElapsedCallback) refers to delay_timer4_tick.o(.data) for .data
    delay_timer4_tick.o(i.Tick_Timer_Get) refers to delay_timer4_tick.o(.data) for .data
    delay_timer4_tick.o(i.Tick_Timer_Init) refers to stm32f1xx_hal_tim.o(i.HAL_TIM_Base_Start_IT) for HAL_TIM_Base_Start_IT
    delay_timer4_tick.o(i.Tick_Timer_Init) refers to delay_timer4_tick.o(.data) for .data
    delay_timer4_tick.o(i.Tick_Timer_Init) refers to main.o(.bss) for htim4
    delay_timer4_tick.o(i.Tick_Timer_Is_Over) refers to delay_timer4_tick.o(i.Tick_Timer_Get) for Tick_Timer_Get
    delay_timer4_tick.o(i.Tick_Timer_Is_Over) refers to delay_timer4_tick.o(.data) for .data
    encoder.o(i.Encoder_BT) refers to encoder.o(.data) for .data
    encoder.o(i.Encoder_C11) refers to encoder.o(.data) for .data
[...]
    ..\Core\Src\Delay_Timer4_Tick.c          0x00000000   Number         0  delay_timer4_tick.o ABSOLUTE
    ..\Core\Src\ENCODER.c                    0x00000000   Number         0  encoder.o ABSOLUTE
    ..\Core\Src\ILI9341_GFX.c                0x00000000   Number         0  ili9341_gfx.o ABSOLUTE
    ..\Core\Src\ILI9341_STM32_Driver.c       0x00000000   Number         0  ili9341_stm32_driver.o ABSOLUTE
    ..\Core\Src\INA260.c                     0x00000000   Number         0  ina260.o ABSOLUTE
    ..\Core\Src\MCP4822.c                    0x00000000   Number         0  mcp4822.o ABSOLUTE
    ..\Core\Src\PID.c                        0x00000000   Number         0  pid.o ABSOLUTE
    ..\Core\Src\main.c                       0x00000000   Number         0  main.o ABSOLUTE
    ..\Core\Src\stm32f1xx_hal_msp.c          0x00000000   Number         0  stm32f1xx_hal_msp.o ABSOLUTE
    ..\Core\Src\stm32f1xx_it.c               0x00000000   Number         0  stm32f1xx_it.o ABSOLUTE
    ..\Core\Src\system_stm32f1xx.c           0x00000000   Number         0  system_stm32f1xx.o ABSOLUTE
    ..\Drivers\STM32F1xx_HAL_Driver\Src\stm32f1xx_hal.c 0x00000000   Number         0  stm32f1xx_hal.o ABSOLUTE
    ..\Drivers\STM32F1xx_HAL_Driver\Src\stm32f1xx_hal_adc.c 0x00000000   Number         0  stm32f1xx_hal_adc.o ABSOLUTE
    ..\Drivers\STM32F1xx_HAL_Driver\Src\stm32f1xx_hal_adc_ex.c 0x00000000   Number         0  stm32f1xx_hal_adc_ex.o ABSOLUTE
    ..\Drivers\STM32F1xx_HAL_Driver\Src\stm32f1xx_hal_cortex.c 0x00000000   Number         0  stm32f1xx_hal_cortex.o ABSOLUTE
    ..\Drivers\STM32F1xx_HAL_Driver\Src\stm32f1xx_hal_dma.c 0x00000000   Number         0  stm32f1xx_hal_dma.o ABSOLUTE
    ..\Drivers\STM32F1xx_HAL_Driver\Src\stm32f1xx_hal_exti.c 0x00000000   Number         0  stm32f1xx_hal_exti.o ABSOLUTE
    ..\Drivers\STM32F1xx_HAL_Driver\Src\stm32f1xx_hal_flash.c 0x00000000   Number         0  stm32f1xx_hal_flash.o ABSOLUTE
    ..\Drivers\STM32F1xx_HAL_Driver\Src\stm32f1xx_hal_flash_ex.c 0x00000000   Number         0  stm32f1xx_hal_flash_ex.o ABSOLUTE
    ..\Drivers\STM32F1xx_HAL_Driver\Src\stm32f1xx_hal_gpio.c 0x00000000   Number         0  stm32f1xx_hal_gpio.o ABSOLUTE
    ..\Drivers\STM32F1xx_HAL_Driver\Src\stm32f1xx_hal_gpio_ex.c 0x00000000   Number         0  stm32f1xx_hal_gpio_ex.o ABSOLUTE
    ..\Drivers\STM32F1xx_HAL_Driver\Src\stm32f1xx_hal_i2c.c 0x00000000   Number         0  stm32f1xx_hal_i2c.o ABSOLUTE
    ..\Drivers\STM32F1xx_HAL_Driver\Src\stm32f1xx_hal_pwr.c 0x00000000   Number         0  stm32f1xx_hal_pwr.o ABSOLUTE
    ..\Drivers\STM32F1xx_HAL_Driver\Src\stm32f1xx_hal_rcc.c 0x00000000   Number         0  stm32f1xx_hal_rcc.o ABSOLUTE
    ..\Drivers\STM32F1xx_HAL_Driver\Src\stm32f1xx_hal_rcc_ex.c 0x00000000   Number         0  stm32f1xx_hal_rcc_ex.o ABSOLUTE
    ..\Drivers\STM32F1xx_HAL_Driver\Src\stm32f1xx_hal_spi.c 0x00000000   Number         0  stm32f1xx_hal_spi.o ABSOLUTE
    ..\Drivers\STM32F1xx_HAL_Driver\Src\stm32f1xx_hal_tim.c 0x00000000   Number         0  stm32f1xx_hal_tim.o ABSOLUTE
    ..\Drivers\STM32F1xx_HAL_Driver\Src\stm32f1xx_hal_tim_ex.c 0x00000000   Number         0  stm32f1xx_hal_tim_ex.o ABSOLUTE
    ..\Drivers\STM32F1xx_HAL_Driver\Src\stm32f1xx_hal_uart.c 0x00000000   Number         0  stm32f1xx_hal_uart.o ABSOLUTE
    ..\\Core\\Src\\Delay_Timer4_Tick.c       0x00000000   Number         0  delay_timer4_tick.o ABSOLUTE
    ..\\Core\\Src\\ENCODER.c                 0x00000000   Number         0  encoder.o ABSOLUTE
    ..\\Core\\Src\\ILI9341_GFX.c             0x00000000   Number         0  ili9341_gfx.o ABSOLUTE
    ..\\Core\\Src\\ILI9341_STM32_Driver.c    0x00000000   Number         0  ili9341_stm32_driver.o ABSOLUTE
    ..\\Core\\Src\\INA260.c                  0x00000000   Number         0  ina260.o ABSOLUTE
    ..\\Core\\Src\\MCP4822.c                 0x00000000   Number         0  mcp4822.o ABSOLUTE
    ..\\Core\\Src\\PID.c                     0x00000000   Number         0  pid.o ABSOLUTE
    cdcmple.s                                0x00000000   Number         0  cdcmple.o ABSOLUTE
    cdrcmple.s                               0x00000000   Number         0  cdrcmple.o ABSOLUTE
    cfcmple.s                                0x00000000   Number         0  cfcmple.o ABSOLUTE
    cfrcmple.s                               0x00000000   Number         0  cfrcmple.o ABSOLUTE
    dc.s                                     0x00000000   Number         0  dc.o ABSOLUTE
    handlers.s                               0x00000000   Number         0  handlers.o ABSOLUTE
    init.s                                   0x00000000   Number         0  init.o ABSOLUTE
    startup_stm32f103xb.s                    0x00000000   Number         0  startup_stm32f103xb.o ABSOLUTE
    RESET                                    0x08000000   Section      236  startup_stm32f103xb.o(RESET)
    .ARM.Collect$$$$00000000                 0x080000ec   Section        0  entry.o(.ARM.Collect$$$$00000000)
    .ARM.Collect$$$$00000001                 0x080000ec   Section        4  entry2.o(.ARM.Collect$$$$00000001)
    .ARM.Collect$$$$00000004                 0x080000f0   Section        4  entry5.o(.ARM.Collect$$$$00000004)
    .ARM.Collect$$$$00000008                 0x080000f4   Section        0  entry7b.o(.ARM.Collect$$$$00000008)
    .ARM.Collect$$$$0000000A                 0x080000f4   Section        0  entry8b.o(.ARM.Collect$$$$0000000A)
    .ARM.Collect$$$$0000000B                 0x080000f4   Section        8  entry9a.o(.ARM.Collect$$$$0000000B)
    .ARM.Collect$$$$0000000D                 0x080000fc   Section        0  entry10a.o(.ARM.Collect$$$$0000000D)
    .ARM.Collect$$$$0000000F                 0x080000fc   Section        0  entry11a.o(.ARM.Collect$$$$0000000F)
    .ARM.Collect$$$$00002712                 0x080000fc   Section        4  entry2.o(.ARM.Collect$$$$00002712)
    __lit__00000000                          0x080000fc   Data           4  entry2.o(.ARM.Collect$$$$00002712)
    .text                                    0x08000100   Section       36  startup_stm32f103xb.o(.text)
    .text                                    0x08000124   Section        0  llushr.o(.text)
    .text                                    0x08000144   Section        0  memseta.o(.text)
    .text                                    0x08000168   Section        0  strlen.o(.text)
    .text                                    0x08000176   Section        0  fadd.o(.text)
    .text                                    0x08000226   Section        0  fmul.o(.text)
    .text                                    0x0800028a   Section        0  fdiv.o(.text)
    .text                                    0x08000306   Section        0  fscalb.o(.text)
    .text                                    0x0800031e   Section        0  dadd.o(.text)
    .text                                    0x0800046c   Section        0  dmul.o(.text)
    .text                                    0x08000550   Section        0  ddiv.o(.text)
    .text                                    0x0800062e   Section        0  fflti.o(.text)
    .text                                    0x08000640   Section        0  ffltui.o(.text)
    .text                                    0x0800064a   Section        0  dfltui.o(.text)
    .text                                    0x08000664   Section        0  ffixui.o(.text)
    .text                                    0x0800068c   Section        0  f2d.o(.text)
    .text                                    0x080006b2   Section        0  d2f.o(.text)
    .text                                    0x080006ec   Section       20  cfcmple.o(.text)
    .text                                    0x08000700   Section       20  cfrcmple.o(.text)
    .text                                    0x08000714   Section        0  uidiv.o(.text)
    .text                                    0x08000740   Section        0  uldiv.o(.text)
    .text                                    0x080007a2   Section        0  llshl.o(.text)
    .text                                    0x080007c0   Section        0  llsshr.o(.text)
    .text                                    0x080007e4   Section        0  fepilogue.o(.text)
    .text                                    0x080007e4   Section        0  iusefp.o(.text)
    .text                                    0x08000852   Section        0  depilogue.o(.text)
    .text                                    0x0800090c   Section        0  dfixul.o(.text)
    .text                                    0x0800093c   Section       48  cdrcmple.o(.text)
    .text                                    0x0800096c   Section       36  init.o(.text)
    i.ADC1_2_IRQHandler                      0x08000990   Section        0  stm32f1xx_it.o(i.ADC1_2_IRQHandler)
    i.ADC_ConversionStop_Disable             0x0800099c   Section        0  stm32f1xx_hal_adc.o(i.ADC_ConversionStop_Disable)
    i.BusFault_Handler                       0x080009e8   Section        0  stm32f1xx_it.o(i.BusFault_Handler)
    i.DMA1_Channel3_IRQHandler               0x080009ec   Section        0  stm32f1xx_it.o(i.DMA1_Channel3_IRQHandler)
    i.DebugMon_Handler                       0x080009f8   Section        0  stm32f1xx_it.o(i.DebugMon_Handler)
    i.EXTI4_IRQHandler                       0x080009fa   Section        0  stm32f1xx_it.o(i.EXTI4_IRQHandler)
    i.EXTI9_5_IRQHandler                     0x08000a00   Section        0  stm32f1xx_it.o(i.EXTI9_5_IRQHandler)
    i.Encoder_C11_int8                       0x08000a08   Section        0  encoder.o(i.Encoder_C11_int8)
    i.Encorder_C11_Init                      0x08000a34   Section        0  encoder.o(i.Encorder_C11_Init)
    i.Error_Handler                          0x08000a40   Section        0  main.o(i.Error_Handler)
    i.Frame_Template                         0x08000a44   Section        0  main.o(i.Frame_Template)
    i.Function_Aset                          0x08000c0c   Section        0  main.o(i.Function_Aset)
    i.Function_Vset                          0x08001020   Section        0  main.o(i.Function_Vset)
    i.HAL_ADCEx_InjectedConvCpltCallback     0x0800142c   Section        0  stm32f1xx_hal_adc_ex.o(i.HAL_ADCEx_InjectedConvCpltCallback)
    i.HAL_ADC_ConfigChannel                  0x08001430   Section        0  stm32f1xx_hal_adc.o(i.HAL_ADC_ConfigChannel)
    i.HAL_ADC_ConvCpltCallback               0x0800152c   Section        0  main.o(i.HAL_ADC_ConvCpltCallback)
    i.HAL_ADC_IRQHandler                     0x0800152e   Section        0  stm32f1xx_hal_adc.o(i.HAL_ADC_IRQHandler)
    i.HAL_ADC_Init                           0x08001614   Section        0  stm32f1xx_hal_adc.o(i.HAL_ADC_Init)
    i.HAL_ADC_LevelOutOfWindowCallback       0x08001730   Section        0  stm32f1xx_hal_adc.o(i.HAL_ADC_LevelOutOfWindowCallback)
    i.HAL_ADC_MspInit                        0x08001734   Section        0  stm32f1xx_hal_msp.o(i.HAL_ADC_MspInit)
    i.HAL_DMA_IRQHandler                     0x0800179c   Section        0  stm32f1xx_hal_dma.o(i.HAL_DMA_IRQHandler)
    i.HAL_DMA_Init                           0x080018f0   Section        0  stm32f1xx_hal_dma.o(i.HAL_DMA_Init)
    i.HAL_Delay                              0x0800194c   Section        0  stm32f1xx_hal.o(i.HAL_Delay)
    i.HAL_GPIO_EXTI_Callback                 0x08001970   Section        0  encoder.o(i.HAL_GPIO_EXTI_Callback)
    i.HAL_GPIO_EXTI_IRQHandler               0x080019d0   Section        0  stm32f1xx_hal_gpio.o(i.HAL_GPIO_EXTI_IRQHandler)
    i.HAL_GPIO_Init                          0x080019e8   Section        0  stm32f1xx_hal_gpio.o(i.HAL_GPIO_Init)
    i.HAL_GPIO_ReadPin                       0x08001bc8   Section        0  stm32f1xx_hal_gpio.o(i.HAL_GPIO_ReadPin)
    i.HAL_GPIO_TogglePin                     0x08001bd2   Section        0  stm32f1xx_hal_gpio.o(i.HAL_GPIO_TogglePin)
    i.HAL_GPIO_WritePin                      0x08001be2   Section        0  stm32f1xx_hal_gpio.o(i.HAL_GPIO_WritePin)
    i.HAL_GetTick                            0x08001bec   Section        0  stm32f1xx_hal.o(i.HAL_GetTick)
    i.HAL_I2C_Init                           0x08001bf8   Section        0  stm32f1xx_hal_i2c.o(i.HAL_I2C_Init)
    i.HAL_I2C_Mem_Read                       0x08001d80   Section        0  stm32f1xx_hal_i2c.o(i.HAL_I2C_Mem_Read)
    i.HAL_I2C_Mem_Write                      0x08001fd0   Section        0  stm32f1xx_hal_i2c.o(i.HAL_I2C_Mem_Write)
    i.HAL_I2C_MspInit                        0x08002100   Section        0  stm32f1xx_hal_msp.o(i.HAL_I2C_MspInit)
    i.HAL_IncTick                            0x0800215c   Section        0  stm32f1xx_hal.o(i.HAL_IncTick)
    i.HAL_Init                               0x0800216c   Section        0  stm32f1xx_hal.o(i.HAL_Init)
    i.HAL_InitTick                           0x08002190   Section        0  stm32f1xx_hal.o(i.HAL_InitTick)
    i.HAL_MspInit                            0x080021d0   Section        0  stm32f1xx_hal_msp.o(i.HAL_MspInit)
    i.HAL_NVIC_EnableIRQ                     0x0800220c   Section        0  stm32f1xx_hal_cortex.o(i.HAL_NVIC_EnableIRQ)
    i.HAL_NVIC_SetPriority                   0x08002228   Section        0  stm32f1xx_hal_cortex.o(i.HAL_NVIC_SetPriority)
    i.HAL_NVIC_SetPriorityGrouping           0x08002268   Section        0  stm32f1xx_hal_cortex.o(i.HAL_NVIC_SetPriorityGrouping)
    i.HAL_RCCEx_PeriphCLKConfig              0x0800228c   Section        0  stm32f1xx_hal_rcc_ex.o(i.HAL_RCCEx_PeriphCLKConfig)
    i.HAL_RCC_ClockConfig                    0x08002378   Section        0  stm32f1xx_hal_rcc.o(i.HAL_RCC_ClockConfig)
    i.HAL_RCC_GetPCLK1Freq                   0x080024a4   Section        0  stm32f1xx_hal_rcc.o(i.HAL_RCC_GetPCLK1Freq)
    i.HAL_RCC_GetPCLK2Freq                   0x080024c4   Section        0  stm32f1xx_hal_rcc.o(i.HAL_RCC_GetPCLK2Freq)
    i.HAL_RCC_GetSysClockFreq                0x080024e4   Section        0  stm32f1xx_hal_rcc.o(i.HAL_RCC_GetSysClockFreq)
    i.HAL_RCC_OscConfig                      0x08002550   Section        0  stm32f1xx_hal_rcc.o(i.HAL_RCC_OscConfig)
    i.HAL_SPI_Init                           0x08002870   Section        0  stm32f1xx_hal_spi.o(i.HAL_SPI_Init)
    i.HAL_SPI_MspInit                        0x08002924   Section        0  stm32f1xx_hal_msp.o(i.HAL_SPI_MspInit)
    i.HAL_SPI_Transmit                       0x08002a08   Section        0  stm32f1xx_hal_spi.o(i.HAL_SPI_Transmit)
    i.HAL_SYSTICK_Config                     0x08002b6e   Section        0  stm32f1xx_hal_cortex.o(i.HAL_SYSTICK_Config)
    i.HAL_TIMEx_BreakCallback                0x08002b96   Section        0  stm32f1xx_hal_tim_ex.o(i.HAL_TIMEx_BreakCallback)
    i.HAL_TIMEx_CommutCallback               0x08002b98   Section        0  stm32f1xx_hal_tim_ex.o(i.HAL_TIMEx_CommutCallback)
    i.HAL_TIMEx_MasterConfigSynchronization  0x08002b9c   Section        0  stm32f1xx_hal_tim_ex.o(i.HAL_TIMEx_MasterConfigSynchronization)
    i.HAL_TIM_Base_Init                      0x08002c04   Section        0  stm32f1xx_hal_tim.o(i.HAL_TIM_Base_Init)
    i.HAL_TIM_Base_MspInit                   0x08002c60   Section        0  stm32f1xx_hal_msp.o(i.HAL_TIM_Base_MspInit)
    i.HAL_TIM_Base_Start_IT                  0x08002c9c   Section        0  stm32f1xx_hal_tim.o(i.HAL_TIM_Base_Start_IT)
    i.HAL_TIM_ConfigClockSource              0x08002cf4   Section        0  stm32f1xx_hal_tim.o(i.HAL_TIM_ConfigClockSource)
    i.HAL_TIM_IC_CaptureCallback             0x08002dca   Section        0  stm32f1xx_hal_tim.o(i.HAL_TIM_IC_CaptureCallback)
    i.HAL_TIM_IRQHandler                     0x08002dcc   Section        0  stm32f1xx_hal_tim.o(i.HAL_TIM_IRQHandler)
    i.HAL_TIM_OC_DelayElapsedCallback        0x08002f32   Section        0  stm32f1xx_hal_tim.o(i.HAL_TIM_OC_DelayElapsedCallback)
    i.HAL_TIM_PWM_PulseFinishedCallback      0x08002f34   Section        0  stm32f1xx_hal_tim.o(i.HAL_TIM_PWM_PulseFinishedCallback)
    i.HAL_TIM_PeriodElapsedCallback          0x08002f38   Section        0  delay_timer4_tick.o(i.HAL_TIM_PeriodElapsedCallback)
    i.HAL_TIM_TriggerCallback                0x08002f60   Section        0  stm32f1xx_hal_tim.o(i.HAL_TIM_TriggerCallback)
    i.HAL_UART_Init                          0x08002f62   Section        0  stm32f1xx_hal_uart.o(i.HAL_UART_Init)
    i.HAL_UART_MspInit                       0x08002fc4   Section        0  stm32f1xx_hal_msp.o(i.HAL_UART_MspInit)
    i.HardFault_Handler                      0x08003034   Section        0  stm32f1xx_it.o(i.HardFault_Handler)
    i.I2C_IsAcknowledgeFailed                0x08003036   Section        0  stm32f1xx_hal_i2c.o(i.I2C_IsAcknowledgeFailed)
    I2C_IsAcknowledgeFailed                  0x08003037   Thumb Code    46  stm32f1xx_hal_i2c.o(i.I2C_IsAcknowledgeFailed)
    i.I2C_RequestMemoryRead                  0x08003064   Section        0  stm32f1xx_hal_i2c.o(i.I2C_RequestMemoryRead)
    I2C_RequestMemoryRead                    0x08003065   Thumb Code   246  stm32f1xx_hal_i2c.o(i.I2C_RequestMemoryRead)
    i.I2C_RequestMemoryWrite                 0x08003160   Section        0  stm32f1xx_hal_i2c.o(i.I2C_RequestMemoryWrite)
    I2C_RequestMemoryWrite                   0x08003161   Thumb Code   162  stm32f1xx_hal_i2c.o(i.I2C_RequestMemoryWrite)
    i.I2C_WaitOnBTFFlagUntilTimeout          0x08003208   Section        0  stm32f1xx_hal_i2c.o(i.I2C_WaitOnBTFFlagUntilTimeout)
    I2C_WaitOnBTFFlagUntilTimeout            0x08003209   Thumb Code    76  stm32f1xx_hal_i2c.o(i.I2C_WaitOnBTFFlagUntilTimeout)
    i.I2C_WaitOnFlagUntilTimeout             0x08003254   Section        0  stm32f1xx_hal_i2c.o(i.I2C_WaitOnFlagUntilTimeout)
    I2C_WaitOnFlagUntilTimeout               0x08003255   Thumb Code   104  stm32f1xx_hal_i2c.o(i.I2C_WaitOnFlagUntilTimeout)
    i.I2C_WaitOnMasterAddressFlagUntilTimeout 0x080032bc   Section        0  stm32f1xx_hal_i2c.o(i.I2C_WaitOnMasterAddressFlagUntilTimeout)
    I2C_WaitOnMasterAddressFlagUntilTimeout  0x080032bd   Thumb Code   150  stm32f1xx_hal_i2c.o(i.I2C_WaitOnMasterAddressFlagUntilTimeout)
    i.I2C_WaitOnRXNEFlagUntilTimeout         0x08003352   Section        0  stm32f1xx_hal_i2c.o(i.I2C_WaitOnRXNEFlagUntilTimeout)
    I2C_WaitOnRXNEFlagUntilTimeout           0x08003353   Thumb Code   102  stm32f1xx_hal_i2c.o(i.I2C_WaitOnRXNEFlagUntilTimeout)
    i.I2C_WaitOnTXEFlagUntilTimeout          0x080033b8   Section        0  stm32f1xx_hal_i2c.o(i.I2C_WaitOnTXEFlagUntilTimeout)
    I2C_WaitOnTXEFlagUntilTimeout            0x080033b9   Thumb Code    76  stm32f1xx_hal_i2c.o(i.I2C_WaitOnTXEFlagUntilTimeout)
    i.ILI9341_Draw_Char                      0x08003404   Section        0  ili9341_gfx.o(i.ILI9341_Draw_Char)
    i.ILI9341_Draw_Colour_Burst              0x080034c0   Section        0  ili9341_stm32_driver.o(i.ILI9341_Draw_Colour_Burst)
    i.ILI9341_Draw_Horizontal_Line           0x08003564   Section        0  ili9341_stm32_driver.o(i.ILI9341_Draw_Horizontal_Line)
    i.ILI9341_Draw_Pixel                     0x080035ac   Section        0  ili9341_stm32_driver.o(i.ILI9341_Draw_Pixel)
    i.ILI9341_Draw_Rectangle                 0x08003708   Section        0  ili9341_stm32_driver.o(i.ILI9341_Draw_Rectangle)
    i.ILI9341_Draw_Text                      0x08003768   Section        0  ili9341_gfx.o(i.ILI9341_Draw_Text)
    i.ILI9341_Draw_Vertical_Line             0x0800379c   Section        0  ili9341_stm32_driver.o(i.ILI9341_Draw_Vertical_Line)
    i.ILI9341_Enable                         0x080037e0   Section        0  ili9341_stm32_driver.o(i.ILI9341_Enable)
    i.ILI9341_Fill_Screen                    0x080037f0   Section        0  ili9341_stm32_driver.o(i.ILI9341_Fill_Screen)
    i.ILI9341_Init                           0x08003818   Section        0  ili9341_stm32_driver.o(i.ILI9341_Init)
    i.ILI9341_Reset                          0x08003a30   Section        0  ili9341_stm32_driver.o(i.ILI9341_Reset)
    i.ILI9341_SPI_Init                       0x08003a70   Section        0  ili9341_stm32_driver.o(i.ILI9341_SPI_Init)
    i.ILI9341_SPI_Send                       0x08003a80   Section        0  ili9341_stm32_driver.o(i.ILI9341_SPI_Send)
    i.ILI9341_Set_Address                    0x08003a94   Section        0  ili9341_stm32_driver.o(i.ILI9341_Set_Address)
    i.ILI9341_Set_Rotation                   0x08003ae8   Section        0  ili9341_stm32_driver.o(i.ILI9341_Set_Rotation)
    i.ILI9341_Write_Command                  0x08003b38   Section        0  ili9341_stm32_driver.o(i.ILI9341_Write_Command)
    i.ILI9341_Write_Data                     0x08003b70   Section        0  ili9341_stm32_driver.o(i.ILI9341_Write_Data)
    i.INA260_Config                          0x08003ba8   Section        0  ina260.o(i.INA260_Config)
    i.INA260_Current_Read                    0x08003d10   Section        0  ina260.o(i.INA260_Current_Read)
    i.INA260_Mask_Config                     0x08003d54   Section        0  ina260.o(i.INA260_Mask_Config)
    i.INA260_Read                            0x08003db8   Section        0  ina260.o(i.INA260_Read)
    i.INA260_Voltage_Read                    0x08003df0   Section        0  ina260.o(i.INA260_Voltage_Read)
    i.INA260_Write                           0x08003e2c   Section        0  ina260.o(i.INA260_Write)
    INA260_Write                             0x08003e2d   Thumb Code    46  ina260.o(i.INA260_Write)
    i.LCD_Draw_Pixel_Mem                     0x08003e60   Section        0  ili9341_gfx.o(i.LCD_Draw_Pixel_Mem)
    i.LCD_Draw_Text                          0x08003e78   Section        0  ili9341_gfx.o(i.LCD_Draw_Text)
    i.MCP4822_DAC_Write                      0x08003fe0   Section        0  mcp4822.o(i.MCP4822_DAC_Write)
    i.MX_ADC1_Init                           0x08004070   Section        0  main.o(i.MX_ADC1_Init)
    MX_ADC1_Init                             0x08004071   Thumb Code    56  main.o(i.MX_ADC1_Init)
    i.MX_GPIO_Init                           0x080040b0   Section        0  main.o(i.MX_GPIO_Init)
    MX_GPIO_Init                             0x080040b1   Thumb Code   292  main.o(i.MX_GPIO_Init)
    i.MX_SPI1_Init                           0x080041e8   Section        0  main.o(i.MX_SPI1_Init)
    MX_SPI1_Init                             0x080041e9   Thumb Code    46  main.o(i.MX_SPI1_Init)
    i.MX_SPI2_Init                           0x08004220   Section        0  main.o(i.MX_SPI2_Init)
    MX_SPI2_Init                             0x08004221   Thumb Code    48  main.o(i.MX_SPI2_Init)
    i.MX_TIM4_Init                           0x08004258   Section        0  main.o(i.MX_TIM4_Init)
    MX_TIM4_Init                             0x08004259   Thumb Code    74  main.o(i.MX_TIM4_Init)
    i.MemManage_Handler                      0x080042ac   Section        0  stm32f1xx_it.o(i.MemManage_Handler)
    i.Menu_Main                              0x080042b0   Section        0  main.o(i.Menu_Main)
    i.NMI_Handler                            0x08004380   Section        0  stm32f1xx_it.o(i.NMI_Handler)
    i.PID_VR2                                0x08004384   Section        0  pid.o(i.PID_VR2)
    i.PendSV_Handler                         0x080044ac   Section        0  stm32f1xx_it.o(i.PendSV_Handler)
    i.SPI_EndRxTxTransaction                 0x080044ae   Section        0  stm32f1xx_hal_spi.o(i.SPI_EndRxTxTransaction)
    SPI_EndRxTxTransaction                   0x080044af   Thumb Code    32  stm32f1xx_hal_spi.o(i.SPI_EndRxTxTransaction)
    i.SPI_WaitFlagStateUntilTimeout          0x080044d0   Section        0  stm32f1xx_hal_spi.o(i.SPI_WaitFlagStateUntilTimeout)
    SPI_WaitFlagStateUntilTimeout            0x080044d1   Thumb Code   180  stm32f1xx_hal_spi.o(i.SPI_WaitFlagStateUntilTimeout)
    i.SVC_Handler                            0x08004588   Section        0  stm32f1xx_it.o(i.SVC_Handler)
    i.SysTick_Handler                        0x0800458a   Section        0  stm32f1xx_it.o(i.SysTick_Handler)
    i.SystemClock_Config                     0x0800458e   Section        0  main.o(i.SystemClock_Config)
    i.SystemInit                             0x080045f0   Section        0  system_stm32f1xx.o(i.SystemInit)
    i.TIM4_IRQHandler                        0x080045f4   Section        0  stm32f1xx_it.o(i.TIM4_IRQHandler)
    i.TIM_Base_SetConfig                     0x08004600   Section        0  stm32f1xx_hal_tim.o(i.TIM_Base_SetConfig)
    i.TIM_ETR_SetConfig                      0x0800466c   Section        0  stm32f1xx_hal_tim.o(i.TIM_ETR_SetConfig)
    i.TIM_ITRx_SetConfig                     0x08004680   Section        0  stm32f1xx_hal_tim.o(i.TIM_ITRx_SetConfig)
    TIM_ITRx_SetConfig                       0x08004681   Thumb Code    16  stm32f1xx_hal_tim.o(i.TIM_ITRx_SetConfig)
    i.TIM_TI1_ConfigInputStage               0x08004690   Section        0  stm32f1xx_hal_tim.o(i.TIM_TI1_ConfigInputStage)
    TIM_TI1_ConfigInputStage                 0x08004691   Thumb Code    34  stm32f1xx_hal_tim.o(i.TIM_TI1_ConfigInputStage)
    i.TIM_TI2_ConfigInputStage               0x080046b2   Section        0  stm32f1xx_hal_tim.o(i.TIM_TI2_ConfigInputStage)
    TIM_TI2_ConfigInputStage                 0x080046b3   Thumb Code    36  stm32f1xx_hal_tim.o(i.TIM_TI2_ConfigInputStage)
    i.Tick_Timer_Get                         0x080046d8   Section        0  delay_timer4_tick.o(i.Tick_Timer_Get)
    Tick_Timer_Get                           0x080046d9   Thumb Code    24  delay_timer4_tick.o(i.Tick_Timer_Get)
    i.Tick_Timer_Init                        0x080046f8   Section        0  delay_timer4_tick.o(i.Tick_Timer_Init)
    i.Tick_Timer_Is_Over                     0x08004724   Section        0  delay_timer4_tick.o(i.Tick_Timer_Is_Over)
    i.UART_SetConfig                         0x0800476c   Section        0  stm32f1xx_hal_uart.o(i.UART_SetConfig)
    UART_SetConfig                           0x0800476d   Thumb Code   178  stm32f1xx_hal_uart.o(i.UART_SetConfig)
    i.UsageFault_Handler                     0x08004824   Section        0  stm32f1xx_it.o(i.UsageFault_Handler)
    i.__0sprintf                             0x08004828   Section        0  printfa.o(i.__0sprintf)
    i.__NVIC_SetPriority                     0x08004850   Section        0  stm32f1xx_hal_cortex.o(i.__NVIC_SetPriority)
    __NVIC_SetPriority                       0x08004851   Thumb Code    32  stm32f1xx_hal_cortex.o(i.__NVIC_SetPriority)
    i.__scatterload_copy                     0x08004870   Section       14  handlers.o(i.__scatterload_copy)
    i.__scatterload_null                     0x0800487e   Section        2  handlers.o(i.__scatterload_null)
    i.__scatterload_zeroinit                 0x08004880   Section       14  handlers.o(i.__scatterload_zeroinit)
    i._fp_digits                             0x08004890   Section        0  printfa.o(i._fp_digits)
    _fp_digits                               0x08004891   Thumb Code   366  printfa.o(i._fp_digits)
    i._printf_core                           0x08004a14   Section        0  printfa.o(i._printf_core)
    _printf_core                             0x08004a15   Thumb Code  1744  printfa.o(i._printf_core)
    i._printf_post_padding                   0x080050f0   Section        0  printfa.o(i._printf_post_padding)
    _printf_post_padding                     0x080050f1   Thumb Code    36  printfa.o(i._printf_post_padding)
    i._printf_pre_padding                    0x08005114   Section        0  printfa.o(i._printf_pre_padding)
    _printf_pre_padding                      0x08005115   Thumb Code    46  printfa.o(i._printf_pre_padding)
    i._sputc                                 0x08005142   Section        0  printfa.o(i._sputc)
    _sputc                                   0x08005143   Thumb Code    10  printfa.o(i._sputc)
    i.free                                   0x0800514c   Section        0  malloc.o(i.free)
    i.main                                   0x0800519c   Section        0  main.o(i.main)
    i.malloc                                 0x080052e4   Section        0  malloc.o(i.malloc)
    .constdata                               0x08005350   Section     8360  ili9341_gfx.o(.constdata)
    font_11x18                               0x08005350   Data        3420  ili9341_gfx.o(.constdata)
    font_16x26                               0x080060ac   Data        4940  ili9341_gfx.o(.constdata)
    .constdata                               0x080073f8   Section       16  system_stm32f1xx.o(.constdata)
    .constdata                               0x08007408   Section        8  system_stm32f1xx.o(.constdata)
    .data                                    0x20000000   Section        2  ina260.o(.data)
    .data                                    0x20000004   Section       16  delay_timer4_tick.o(.data)
    TickCount                                0x20000004   Data           2  delay_timer4_tick.o(.data)
    Tick_Per_Us                              0x20000008   Data           4  delay_timer4_tick.o(.data)
    Tick_Per_Ms                              0x2000000c   Data           4  delay_timer4_tick.o(.data)
    Tick_Per_Sec                             0x20000010   Data           4  delay_timer4_tick.o(.data)
    .data                                    0x20000014   Section        6  encoder.o(.data)
    .data                                    0x2000001a   Section        4  ili9341_stm32_driver.o(.data)
    .data                                    0x20000020   Section       32  pid.o(.data)
    E                                        0x20000020   Data           4  pid.o(.data)
    E1                                       0x20000024   Data           4  pid.o(.data)
    E2                                       0x20000028   Data           4  pid.o(.data)
    alpha                                    0x2000002c   Data           4  pid.o(.data)
    beta                                     0x20000030   Data           4  pid.o(.data)
    gama                                     0x20000034   Data           4  pid.o(.data)
    output                                   0x20000038   Data           4  pid.o(.data)
    LastOutput                               0x2000003c   Data           4  pid.o(.data)
    .data                                    0x20000040   Section       68  main.o(.data)
    V_Function                               0x20000040   Data           1  main.o(.data)
    aa                                       0x20000041   Data           1  main.o(.data)
    bb                                       0x20000042   Data           1  main.o(.data)
    cc                                       0x20000043   Data           1  main.o(.data)
    dd                                       0x20000044   Data           1  main.o(.data)
    V_Func_Select                            0x20000045   Data           1  main.o(.data)
    Mode_On                                  0x20000046   Data           1  main.o(.data)
    A_Function                               0x20000047   Data           1  main.o(.data)
    aa                                       0x20000048   Data           1  main.o(.data)
    bb                                       0x20000049   Data           1  main.o(.data)
    cc                                       0x2000004a   Data           1  main.o(.data)
    dd                                       0x2000004b   Data           1  main.o(.data)
    A_Func_Select                            0x2000004c   Data           1  main.o(.data)
    Mode_On                                  0x2000004d   Data           1  main.o(.data)
    INA260_DAC_Value                         0x2000004e   Data           2  main.o(.data)
    INA260_DAC_Value                         0x20000050   Data           2  main.o(.data)
    V_Set                                    0x20000054   Data           4  main.o(.data)
    current                                  0x20000058   Data           4  main.o(.data)
    voltage                                  0x2000005c   Data           4  main.o(.data)
    power                                    0x20000060   Data           4  main.o(.data)
    A_Set                                    0x20000064   Data           4  main.o(.data)
    current                                  0x20000068   Data           4  main.o(.data)
    voltage                                  0x2000006c   Data           4  main.o(.data)
    power                                    0x20000070   Data           4  main.o(.data)
    Temp_Buffer_text                         0x20000074   Data           8  main.o(.data)
    Temp_Buffer_text                         0x2000007c   Data           8  main.o(.data)
    .data                                    0x20000084   Section       12  stm32f1xx_hal.o(.data)
    .data                                    0x20000090   Section        4  system_stm32f1xx.o(.data)
    .data                                    0x20000094   Section        4  mvars.o(.data)
    .data                                    0x20000098   Section        4  mvars.o(.data)
    .bss                                     0x2000009c   Section      492  main.o(.bss)
    Tick                                     0x2000009c   Data          12  main.o(.bss)
    Tick1                                    0x200000a8   Data          12  main.o(.bss)
    Tick                                     0x200000b4   Data          12  main.o(.bss)
    Tick1                                    0x200000c0   Data          12  main.o(.bss)
    .bss                                     0x20000288   Section       68  main.o(.bss)
    HEAP                                     0x200002d0   Section    10000  startup_stm32f103xb.o(HEAP)
    STACK                                    0x200029e0   Section     1024  startup_stm32f103xb.o(STACK)

    Global Symbols

    Symbol Name                              Value     Ov Type        Size  Object(Section)

    BuildAttributes$$THM_ISAv4$P$D$K$B$S$PE$A:L22UL41UL21$X:L11$S22US41US21$IEEE1$IW$USESV6$~STKCKD$USESV7$~SHL$OTIME$ROPI$IEEEX$EBA8$MICROLIB$REQ8$PRES8$EABIv2 0x00000000   Number         0  anon$$obj.o ABSOLUTE
    __ARM_use_no_argv                        0x00000000   Number         0  main.o ABSOLUTE
    _printf_a                                0x00000000   Number         0  stubs.o ABSOLUTE
    _printf_c                                0x00000000   Number         0  stubs.o ABSOLUTE
    _printf_charcount                        0x00000000   Number         0  stubs.o ABSOLUTE
    _printf_d                                0x00000000   Number         0  stubs.o ABSOLUTE
    _printf_e                                0x00000000   Number         0  stubs.o ABSOLUTE
    _printf_f                                0x00000000   Number         0  stubs.o ABSOLUTE
    _printf_flags                            0x00000000   Number         0  stubs.o ABSOLUTE
    _printf_fp_dec                           0x00000000   Number         0  stubs.o ABSOLUTE
    _printf_fp_hex                           0x00000000   Number         0  stubs.o ABSOLUTE
    _printf_g                                0x00000000   Number         0  stubs.o ABSOLUTE
    _printf_i                                0x00000000   Number         0  stubs.o ABSOLUTE
    _printf_int_dec                          0x00000000   Number         0  stubs.o ABSOLUTE
    _printf_l                                0x00000000   Number         0  stubs.o ABSOLUTE
    _printf_lc                               0x00000000   Number         0  stubs.o ABSOLUTE
    _printf_ll                               0x00000000   Number         0  stubs.o ABSOLUTE
    _printf_lld                              0x00000000   Number         0  stubs.o ABSOLUTE
    _printf_lli                              0x00000000   Number         0  stubs.o ABSOLUTE
    _printf_llo                              0x00000000   Number         0  stubs.o ABSOLUTE
    _printf_llu                              0x00000000   Number         0  stubs.o ABSOLUTE
    _printf_llx                              0x00000000   Number         0  stubs.o ABSOLUTE
    _printf_longlong_dec                     0x00000000   Number         0  stubs.o ABSOLUTE
    _printf_longlong_hex                     0x00000000   Number         0  stubs.o ABSOLUTE
    _printf_longlong_oct                     0x00000000   Number         0  stubs.o ABSOLUTE
    _printf_ls                               0x00000000   Number         0  stubs.o ABSOLUTE
    _printf_mbtowc                           0x00000000   Number         0  stubs.o ABSOLUTE
    _printf_n                                0x00000000   Number         0  stubs.o ABSOLUTE
    _printf_o                                0x00000000   Number         0  stubs.o ABSOLUTE
    _printf_p                                0x00000000   Number         0  stubs.o ABSOLUTE
    _printf_percent                          0x00000000   Number         0  stubs.o ABSOLUTE
    _printf_pre_padding                      0x00000000   Number         0  stubs.o ABSOLUTE
    _printf_return_value                     0x00000000   Number         0  stubs.o ABSOLUTE
    _printf_s                                0x00000000   Number         0  stubs.o ABSOLUTE
    _printf_sizespec                         0x00000000   Number         0  stubs.o ABSOLUTE
    _printf_str                              0x00000000   Number         0  stubs.o ABSOLUTE
    _printf_truncate_signed                  0x00000000   Number         0  stubs.o ABSOLUTE
    _printf_truncate_unsigned                0x00000000   Number         0  stubs.o ABSOLUTE
    _printf_u                                0x00000000   Number         0  stubs.o ABSOLUTE
    _printf_wc                               0x00000000   Number         0  stubs.o ABSOLUTE
    _printf_wctomb                           0x00000000   Number         0  stubs.o ABSOLUTE
    _printf_widthprec                        0x00000000   Number         0  stubs.o ABSOLUTE
    _printf_x                                0x00000000   Number         0  stubs.o ABSOLUTE
    __cpp_initialize__aeabi_                  - Undefined Weak Reference
    __cxa_finalize                            - Undefined Weak Reference
    __decompress                              - Undefined Weak Reference
    _clock_init                               - Undefined Weak Reference
    _microlib_exit                            - Undefined Weak Reference
    __Vectors_Size                           0x000000ec   Number         0  startup_stm32f103xb.o ABSOLUTE
    __Vectors                                0x08000000   Data           4  startup_stm32f103xb.o(RESET)
    __Vectors_End                            0x080000ec   Data           0  startup_stm32f103xb.o(RESET)
    __main                                   0x080000ed   Thumb Code     0  entry.o(.ARM.Collect$$$$00000000)
    _main_stk                                0x080000ed   Thumb Code     0  entry2.o(.ARM.Collect$$$$00000001)
    _main_scatterload                        0x080000f1   Thumb Code     0  entry5.o(.ARM.Collect$$$$00000004)
    __main_after_scatterload                 0x080000f5   Thumb Code     0  entry5.o(.ARM.Collect$$$$00000004)
    _main_clock                              0x080000f5   Thumb Code     0  entry7b.o(.ARM.Collect$$$$00000008)
    _main_cpp_init                           0x080000f5   Thumb Code     0  entry8b.o(.ARM.Collect$$$$0000000A)
    _main_init                               0x080000f5   Thumb Code     0  entry9a.o(.ARM.Collect$$$$0000000B)
    __rt_final_cpp                           0x080000fd   Thumb Code     0  entry10a.o(.ARM.Collect$$$$0000000D)
    __rt_final_exit                          0x080000fd   Thumb Code     0  entry11a.o(.ARM.Collect$$$$0000000F)
    Reset_Handler                            0x08000101   Thumb Code     8  startup_stm32f103xb.o(.text)
    CAN1_RX1_IRQHandler                      0x0800011b   Thumb Code     0  startup_stm32f103xb.o(.text)
    CAN1_SCE_IRQHandler                      0x0800011b   Thumb Code     0  startup_stm32f103xb.o(.text)
    DMA1_Channel1_IRQHandler                 0x0800011b   Thumb Code     0  startup_stm32f103xb.o(.text)
    DMA1_Channel2_IRQHandler                 0x0800011b   Thumb Code     0  startup_stm32f103xb.o(.text)
    DMA1_Channel4_IRQHandler                 0x0800011b   Thumb Code     0  startup_stm32f103xb.o(.text)
    DMA1_Channel5_IRQHandler                 0x0800011b   Thumb Code     0  startup_stm32f103xb.o(.text)
    DMA1_Channel6_IRQHandler                 0x0800011b   Thumb Code     0  startup_stm32f103xb.o(.text)
    DMA1_Channel7_IRQHandler                 0x0800011b   Thumb Code     0  startup_stm32f103xb.o(.text)
    EXTI0_IRQHandler                         0x0800011b   Thumb Code     0  startup_stm32f103xb.o(.text)
    EXTI15_10_IRQHandler                     0x0800011b   Thumb Code     0  startup_stm32f103xb.o(.text)
    EXTI1_IRQHandler                         0x0800011b   Thumb Code     0  startup_stm32f103xb.o(.text)
    EXTI2_IRQHandler                         0x0800011b   Thumb Code     0  startup_stm32f103xb.o(.text)
    EXTI3_IRQHandler                         0x0800011b   Thumb Code     0  startup_stm32f103xb.o(.text)
    FLASH_IRQHandler                         0x0800011b   Thumb Code     0  startup_stm32f103xb.o(.text)
    I2C1_ER_IRQHandler                       0x0800011b   Thumb Code     0  startup_stm32f103xb.o(.text)
    I2C1_EV_IRQHandler                       0x0800011b   Thumb Code     0  startup_stm32f103xb.o(.text)
    I2C2_ER_IRQHandler                       0x0800011b   Thumb Code     0  startup_stm32f103xb.o(.text)
    I2C2_EV_IRQHandler                       0x0800011b   Thumb Code     0  startup_stm32f103xb.o(.text)
    PVD_IRQHandler                           0x0800011b   Thumb Code     0  startup_stm32f103xb.o(.text)
    RCC_IRQHandler                           0x0800011b   Thumb Code     0  startup_stm32f103xb.o(.text)
    RTC_Alarm_IRQHandler                     0x0800011b   Thumb Code     0  startup_stm32f103xb.o(.text)
    RTC_IRQHandler                           0x0800011b   Thumb Code     0  startup_stm32f103xb.o(.text)
    SPI1_IRQHandler                          0x0800011b   Thumb Code     0  startup_stm32f103xb.o(.text)
    SPI2_IRQHandler                          0x0800011b   Thumb Code     0  startup_stm32f103xb.o(.text)
    TAMPER_IRQHandler                        0x0800011b   Thumb Code     0  startup_stm32f103xb.o(.text)
    TIM1_BRK_IRQHandler                      0x0800011b   Thumb Code     0  startup_stm32f103xb.o(.text)
    TIM1_CC_IRQHandler                       0x0800011b   Thumb Code     0  startup_stm32f103xb.o(.text)
    TIM1_TRG_COM_IRQHandler                  0x0800011b   Thumb Code     0  startup_stm32f103xb.o(.text)
    TIM1_UP_IRQHandler                       0x0800011b   Thumb Code     0  startup_stm32f103xb.o(.text)
    TIM2_IRQHandler                          0x0800011b   Thumb Code     0  startup_stm32f103xb.o(.text)
    TIM3_IRQHandler                          0x0800011b   Thumb Code     0  startup_stm32f103xb.o(.text)
    USART1_IRQHandler                        0x0800011b   Thumb Code     0  startup_stm32f103xb.o(.text)
    USART2_IRQHandler                        0x0800011b   Thumb Code     0  startup_stm32f103xb.o(.text)
    USART3_IRQHandler                        0x0800011b   Thumb Code     0  startup_stm32f103xb.o(.text)
    USBWakeUp_IRQHandler                     0x0800011b   Thumb Code     0  startup_stm32f103xb.o(.text)
    USB_HP_CAN1_TX_IRQHandler                0x0800011b   Thumb Code     0  startup_stm32f103xb.o(.text)
    USB_LP_CAN1_RX0_IRQHandler               0x0800011b   Thumb Code     0  startup_stm32f103xb.o(.text)
    WWDG_IRQHandler                          0x0800011b   Thumb Code     0  startup_stm32f103xb.o(.text)
    __aeabi_llsr                             0x08000125   Thumb Code    32  llushr.o(.text)
    _ll_ushift_r                             0x08000125   Thumb Code     0  llushr.o(.text)
    __aeabi_memset                           0x08000145   Thumb Code    14  memseta.o(.text)
    __aeabi_memset4                          0x08000145   Thumb Code     0  memseta.o(.text)
    __aeabi_memset8                          0x08000145   Thumb Code     0  memseta.o(.text)
    __aeabi_memclr                           0x08000153   Thumb Code     4  memseta.o(.text)
    __aeabi_memclr4                          0x08000153   Thumb Code     0  memseta.o(.text)
    __aeabi_memclr8                          0x08000153   Thumb Code     0  memseta.o(.text)
    _memset$wrapper                          0x08000157   Thumb Code    18  memseta.o(.text)
    strlen                                   0x08000169   Thumb Code    14  strlen.o(.text)
    __aeabi_fadd                             0x08000177   Thumb Code   164  fadd.o(.text)
    __aeabi_fsub                             0x0800021b   Thumb Code     6  fadd.o(.text)
    __aeabi_frsub                            0x08000221   Thumb Code     6  fadd.o(.text)
    __aeabi_fmul                             0x08000227   Thumb Code   100  fmul.o(.text)
    __aeabi_fdiv                             0x0800028b   Thumb Code   124  fdiv.o(.text)
    __ARM_scalbnf                            0x08000307   Thumb Code    24  fscalb.o(.text)
    scalbnf                                  0x08000307   Thumb Code     0  fscalb.o(.text)
    __aeabi_dadd                             0x0800031f   Thumb Code   322  dadd.o(.text)
    __aeabi_dsub                             0x08000461   Thumb Code     6  dadd.o(.text)
    __aeabi_drsub                            0x08000467   Thumb Code     6  dadd.o(.text)
    __aeabi_dmul                             0x0800046d   Thumb Code   228  dmul.o(.text)
    __aeabi_ddiv                             0x08000551   Thumb Code   222  ddiv.o(.text)
    __aeabi_i2f                              0x0800062f   Thumb Code    18  fflti.o(.text)
    __aeabi_ui2f                             0x08000641   Thumb Code    10  ffltui.o(.text)
    __aeabi_ui2d                             0x0800064b   Thumb Code    26  dfltui.o(.text)
    __aeabi_f2uiz                            0x08000665   Thumb Code    40  ffixui.o(.text)
    __aeabi_f2d                              0x0800068d   Thumb Code    38  f2d.o(.text)
    __aeabi_d2f                              0x080006b3   Thumb Code    56  d2f.o(.text)
    __aeabi_cfcmpeq                          0x080006ed   Thumb Code     0  cfcmple.o(.text)
    __aeabi_cfcmple                          0x080006ed   Thumb Code    20  cfcmple.o(.text)
    __aeabi_cfrcmple                         0x08000701   Thumb Code    20  cfrcmple.o(.text)
    __aeabi_uidiv                            0x08000715   Thumb Code     0  uidiv.o(.text)
    __aeabi_uidivmod                         0x08000715   Thumb Code    44  uidiv.o(.text)
    __aeabi_uldivmod                         0x08000741   Thumb Code    98  uldiv.o(.text)
    __aeabi_llsl                             0x080007a3   Thumb Code    30  llshl.o(.text)
    _ll_shift_l                              0x080007a3   Thumb Code     0  llshl.o(.text)
    __aeabi_lasr                             0x080007c1   Thumb Code    36  llsshr.o(.text)
    _ll_sshift_r                             0x080007c1   Thumb Code     0  llsshr.o(.text)
    __I$use$fp                               0x080007e5   Thumb Code     0  iusefp.o(.text)
    _float_round                             0x080007e5   Thumb Code    18  fepilogue.o(.text)
    _float_epilogue                          0x080007f7   Thumb Code    92  fepilogue.o(.text)
    _double_round                            0x08000853   Thumb Code    30  depilogue.o(.text)
    _double_epilogue                         0x08000871   Thumb Code   156  depilogue.o(.text)
    __aeabi_d2ulz                            0x0800090d   Thumb Code    48  dfixul.o(.text)
    __aeabi_cdrcmple                         0x0800093d   Thumb Code    48  cdrcmple.o(.text)
    __scatterload                            0x0800096d   Thumb Code    28  init.o(.text)
    __scatterload_rt2                        0x0800096d   Thumb Code     0  init.o(.text)
    ADC1_2_IRQHandler                        0x08000991   Thumb Code     6  stm32f1xx_it.o(i.ADC1_2_IRQHandler)
    ADC_ConversionStop_Disable               0x0800099d   Thumb Code    76  stm32f1xx_hal_adc.o(i.ADC_ConversionStop_Disable)
    BusFault_Handler                         0x080009e9   Thumb Code     2  stm32f1xx_it.o(i.BusFault_Handler)
    DMA1_Channel3_IRQHandler                 0x080009ed   Thumb Code     6  stm32f1xx_it.o(i.DMA1_Channel3_IRQHandler)
    DebugMon_Handler                         0x080009f9   Thumb Code     2  stm32f1xx_it.o(i.DebugMon_Handler)
    EXTI4_IRQHandler                         0x080009fb   Thumb Code     6  stm32f1xx_it.o(i.EXTI4_IRQHandler)
    EXTI9_5_IRQHandler                       0x08000a01   Thumb Code     6  stm32f1xx_it.o(i.EXTI9_5_IRQHandler)
    Encoder_C11_int8                         0x08000a09   Thumb Code    40  encoder.o(i.Encoder_C11_int8)
    Encorder_C11_Init                        0x08000a35   Thumb Code     6  encoder.o(i.Encorder_C11_Init)
    Error_Handler                            0x08000a41   Thumb Code     2  main.o(i.Error_Handler)
    Frame_Template                           0x08000a45   Thumb Code   402  main.o(i.Frame_Template)
    Function_Aset                            0x08000c0d   Thumb Code   956  main.o(i.Function_Aset)
    Function_Vset                            0x08001021   Thumb Code   956  main.o(i.Function_Vset)
    HAL_ADCEx_InjectedConvCpltCallback       0x0800142d   Thumb Code     2  stm32f1xx_hal_adc_ex.o(i.HAL_ADCEx_InjectedConvCpltCallback)
    HAL_ADC_ConfigChannel                    0x08001431   Thumb Code   240  stm32f1xx_hal_adc.o(i.HAL_ADC_ConfigChannel)
    HAL_ADC_ConvCpltCallback                 0x0800152d   Thumb Code     2  main.o(i.HAL_ADC_ConvCpltCallback)
    HAL_ADC_IRQHandler                       0x0800152f   Thumb Code   230  stm32f1xx_hal_adc.o(i.HAL_ADC_IRQHandler)
    HAL_ADC_Init                             0x08001615   Thumb Code   272  stm32f1xx_hal_adc.o(i.HAL_ADC_Init)
    HAL_ADC_LevelOutOfWindowCallback         0x08001731   Thumb Code     2  stm32f1xx_hal_adc.o(i.HAL_ADC_LevelOutOfWindowCallback)
    HAL_ADC_MspInit                          0x08001735   Thumb Code    92  stm32f1xx_hal_msp.o(i.HAL_ADC_MspInit)
    HAL_DMA_IRQHandler                       0x0800179d   Thumb Code   316  stm32f1xx_hal_dma.o(i.HAL_DMA_IRQHandler)
    HAL_DMA_Init                             0x080018f1   Thumb Code    84  stm32f1xx_hal_dma.o(i.HAL_DMA_Init)
    HAL_Delay                                0x0800194d   Thumb Code    32  stm32f1xx_hal.o(i.HAL_Delay)
    HAL_GPIO_EXTI_Callback                   0x08001971   Thumb Code    86  encoder.o(i.HAL_GPIO_EXTI_Callback)
    HAL_GPIO_EXTI_IRQHandler                 0x080019d1   Thumb Code    18  stm32f1xx_hal_gpio.o(i.HAL_GPIO_EXTI_IRQHandler)
    HAL_GPIO_Init                            0x080019e9   Thumb Code   446  stm32f1xx_hal_gpio.o(i.HAL_GPIO_Init)
    HAL_GPIO_ReadPin                         0x08001bc9   Thumb Code    10  stm32f1xx_hal_gpio.o(i.HAL_GPIO_ReadPin)
    HAL_GPIO_TogglePin                       0x08001bd3   Thumb Code    16  stm32f1xx_hal_gpio.o(i.HAL_GPIO_TogglePin)
    HAL_GPIO_WritePin                        0x08001be3   Thumb Code    10  stm32f1xx_hal_gpio.o(i.HAL_GPIO_WritePin)
    HAL_GetTick                              0x08001bed   Thumb Code     6  stm32f1xx_hal.o(i.HAL_GetTick)
    HAL_I2C_Init                             0x08001bf9   Thumb Code   376  stm32f1xx_hal_i2c.o(i.HAL_I2C_Init)
    HAL_I2C_Mem_Read                         0x08001d81   Thumb Code   574  stm32f1xx_hal_i2c.o(i.HAL_I2C_Mem_Read)
    HAL_I2C_Mem_Write                        0x08001fd1   Thumb Code   294  stm32f1xx_hal_i2c.o(i.HAL_I2C_Mem_Write)
    HAL_I2C_MspInit                          0x08002101   Thumb Code    80  stm32f1xx_hal_msp.o(i.HAL_I2C_MspInit)
    HAL_IncTick                              0x0800215d   Thumb Code    12  stm32f1xx_hal.o(i.HAL_IncTick)
    HAL_Init                                 0x0800216d   Thumb Code    32  stm32f1xx_hal.o(i.HAL_Init)
    HAL_InitTick                             0x08002191   Thumb Code    54  stm32f1xx_hal.o(i.HAL_InitTick)
    HAL_MspInit                              0x080021d1   Thumb Code    52  stm32f1xx_hal_msp.o(i.HAL_MspInit)
    HAL_NVIC_EnableIRQ                       0x0800220d   Thumb Code    26  stm32f1xx_hal_cortex.o(i.HAL_NVIC_EnableIRQ)
    HAL_NVIC_SetPriority                     0x08002229   Thumb Code    60  stm32f1xx_hal_cortex.o(i.HAL_NVIC_SetPriority)
    HAL_NVIC_SetPriorityGrouping             0x08002269   Thumb Code    26  stm32f1xx_hal_cortex.o(i.HAL_NVIC_SetPriorityGrouping)
    HAL_RCCEx_PeriphCLKConfig                0x0800228d   Thumb Code   224  stm32f1xx_hal_rcc_ex.o(i.HAL_RCCEx_PeriphCLKConfig)
    HAL_RCC_ClockConfig                      0x08002379   Thumb Code   280  stm32f1xx_hal_rcc.o(i.HAL_RCC_ClockConfig)
    HAL_RCC_GetPCLK1Freq                     0x080024a5   Thumb Code    20  stm32f1xx_hal_rcc.o(i.HAL_RCC_GetPCLK1Freq)
    HAL_RCC_GetPCLK2Freq                     0x080024c5   Thumb Code    20  stm32f1xx_hal_rcc.o(i.HAL_RCC_GetPCLK2Freq)
    HAL_RCC_GetSysClockFreq                  0x080024e5   Thumb Code    74  stm32f1xx_hal_rcc.o(i.HAL_RCC_GetSysClockFreq)
    HAL_RCC_OscConfig                        0x08002551   Thumb Code   778  stm32f1xx_hal_rcc.o(i.HAL_RCC_OscConfig)
    HAL_SPI_Init                             0x08002871   Thumb Code   178  stm32f1xx_hal_spi.o(i.HAL_SPI_Init)
    HAL_SPI_MspInit                          0x08002925   Thumb Code   200  stm32f1xx_hal_msp.o(i.HAL_SPI_MspInit)
    HAL_SPI_Transmit                         0x08002a09   Thumb Code   358  stm32f1xx_hal_spi.o(i.HAL_SPI_Transmit)
    HAL_SYSTICK_Config                       0x08002b6f   Thumb Code    40  stm32f1xx_hal_cortex.o(i.HAL_SYSTICK_Config)
    HAL_TIMEx_BreakCallback                  0x08002b97   Thumb Code     2  stm32f1xx_hal_tim_ex.o(i.HAL_TIMEx_BreakCallback)
    HAL_TIMEx_CommutCallback                 0x08002b99   Thumb Code     2  stm32f1xx_hal_tim_ex.o(i.HAL_TIMEx_CommutCallback)
    HAL_TIMEx_MasterConfigSynchronization    0x08002b9d   Thumb Code    92  stm32f1xx_hal_tim_ex.o(i.HAL_TIMEx_MasterConfigSynchronization)
    HAL_TIM_Base_Init                        0x08002c05   Thumb Code    90  stm32f1xx_hal_tim.o(i.HAL_TIM_Base_Init)
    HAL_TIM_Base_MspInit                     0x08002c61   Thumb Code    50  stm32f1xx_hal_msp.o(i.HAL_TIM_Base_MspInit)
    HAL_TIM_Base_Start_IT                    0x08002c9d   Thumb Code    76  stm32f1xx_hal_tim.o(i.HAL_TIM_Base_Start_IT)
    HAL_TIM_ConfigClockSource                0x08002cf5   Thumb Code   214  stm32f1xx_hal_tim.o(i.HAL_TIM_ConfigClockSource)
    HAL_TIM_IC_CaptureCallback               0x08002dcb   Thumb Code     2  stm32f1xx_hal_tim.o(i.HAL_TIM_IC_CaptureCallback)
    HAL_TIM_IRQHandler                       0x08002dcd   Thumb Code   358  stm32f1xx_hal_tim.o(i.HAL_TIM_IRQHandler)
    HAL_TIM_OC_DelayElapsedCallback          0x08002f33   Thumb Code     2  stm32f1xx_hal_tim.o(i.HAL_TIM_OC_DelayElapsedCallback)
    HAL_TIM_PWM_PulseFinishedCallback        0x08002f35   Thumb Code     2  stm32f1xx_hal_tim.o(i.HAL_TIM_PWM_PulseFinishedCallback)
    HAL_TIM_PeriodElapsedCallback            0x08002f39   Thumb Code    32  delay_timer4_tick.o(i.HAL_TIM_PeriodElapsedCallback)
    HAL_TIM_TriggerCallback                  0x08002f61   Thumb Code     2  stm32f1xx_hal_tim.o(i.HAL_TIM_TriggerCallback)
    HAL_UART_Init                            0x08002f63   Thumb Code    98  stm32f1xx_hal_uart.o(i.HAL_UART_Init)
    HAL_UART_MspInit                         0x08002fc5   Thumb Code   100  stm32f1xx_hal_msp.o(i.HAL_UART_MspInit)
    HardFault_Handler                        0x08003035   Thumb Code     2  stm32f1xx_it.o(i.HardFault_Handler)
    ILI9341_Draw_Char                        0x08003405   Thumb Code   182  ili9341_gfx.o(i.ILI9341_Draw_Char)
    ILI9341_Draw_Colour_Burst                0x080034c1   Thumb Code   150  ili9341_stm32_driver.o(i.ILI9341_Draw_Colour_Burst)
    ILI9341_Draw_Horizontal_Line             0x08003565   Thumb Code    66  ili9341_stm32_driver.o(i.ILI9341_Draw_Horizontal_Line)
    ILI9341_Draw_Pixel                       0x080035ad   Thumb Code   332  ili9341_stm32_driver.o(i.ILI9341_Draw_Pixel)
    ILI9341_Draw_Rectangle                   0x08003709   Thumb Code    90  ili9341_stm32_driver.o(i.ILI9341_Draw_Rectangle)
    ILI9341_Draw_Text                        0x08003769   Thumb Code    50  ili9341_gfx.o(i.ILI9341_Draw_Text)
    ILI9341_Draw_Vertical_Line               0x0800379d   Thumb Code    64  ili9341_stm32_driver.o(i.ILI9341_Draw_Vertical_Line)
    ILI9341_Enable                           0x080037e1   Thumb Code    10  ili9341_stm32_driver.o(i.ILI9341_Enable)
    ILI9341_Fill_Screen                      0x080037f1   Thumb Code    34  ili9341_stm32_driver.o(i.ILI9341_Fill_Screen)
    ILI9341_Init                             0x08003819   Thumb Code   536  ili9341_stm32_driver.o(i.ILI9341_Init)
    ILI9341_Reset                            0x08003a31   Thumb Code    54  ili9341_stm32_driver.o(i.ILI9341_Reset)
    ILI9341_SPI_Init                         0x08003a71   Thumb Code    10  ili9341_stm32_driver.o(i.ILI9341_SPI_Init)
    ILI9341_SPI_Send                         0x08003a81   Thumb Code    16  ili9341_stm32_driver.o(i.ILI9341_SPI_Send)
    ILI9341_Set_Address                      0x08003a95   Thumb Code    82  ili9341_stm32_driver.o(i.ILI9341_Set_Address)
    ILI9341_Set_Rotation                     0x08003ae9   Thumb Code    76  ili9341_stm32_driver.o(i.ILI9341_Set_Rotation)
    ILI9341_Write_Command                    0x08003b39   Thumb Code    46  ili9341_stm32_driver.o(i.ILI9341_Write_Command)
    ILI9341_Write_Data                       0x08003b71   Thumb Code    46  ili9341_stm32_driver.o(i.ILI9341_Write_Data)
    INA260_Config                            0x08003ba9   Thumb Code   360  ina260.o(i.INA260_Config)
    INA260_Current_Read                      0x08003d11   Thumb Code    58  ina260.o(i.INA260_Current_Read)
    INA260_Mask_Config                       0x08003d55   Thumb Code    96  ina260.o(i.INA260_Mask_Config)
    INA260_Read                              0x08003db9   Thumb Code    52  ina260.o(i.INA260_Read)
    INA260_Voltage_Read                      0x08003df1   Thumb Code    50  ina260.o(i.INA260_Voltage_Read)
    LCD_Draw_Pixel_Mem                       0x08003e61   Thumb Code    22  ili9341_gfx.o(i.LCD_Draw_Pixel_Mem)
    LCD_Draw_Text                            0x08003e79   Thumb Code   340  ili9341_gfx.o(i.LCD_Draw_Text)
    MCP4822_DAC_Write                        0x08003fe1   Thumb Code   134  mcp4822.o(i.MCP4822_DAC_Write)
    MemManage_Handler                        0x080042ad   Thumb Code     2  stm32f1xx_it.o(i.MemManage_Handler)
    Menu_Main                                0x080042b1   Thumb Code   202  main.o(i.Menu_Main)
    NMI_Handler                              0x08004381   Thumb Code     2  stm32f1xx_it.o(i.NMI_Handler)
    PID_VR2                                  0x08004385   Thumb Code   290  pid.o(i.PID_VR2)
    PendSV_Handler                           0x080044ad   Thumb Code     2  stm32f1xx_it.o(i.PendSV_Handler)
    SVC_Handler                              0x08004589   Thumb Code     2  stm32f1xx_it.o(i.SVC_Handler)
    SysTick_Handler                          0x0800458b   Thumb Code     4  stm32f1xx_it.o(i.SysTick_Handler)
    SystemClock_Config                       0x0800458f   Thumb Code    98  main.o(i.SystemClock_Config)
    SystemInit                               0x080045f1   Thumb Code     2  system_stm32f1xx.o(i.SystemInit)
    TIM4_IRQHandler                          0x080045f5   Thumb Code     6  stm32f1xx_it.o(i.TIM4_IRQHandler)
    TIM_Base_SetConfig                       0x08004601   Thumb Code    94  stm32f1xx_hal_tim.o(i.TIM_Base_SetConfig)
    TIM_ETR_SetConfig                        0x0800466d   Thumb Code    20  stm32f1xx_hal_tim.o(i.TIM_ETR_SetConfig)
    Tick_Timer_Init                          0x080046f9   Thumb Code    32  delay_timer4_tick.o(i.Tick_Timer_Init)
    Tick_Timer_Is_Over                       0x08004725   Thumb Code    68  delay_timer4_tick.o(i.Tick_Timer_Is_Over)
    UsageFault_Handler                       0x08004825   Thumb Code     2  stm32f1xx_it.o(i.UsageFault_Handler)
    __0sprintf                               0x08004829   Thumb Code    34  printfa.o(i.__0sprintf)
    __1sprintf                               0x08004829   Thumb Code     0  printfa.o(i.__0sprintf)
    __2sprintf                               0x08004829   Thumb Code     0  printfa.o(i.__0sprintf)
    __c89sprintf                             0x08004829   Thumb Code     0  printfa.o(i.__0sprintf)
    sprintf                                  0x08004829   Thumb Code     0  printfa.o(i.__0sprintf)
    __scatterload_copy                       0x08004871   Thumb Code    14  handlers.o(i.__scatterload_copy)
    __scatterload_null                       0x0800487f   Thumb Code     2  handlers.o(i.__scatterload_null)
    __scatterload_zeroinit                   0x08004881   Thumb Code    14  handlers.o(i.__scatterload_zeroinit)
    free                                     0x0800514d   Thumb Code    76  malloc.o(i.free)
    main                                     0x0800519d   Thumb Code   294  main.o(i.main)
    malloc                                   0x080052e5   Thumb Code    92  malloc.o(i.malloc)
    AHBPrescTable                            0x080073f8   Data          16  system_stm32f1xx.o(.constdata)
    APBPrescTable                            0x08007408   Data           8  system_stm32f1xx.o(.constdata)
    Region$$Table$$Base                      0x08007410   Number         0  anon$$obj.o(Region$$Table)
    Region$$Table$$Limit                     0x08007430   Number         0  anon$$obj.o(Region$$Table)
    check                                    0x20000000   Data           2  ina260.o(.data)
    TickCount_int8                           0x20000014   Data           1  encoder.o(.data)
    update                                   0x20000015   Data           1  encoder.o(.data)
    TickBt                                   0x20000016   Data           1  encoder.o(.data)
    step                                     0x20000017   Data           1  encoder.o(.data)
    TickCount                                0x20000018   Data           2  encoder.o(.data)
    LCD_HEIGHT                               0x2000001a   Data           2  ili9341_stm32_driver.o(.data)
    LCD_WIDTH                                0x2000001c   Data           2  ili9341_stm32_driver.o(.data)
    uwTickFreq                               0x20000084   Data           1  stm32f1xx_hal.o(.data)
    uwTickPrio                               0x20000088   Data           4  stm32f1xx_hal.o(.data)
    uwTick                                   0x2000008c   Data           4  stm32f1xx_hal.o(.data)
    SystemCoreClock                          0x20000090   Data           4  system_stm32f1xx.o(.data)
    __microlib_freelist                      0x20000094   Data           4  mvars.o(.data)
    __microlib_freelist_initialised          0x20000098   Data           4  mvars.o(.data)
    hadc1                                    0x200000cc   Data          48  main.o(.bss)
    hi2c1                                    0x200000fc   Data          84  main.o(.bss)
    hspi1                                    0x20000150   Data          88  main.o(.bss)
    hspi2                                    0x200001a8   Data          88  main.o(.bss)
    htim4                                    0x20000200   Data          72  main.o(.bss)
    huart1                                   0x20000248   Data          64  main.o(.bss)
    hdma_spi1_tx                             0x20000288   Data          68  main.o(.bss)
    __heap_base                              0x200002d0   Data           0  startup_stm32f103xb.o(HEAP)
    __heap_limit                             0x200029e0   Data           0  startup_stm32f103xb.o(HEAP)
    __initial_sp                             0x20002de0   Data           0  startup_stm32f103xb.o(STACK)



==============================================================================

Memory Map of the image

  Image Entry point : 0x080000ed

  Load Region LR_IROM1 (Base: 0x08000000, Size: 0x000074cc, Max: 0x00010000, ABSOLUTE)

    Execution Region ER_IROM1 (Exec base: 0x08000000, Load base: 0x08000000, Size: 0x00007430, Max: 0x00010000, ABSOLUTE)

    Exec Addr    Load Addr    Size         Type   Attr      Idx    E Section Name        Object

    0x08000000   0x08000000   0x000000ec   Data   RO            3    RESET               startup_stm32f103xb.o
    0x080000ec   0x080000ec   0x00000000   Code   RO         4247  * .ARM.Collect$$$$00000000  mc_w.l(entry.o)
    0x080000ec   0x080000ec   0x00000004   Code   RO         4604    .ARM.Collect$$$$00000001  mc_w.l(entry2.o)
    0x080000f0   0x080000f0   0x00000004   Code   RO         4607    .ARM.Collect$$$$00000004  mc_w.l(entry5.o)
    0x080000f4   0x080000f4   0x00000000   Code   RO         4609    .ARM.Collect$$$$00000008  mc_w.l(entry7b.o)
    0x080000f4   0x080000f4   0x00000000   Code   RO         4611    .ARM.Collect$$$$0000000A  mc_w.l(entry8b.o)
    0x080000f4   0x080000f4   0x00000008   Code   RO         4612    .ARM.Collect$$$$0000000B  mc_w.l(entry9a.o)
    0x080000fc   0x080000fc   0x00000000   Code   RO         4614    .ARM.Collect$$$$0000000D  mc_w.l(entry10a.o)
    0x080000fc   0x080000fc   0x00000000   Code   RO         4616    .ARM.Collect$$$$0000000F  mc_w.l(entry11a.o)
    0x080000fc   0x080000fc   0x00000004   Code   RO         4605    .ARM.Collect$$$$00002712  mc_w.l(entry2.o)
    0x08000100   0x08000100   0x00000024   Code   RO            4    .text               startup_stm32f103xb.o
    0x08000124   0x08000124   0x00000020   Code   RO         4250    .text               mc_w.l(llushr.o)
    0x08000144   0x08000144   0x00000024   Code   RO         4252    .text               mc_w.l(memseta.o)
    0x08000168   0x08000168   0x0000000e   Code   RO         4254    .text               mc_w.l(strlen.o)
    0x08000176   0x08000176   0x000000b0   Code   RO         4545    .text               mf_w.l(fadd.o)
    0x08000226   0x08000226   0x00000064   Code   RO         4547    .text               mf_w.l(fmul.o)
    0x0800028a   0x0800028a   0x0000007c   Code   RO         4549    .text               mf_w.l(fdiv.o)
    0x08000306   0x08000306   0x00000018   Code   RO         4551    .text               mf_w.l(fscalb.o)
    0x0800031e   0x0800031e   0x0000014e   Code   RO         4553    .text               mf_w.l(dadd.o)
    0x0800046c   0x0800046c   0x000000e4   Code   RO         4555    .text               mf_w.l(dmul.o)
    0x08000550   0x08000550   0x000000de   Code   RO         4557    .text               mf_w.l(ddiv.o)
    0x0800062e   0x0800062e   0x00000012   Code   RO         4559    .text               mf_w.l(fflti.o)
    0x08000640   0x08000640   0x0000000a   Code   RO         4561    .text               mf_w.l(ffltui.o)
    0x0800064a   0x0800064a   0x0000001a   Code   RO         4565    .text               mf_w.l(dfltui.o)
    0x08000664   0x08000664   0x00000028   Code   RO         4567    .text               mf_w.l(ffixui.o)
    0x0800068c   0x0800068c   0x00000026   Code   RO         4569    .text               mf_w.l(f2d.o)
    0x080006b2   0x080006b2   0x00000038   Code   RO         4571    .text               mf_w.l(d2f.o)
    0x080006ea   0x080006ea   0x00000002   PAD
    0x080006ec   0x080006ec   0x00000014   Code   RO         4573    .text               mf_w.l(cfcmple.o)
    0x08000700   0x08000700   0x00000014   Code   RO         4575    .text               mf_w.l(cfrcmple.o)
    0x08000714   0x08000714   0x0000002c   Code   RO         4619    .text               mc_w.l(uidiv.o)
    0x08000740   0x08000740   0x00000062   Code   RO         4621    .text               mc_w.l(uldiv.o)
    0x080007a2   0x080007a2   0x0000001e   Code   RO         4623    .text               mc_w.l(llshl.o)
    0x080007c0   0x080007c0   0x00000024   Code   RO         4625    .text               mc_w.l(llsshr.o)
    0x080007e4   0x080007e4   0x00000000   Code   RO         4640    .text               mc_w.l(iusefp.o)
    0x080007e4   0x080007e4   0x0000006e   Code   RO         4641    .text               mf_w.l(fepilogue.o)
    0x08000852   0x08000852   0x000000ba   Code   RO         4643    .text               mf_w.l(depilogue.o)
    0x0800090c   0x0800090c   0x00000030   Code   RO         4647    .text               mf_w.l(dfixul.o)
    0x0800093c   0x0800093c   0x00000030   Code   RO         4649    .text               mf_w.l(cdrcmple.o)
    0x0800096c   0x0800096c   0x00000024   Code   RO         4651    .text               mc_w.l(init.o)
    0x08000990   0x08000990   0x0000000c   Code   RO          681    i.ADC1_2_IRQHandler  stm32f1xx_it.o
    0x0800099c   0x0800099c   0x0000004c   Code   RO          908    i.ADC_ConversionStop_Disable  stm32f1xx_hal_adc.o
    0x080009e8   0x080009e8   0x00000002   Code   RO          682    i.BusFault_Handler  stm32f1xx_it.o
    0x080009ea   0x080009ea   0x00000002   PAD
    0x080009ec   0x080009ec   0x0000000c   Code   RO          683    i.DMA1_Channel3_IRQHandler  stm32f1xx_it.o
    0x080009f8   0x080009f8   0x00000002   Code   RO          684    i.DebugMon_Handler  stm32f1xx_it.o
    0x080009fa   0x080009fa   0x00000006   Code   RO          685    i.EXTI4_IRQHandler  stm32f1xx_it.o
    0x08000a00   0x08000a00   0x00000006   Code   RO          686    i.EXTI9_5_IRQHandler  stm32f1xx_it.o
    0x08000a06   0x08000a06   0x00000002   PAD
    0x08000a08   0x08000a08   0x0000002c   Code   RO          277    i.Encoder_C11_int8  encoder.o
    0x08000a34   0x08000a34   0x0000000c   Code   RO          278    i.Encorder_C11_Init  encoder.o
    0x08000a40   0x08000a40   0x00000002   Code   RO          556    i.Error_Handler     main.o
    0x08000a42   0x08000a42   0x00000002   PAD
    0x08000a44   0x08000a44   0x000001c8   Code   RO          557    i.Frame_Template    main.o
    0x08000c0c   0x08000c0c   0x00000414   Code   RO          558    i.Function_Aset     main.o
    0x08001020   0x08001020   0x0000040c   Code   RO          559    i.Function_Vset     main.o
    0x0800142c   0x0800142c   0x00000002   Code   RO         1090    i.HAL_ADCEx_InjectedConvCpltCallback  stm32f1xx_hal_adc_ex.o
    0x0800142e   0x0800142e   0x00000002   PAD
    0x08001430   0x08001430   0x000000fc   Code   RO          914    i.HAL_ADC_ConfigChannel  stm32f1xx_hal_adc.o
    0x0800152c   0x0800152c   0x00000002   Code   RO          560    i.HAL_ADC_ConvCpltCallback  main.o
    0x0800152e   0x0800152e   0x000000e6   Code   RO          922    i.HAL_ADC_IRQHandler  stm32f1xx_hal_adc.o
    0x08001614   0x08001614   0x0000011c   Code   RO          923    i.HAL_ADC_Init      stm32f1xx_hal_adc.o
    0x08001730   0x08001730   0x00000002   Code   RO          924    i.HAL_ADC_LevelOutOfWindowCallback  stm32f1xx_hal_adc.o
    0x08001732   0x08001732   0x00000002   PAD
    0x08001734   0x08001734   0x00000068   Code   RO          788    i.HAL_ADC_MspInit   stm32f1xx_hal_msp.o
    0x0800179c   0x0800179c   0x00000154   Code   RO         1568    i.HAL_DMA_IRQHandler  stm32f1xx_hal_dma.o
    0x080018f0   0x080018f0   0x0000005c   Code   RO         1569    i.HAL_DMA_Init      stm32f1xx_hal_dma.o
    0x0800194c   0x0800194c   0x00000024   Code   RO         1191    i.HAL_Delay         stm32f1xx_hal.o
    0x08001970   0x08001970   0x00000060   Code   RO          279    i.HAL_GPIO_EXTI_Callback  encoder.o
    0x080019d0   0x080019d0   0x00000018   Code   RO         1498    i.HAL_GPIO_EXTI_IRQHandler  stm32f1xx_hal_gpio.o
    0x080019e8   0x080019e8   0x000001e0   Code   RO         1499    i.HAL_GPIO_Init     stm32f1xx_hal_gpio.o
    0x08001bc8   0x08001bc8   0x0000000a   Code   RO         1501    i.HAL_GPIO_ReadPin  stm32f1xx_hal_gpio.o
    0x08001bd2   0x08001bd2   0x00000010   Code   RO         1502    i.HAL_GPIO_TogglePin  stm32f1xx_hal_gpio.o
    0x08001be2   0x08001be2   0x0000000a   Code   RO         1503    i.HAL_GPIO_WritePin  stm32f1xx_hal_gpio.o
    0x08001bec   0x08001bec   0x0000000c   Code   RO         1195    i.HAL_GetTick       stm32f1xx_hal.o
    0x08001bf8   0x08001bf8   0x00000188   Code   RO         2170    i.HAL_I2C_Init      stm32f1xx_hal_i2c.o
    0x08001d80   0x08001d80   0x00000250   Code   RO         2188    i.HAL_I2C_Mem_Read  stm32f1xx_hal_i2c.o
    0x08001fd0   0x08001fd0   0x00000130   Code   RO         2191    i.HAL_I2C_Mem_Write  stm32f1xx_hal_i2c.o
    0x08002100   0x08002100   0x0000005c   Code   RO          790    i.HAL_I2C_MspInit   stm32f1xx_hal_msp.o
    0x0800215c   0x0800215c   0x00000010   Code   RO         1201    i.HAL_IncTick       stm32f1xx_hal.o
    0x0800216c   0x0800216c   0x00000024   Code   RO         1202    i.HAL_Init          stm32f1xx_hal.o
    0x08002190   0x08002190   0x00000040   Code   RO         1203    i.HAL_InitTick      stm32f1xx_hal.o
    0x080021d0   0x080021d0   0x0000003c   Code   RO          791    i.HAL_MspInit       stm32f1xx_hal_msp.o
    0x0800220c   0x0800220c   0x0000001a   Code   RO         1659    i.HAL_NVIC_EnableIRQ  stm32f1xx_hal_cortex.o
    0x08002226   0x08002226   0x00000002   PAD
    0x08002228   0x08002228   0x00000040   Code   RO         1665    i.HAL_NVIC_SetPriority  stm32f1xx_hal_cortex.o
    0x08002268   0x08002268   0x00000024   Code   RO         1666    i.HAL_NVIC_SetPriorityGrouping  stm32f1xx_hal_cortex.o
    0x0800228c   0x0800228c   0x000000ec   Code   RO         1462    i.HAL_RCCEx_PeriphCLKConfig  stm32f1xx_hal_rcc_ex.o
    0x08002378   0x08002378   0x0000012c   Code   RO         1359    i.HAL_RCC_ClockConfig  stm32f1xx_hal_rcc.o
    0x080024a4   0x080024a4   0x00000020   Code   RO         1366    i.HAL_RCC_GetPCLK1Freq  stm32f1xx_hal_rcc.o
    0x080024c4   0x080024c4   0x00000020   Code   RO         1367    i.HAL_RCC_GetPCLK2Freq  stm32f1xx_hal_rcc.o
    0x080024e4   0x080024e4   0x0000006c   Code   RO         1368    i.HAL_RCC_GetSysClockFreq  stm32f1xx_hal_rcc.o
    0x08002550   0x08002550   0x00000320   Code   RO         1371    i.HAL_RCC_OscConfig  stm32f1xx_hal_rcc.o
    0x08002870   0x08002870   0x000000b2   Code   RO         2597    i.HAL_SPI_Init      stm32f1xx_hal_spi.o
    0x08002922   0x08002922   0x00000002   PAD
    0x08002924   0x08002924   0x000000e4   Code   RO          793    i.HAL_SPI_MspInit   stm32f1xx_hal_msp.o
    0x08002a08   0x08002a08   0x00000166   Code   RO         2605    i.HAL_SPI_Transmit  stm32f1xx_hal_spi.o
    0x08002b6e   0x08002b6e   0x00000028   Code   RO         1670    i.HAL_SYSTICK_Config  stm32f1xx_hal_cortex.o
    0x08002b96   0x08002b96   0x00000002   Code   RO         3614    i.HAL_TIMEx_BreakCallback  stm32f1xx_hal_tim_ex.o
    0x08002b98   0x08002b98   0x00000002   Code   RO         3615    i.HAL_TIMEx_CommutCallback  stm32f1xx_hal_tim_ex.o
    0x08002b9a   0x08002b9a   0x00000002   PAD
    0x08002b9c   0x08002b9c   0x00000068   Code   RO         3633    i.HAL_TIMEx_MasterConfigSynchronization  stm32f1xx_hal_tim_ex.o
    0x08002c04   0x08002c04   0x0000005a   Code   RO         2910    i.HAL_TIM_Base_Init  stm32f1xx_hal_tim.o
    0x08002c5e   0x08002c5e   0x00000002   PAD
    0x08002c60   0x08002c60   0x0000003c   Code   RO          795    i.HAL_TIM_Base_MspInit  stm32f1xx_hal_msp.o
    0x08002c9c   0x08002c9c   0x00000058   Code   RO         2915    i.HAL_TIM_Base_Start_IT  stm32f1xx_hal_tim.o
    0x08002cf4   0x08002cf4   0x000000d6   Code   RO         2919    i.HAL_TIM_ConfigClockSource  stm32f1xx_hal_tim.o
    0x08002dca   0x08002dca   0x00000002   Code   RO         2944    i.HAL_TIM_IC_CaptureCallback  stm32f1xx_hal_tim.o
    0x08002dcc   0x08002dcc   0x00000166   Code   RO         2958    i.HAL_TIM_IRQHandler  stm32f1xx_hal_tim.o
    0x08002f32   0x08002f32   0x00000002   Code   RO         2961    i.HAL_TIM_OC_DelayElapsedCallback  stm32f1xx_hal_tim.o
    0x08002f34   0x08002f34   0x00000002   Code   RO         2988    i.HAL_TIM_PWM_PulseFinishedCallback  stm32f1xx_hal_tim.o
    0x08002f36   0x08002f36   0x00000002   PAD
    0x08002f38   0x08002f38   0x00000028   Code   RO          223    i.HAL_TIM_PeriodElapsedCallback  delay_timer4_tick.o
    0x08002f60   0x08002f60   0x00000002   Code   RO         3001    i.HAL_TIM_TriggerCallback  stm32f1xx_hal_tim.o
    0x08002f62   0x08002f62   0x00000062   Code   RO         3906    i.HAL_UART_Init     stm32f1xx_hal_uart.o
    0x08002fc4   0x08002fc4   0x00000070   Code   RO          797    i.HAL_UART_MspInit  stm32f1xx_hal_msp.o
    0x08003034   0x08003034   0x00000002   Code   RO          687    i.HardFault_Handler  stm32f1xx_it.o
    0x08003036   0x08003036   0x0000002e   Code   RO         2212    i.I2C_IsAcknowledgeFailed  stm32f1xx_hal_i2c.o
    0x08003064   0x08003064   0x000000fc   Code   RO         2222    i.I2C_RequestMemoryRead  stm32f1xx_hal_i2c.o
    0x08003160   0x08003160   0x000000a8   Code   RO         2223    i.I2C_RequestMemoryWrite  stm32f1xx_hal_i2c.o
    0x08003208   0x08003208   0x0000004c   Code   RO         2226    i.I2C_WaitOnBTFFlagUntilTimeout  stm32f1xx_hal_i2c.o
    0x08003254   0x08003254   0x00000068   Code   RO         2227    i.I2C_WaitOnFlagUntilTimeout  stm32f1xx_hal_i2c.o
    0x080032bc   0x080032bc   0x00000096   Code   RO         2228    i.I2C_WaitOnMasterAddressFlagUntilTimeout  stm32f1xx_hal_i2c.o
    0x08003352   0x08003352   0x00000066   Code   RO         2229    i.I2C_WaitOnRXNEFlagUntilTimeout  stm32f1xx_hal_i2c.o
    0x080033b8   0x080033b8   0x0000004c   Code   RO         2230    i.I2C_WaitOnTXEFlagUntilTimeout  stm32f1xx_hal_i2c.o
    0x08003404   0x08003404   0x000000bc   Code   RO          329    i.ILI9341_Draw_Char  ili9341_gfx.o
    0x080034c0   0x080034c0   0x000000a4   Code   RO          416    i.ILI9341_Draw_Colour_Burst  ili9341_stm32_driver.o
    0x08003564   0x08003564   0x00000048   Code   RO          417    i.ILI9341_Draw_Horizontal_Line  ili9341_stm32_driver.o
    0x080035ac   0x080035ac   0x0000015c   Code   RO          418    i.ILI9341_Draw_Pixel  ili9341_stm32_driver.o
    0x08003708   0x08003708   0x00000060   Code   RO          419    i.ILI9341_Draw_Rectangle  ili9341_stm32_driver.o
    0x08003768   0x08003768   0x00000032   Code   RO          335    i.ILI9341_Draw_Text  ili9341_gfx.o
    0x0800379a   0x0800379a   0x00000002   PAD
    0x0800379c   0x0800379c   0x00000044   Code   RO          420    i.ILI9341_Draw_Vertical_Line  ili9341_stm32_driver.o
    0x080037e0   0x080037e0   0x00000010   Code   RO          421    i.ILI9341_Enable    ili9341_stm32_driver.o
    0x080037f0   0x080037f0   0x00000028   Code   RO          422    i.ILI9341_Fill_Screen  ili9341_stm32_driver.o
    0x08003818   0x08003818   0x00000218   Code   RO          423    i.ILI9341_Init      ili9341_stm32_driver.o
    0x08003a30   0x08003a30   0x00000040   Code   RO          424    i.ILI9341_Reset     ili9341_stm32_driver.o
    0x08003a70   0x08003a70   0x00000010   Code   RO          425    i.ILI9341_SPI_Init  ili9341_stm32_driver.o
    0x08003a80   0x08003a80   0x00000014   Code   RO          426    i.ILI9341_SPI_Send  ili9341_stm32_driver.o
    0x08003a94   0x08003a94   0x00000052   Code   RO          427    i.ILI9341_Set_Address  ili9341_stm32_driver.o
    0x08003ae6   0x08003ae6   0x00000002   PAD
    0x08003ae8   0x08003ae8   0x00000050   Code   RO          428    i.ILI9341_Set_Rotation  ili9341_stm32_driver.o
    0x08003b38   0x08003b38   0x00000038   Code   RO          429    i.ILI9341_Write_Command  ili9341_stm32_driver.o
    0x08003b70   0x08003b70   0x00000038   Code   RO          430    i.ILI9341_Write_Data  ili9341_stm32_driver.o
    0x08003ba8   0x08003ba8   0x00000168   Code   RO          141    i.INA260_Config     ina260.o
    0x08003d10   0x08003d10   0x00000044   Code   RO          142    i.INA260_Current_Read  ina260.o
    0x08003d54   0x08003d54   0x00000064   Code   RO          144    i.INA260_Mask_Config  ina260.o
    0x08003db8   0x08003db8   0x00000038   Code   RO          147    i.INA260_Read       ina260.o
    0x08003df0   0x08003df0   0x0000003c   Code   RO          148    i.INA260_Voltage_Read  ina260.o
    0x08003e2c   0x08003e2c   0x00000034   Code   RO          149    i.INA260_Write      ina260.o
    0x08003e60   0x08003e60   0x00000016   Code   RO          336    i.LCD_Draw_Pixel_Mem  ili9341_gfx.o
    0x08003e76   0x08003e76   0x00000002   PAD
    0x08003e78   0x08003e78   0x00000168   Code   RO          337    i.LCD_Draw_Text     ili9341_gfx.o
    0x08003fe0   0x08003fe0   0x00000090   Code   RO           13    i.MCP4822_DAC_Write  mcp4822.o
    0x08004070   0x08004070   0x00000040   Code   RO          561    i.MX_ADC1_Init      main.o
    0x080040b0   0x080040b0   0x00000138   Code   RO          562    i.MX_GPIO_Init      main.o
    0x080041e8   0x080041e8   0x00000038   Code   RO          563    i.MX_SPI1_Init      main.o
    0x08004220   0x08004220   0x00000038   Code   RO          564    i.MX_SPI2_Init      main.o
    0x08004258   0x08004258   0x00000054   Code   RO          565    i.MX_TIM4_Init      main.o
    0x080042ac   0x080042ac   0x00000002   Code   RO          688    i.MemManage_Handler  stm32f1xx_it.o
    0x080042ae   0x080042ae   0x00000002   PAD
    0x080042b0   0x080042b0   0x000000d0   Code   RO          566    i.Menu_Main         main.o
    0x08004380   0x08004380   0x00000002   Code   RO          689    i.NMI_Handler       stm32f1xx_it.o
    0x08004382   0x08004382   0x00000002   PAD
    0x08004384   0x08004384   0x00000128   Code   RO          528    i.PID_VR2           pid.o
    0x080044ac   0x080044ac   0x00000002   Code   RO          690    i.PendSV_Handler    stm32f1xx_it.o
    0x080044ae   0x080044ae   0x00000020   Code   RO         2635    i.SPI_EndRxTxTransaction  stm32f1xx_hal_spi.o
    0x080044ce   0x080044ce   0x00000002   PAD
    0x080044d0   0x080044d0   0x000000b8   Code   RO         2640    i.SPI_WaitFlagStateUntilTimeout  stm32f1xx_hal_spi.o
    0x08004588   0x08004588   0x00000002   Code   RO          691    i.SVC_Handler       stm32f1xx_it.o
    0x0800458a   0x0800458a   0x00000004   Code   RO          692    i.SysTick_Handler   stm32f1xx_it.o
    0x0800458e   0x0800458e   0x00000062   Code   RO          567    i.SystemClock_Config  main.o
    0x080045f0   0x080045f0   0x00000002   Code   RO         4203    i.SystemInit        system_stm32f1xx.o
    0x080045f2   0x080045f2   0x00000002   PAD
    0x080045f4   0x080045f4   0x0000000c   Code   RO          693    i.TIM4_IRQHandler   stm32f1xx_it.o
    0x08004600   0x08004600   0x0000006c   Code   RO         3003    i.TIM_Base_SetConfig  stm32f1xx_hal_tim.o
    0x0800466c   0x0800466c   0x00000014   Code   RO         3014    i.TIM_ETR_SetConfig  stm32f1xx_hal_tim.o
    0x08004680   0x08004680   0x00000010   Code   RO         3015    i.TIM_ITRx_SetConfig  stm32f1xx_hal_tim.o
    0x08004690   0x08004690   0x00000022   Code   RO         3021    i.TIM_TI1_ConfigInputStage  stm32f1xx_hal_tim.o
    0x080046b2   0x080046b2   0x00000024   Code   RO         3023    i.TIM_TI2_ConfigInputStage  stm32f1xx_hal_tim.o
    0x080046d6   0x080046d6   0x00000002   PAD
    0x080046d8   0x080046d8   0x00000020   Code   RO          224    i.Tick_Timer_Get    delay_timer4_tick.o
    0x080046f8   0x080046f8   0x0000002c   Code   RO          225    i.Tick_Timer_Init   delay_timer4_tick.o
    0x08004724   0x08004724   0x00000048   Code   RO          226    i.Tick_Timer_Is_Over  delay_timer4_tick.o
    0x0800476c   0x0800476c   0x000000b8   Code   RO         3932    i.UART_SetConfig    stm32f1xx_hal_uart.o
    0x08004824   0x08004824   0x00000002   Code   RO          694    i.UsageFault_Handler  stm32f1xx_it.o
    0x08004826   0x08004826   0x00000002   PAD
    0x08004828   0x08004828   0x00000028   Code   RO         4491    i.__0sprintf        mc_w.l(printfa.o)
    0x08004850   0x08004850   0x00000020   Code   RO         1672    i.__NVIC_SetPriority  stm32f1xx_hal_cortex.o
    0x08004870   0x08004870   0x0000000e   Code   RO         4659    i.__scatterload_copy  mc_w.l(handlers.o)
    0x0800487e   0x0800487e   0x00000002   Code   RO         4660    i.__scatterload_null  mc_w.l(handlers.o)
    0x08004880   0x08004880   0x0000000e   Code   RO         4661    i.__scatterload_zeroinit  mc_w.l(handlers.o)
    0x0800488e   0x0800488e   0x00000002   PAD
    0x08004890   0x08004890   0x00000184   Code   RO         4496    i._fp_digits        mc_w.l(printfa.o)
    0x08004a14   0x08004a14   0x000006dc   Code   RO         4497    i._printf_core      mc_w.l(printfa.o)
    0x080050f0   0x080050f0   0x00000024   Code   RO         4498    i._printf_post_padding  mc_w.l(printfa.o)
    0x08005114   0x08005114   0x0000002e   Code   RO         4499    i._printf_pre_padding  mc_w.l(printfa.o)
    0x08005142   0x08005142   0x0000000a   Code   RO         4501    i._sputc            mc_w.l(printfa.o)
    0x0800514c   0x0800514c   0x00000050   Code   RO         4517    i.free              mc_w.l(malloc.o)
    0x0800519c   0x0800519c   0x00000148   Code   RO          570    i.main              main.o
    0x080052e4   0x080052e4   0x0000006c   Code   RO         4518    i.malloc            mc_w.l(malloc.o)
    0x08005350   0x08005350   0x000020a8   Data   RO          338    .constdata          ili9341_gfx.o
    0x080073f8   0x080073f8   0x00000010   Data   RO         4204    .constdata          system_stm32f1xx.o
    0x08007408   0x08007408   0x00000008   Data   RO         4205    .constdata          system_stm32f1xx.o
    0x08007410   0x08007410   0x00000020   Data   RO         4657    Region$$Table       anon$$obj.o


    Execution Region RW_IRAM1 (Exec base: 0x20000000, Load base: 0x08007430, Size: 0x00002de0, Max: 0x00005000, ABSOLUTE)

    Exec Addr    Load Addr    Size         Type   Attr      Idx    E Section Name        Object

    0x20000000   0x08007430   0x00000002   Data   RW          150    .data               ina260.o
    0x20000002   0x08007432   0x00000002   PAD
    0x20000004   0x08007434   0x00000010   Data   RW          227    .data               delay_timer4_tick.o
    0x20000014   0x08007444   0x00000006   Data   RW          280    .data               encoder.o
    0x2000001a   0x0800744a   0x00000004   Data   RW          431    .data               ili9341_stm32_driver.o
    0x2000001e   0x0800744e   0x00000002   PAD
    0x20000020   0x08007450   0x00000020   Data   RW          529    .data               pid.o
    0x20000040   0x08007470   0x00000044   Data   RW          573    .data               main.o
    0x20000084   0x080074b4   0x0000000c   Data   RW         1209    .data               stm32f1xx_hal.o
    0x20000090   0x080074c0   0x00000004   Data   RW         4206    .data               system_stm32f1xx.o
    0x20000094   0x080074c4   0x00000004   Data   RW         4631    .data               mc_w.l(mvars.o)
    0x20000098   0x080074c8   0x00000004   Data   RW         4632    .data               mc_w.l(mvars.o)
    0x2000009c        -       0x000001ec   Zero   RW          571    .bss                main.o
    0x20000288        -       0x00000044   Zero   RW          572    .bss                main.o
    0x200002cc   0x080074cc   0x00000004   PAD
    0x200002d0        -       0x00002710   Zero   RW            2    HEAP                startup_stm32f103xb.o
    0x200029e0        -       0x00000400   Zero   RW            1    STACK               startup_stm32f103xb.o


==============================================================================

Image component sizes


      Code (inc. data)   RO Data    RW Data    ZI Data      Debug   Object Name

       188         32          0         16          0       3799   delay_timer4_tick.o
       152         20          0          6          0       2426   encoder.o
       620         26       8360          0          0       5619   ili9341_gfx.o
      1714        102          0          4          0      10313   ili9341_stm32_driver.o
       696         72          0          2          0       6491   ina260.o
      3746        318          0         68        560      11308   main.o
       144         10          0          0          0     460432   mcp4822.o
       296          6          0         32          0       1010   pid.o
        36          8        236          0      11024        780   startup_stm32f103xb.o
       164         28          0         12          0       5829   stm32f1xx_hal.o
       844         24          0          0          0       4560   stm32f1xx_hal_adc.o
         2          0          0          0          0       1133   stm32f1xx_hal_adc_ex.o
       198         14          0          0          0      28791   stm32f1xx_hal_cortex.o
       432         32          0          0          0       2044   stm32f1xx_hal_dma.o
       540         40          0          0          0       4707   stm32f1xx_hal_gpio.o
      2262         56          0          0          0      12578   stm32f1xx_hal_i2c.o
       656         82          0          0          0       4425   stm32f1xx_hal_msp.o
      1272        100          0          0          0       5168   stm32f1xx_hal_rcc.o
       236         12          0          0          0       1456   stm32f1xx_hal_rcc_ex.o
       752          4          0          0          0       4398   stm32f1xx_hal_spi.o
       972         26          0          0          0       9445   stm32f1xx_hal_tim.o
       108         12          0          0          0       2397   stm32f1xx_hal_tim_ex.o
       282          6          0          0          0       1960   stm32f1xx_hal_uart.o
        68         18          0          0          0       5711   stm32f1xx_it.o
         2          0         24          4          0       1171   system_stm32f1xx.o

    ----------------------------------------------------------------------
     16420       1048       8652        148      11588     597951   Object Totals
         0          0         32          0          0          0   (incl. Generated)
        38          0          0          4          4          0   (incl. Padding)

    ----------------------------------------------------------------------

      Code (inc. data)   RO Data    RW Data    ZI Data      Debug   Library Member Name

         0          0          0          0          0          0   entry.o
         0          0          0          0          0          0   entry10a.o
         0          0          0          0          0          0   entry11a.o
         8          4          0          0          0          0   entry2.o
         4          0          0          0          0          0   entry5.o
         0          0          0          0          0          0   entry7b.o
         0          0          0          0          0          0   entry8b.o
         8          4          0          0          0          0   entry9a.o
        30          0          0          0          0          0   handlers.o
        36          8          0          0          0         68   init.o
         0          0          0          0          0          0   iusefp.o
        30          0          0          0          0         68   llshl.o
        36          0          0          0          0         68   llsshr.o
        32          0          0          0          0         68   llushr.o
       188         20          0          0          0        160   malloc.o
        36          0          0          0          0        108   memseta.o
         0          0          0          8          0          0   mvars.o
      2276         86          0          0          0        520   printfa.o
        14          0          0          0          0         68   strlen.o
        44          0          0          0          0         80   uidiv.o
        98          0          0          0          0         92   uldiv.o
        48          0          0          0          0         68   cdrcmple.o
        20          0          0          0          0         68   cfcmple.o
        20          0          0          0          0         68   cfrcmple.o
        56          0          0          0          0         88   d2f.o
       334          0          0          0          0        148   dadd.o
       222          0          0          0          0        100   ddiv.o
       186          0          0          0          0        176   depilogue.o
        48          0          0          0          0         68   dfixul.o
        26          0          0          0          0         76   dfltui.o
       228          0          0          0          0         96   dmul.o
        38          0          0          0          0         68   f2d.o
       176          0          0          0          0        140   fadd.o
       124          0          0          0          0         88   fdiv.o
       110          0          0          0          0        168   fepilogue.o
        40          0          0          0          0         68   ffixui.o
        18          0          0          0          0         68   fflti.o
        10          0          0          0          0         68   ffltui.o
       100          0          0          0          0         76   fmul.o
        24          0          0          0          0         68   fscalb.o

    ----------------------------------------------------------------------
      4672        122          0          8          0       3068   Library Totals
         4          0          0          0          0          0   (incl. Padding)

    ----------------------------------------------------------------------

      Code (inc. data)   RO Data    RW Data    ZI Data      Debug   Library Name

      2840        122          0          8          0       1300   mc_w.l
      1828          0          0          0          0       1768   mf_w.l

    ----------------------------------------------------------------------
      4672        122          0          8          0       3068   Library Totals

    ----------------------------------------------------------------------

==============================================================================


      Code (inc. data)   RO Data    RW Data    ZI Data      Debug   

     21092       1170       8652        156      11588     592903   Grand Totals
     21092       1170       8652        156      11588     592903   ELF Image Totals
     21092       1170       8652        156          0          0   ROM Totals

==============================================================================

    Total RO  Size (Code + RO Data)                29744 (  29.05kB)
    Total RW  Size (RW Data + ZI Data)             11744 (  11.47kB)
    Total ROM Size (Code + RO Data + RW Data)      29900 (  29.20kB)

==============================================================================

